Archive member included to satisfy reference by file (symbol)

C:/ST/STM32CubeIDE_2.1.1/STM32CubeIDE/plugins/com.st.stm32cube.ide.mcu.externaltools.gnu-tools-for-stm32.14.3.rel1.win32_1.0.100.202602081740/tools/bin/../lib/gcc/arm-none-eabi/14.3.1/../../../../arm-none-eabi/lib/thumb/v7e-m+fp/hard\libc_nano.a(libc_a-exit.o)
                              C:/ST/STM32CubeIDE_2.1.1/STM32CubeIDE/plugins/com.st.stm32cube.ide.mcu.externaltools.gnu-tools-for-stm32.14.3.rel1.win32_1.0.100.202602081740/tools/bin/../lib/gcc/arm-none-eabi/14.3.1/../../../../arm-none-eabi/lib/thumb/v7e-m+fp/hard/crt0.o (exit)
C:/ST/STM32CubeIDE_2.1.1/STM32CubeIDE/plugins/com.st.stm32cube.ide.mcu.externaltools.gnu-tools-for-stm32.14.3.rel1.win32_1.0.100.202602081740/tools/bin/../lib/gcc/arm-none-eabi/14.3.1/../../../../arm-none-eabi/lib/thumb/v7e-m+fp/hard\libc_nano.a(libc_a-findfp.o)
                              C:/ST/STM32CubeIDE_2.1.1/STM32CubeIDE/plugins/com.st.stm32cube.ide.mcu.externaltools.gnu-tools-for-stm32.14.3.rel1.win32_1.0.100.202602081740/tools/bin/../lib/gcc/arm-none-eabi/14.3.1/../../../../arm-none-eabi/lib/thumb/v7e-m+fp/hard\libc_nano.a(libc_a-exit.o) (__stdio_exit_handler)
C:/ST/STM32CubeIDE_2.1.1/STM32CubeIDE/plugins/com.st.stm32cube.ide.mcu.externaltools.gnu-tools-for-stm32.14.3.rel1.win32_1.0.100.202602081740/tools/bin/../lib/gcc/arm-none-eabi/14.3.1/../../../../arm-none-eabi/lib/thumb/v7e-m+fp/hard\libc_nano.a(libc_a-fwalk.o)
                              C:/ST/STM32CubeIDE_2.1.1/STM32CubeIDE/plugins/com.st.stm32cube.ide.mcu.externaltools.gnu-tools-for-stm32.14.3.rel1.win32_1.0.100.202602081740/tools/bin/../lib/gcc/arm-none-eabi/14.3.1/../../../../arm-none-eabi/lib/thumb/v7e-m+fp/hard\libc_nano.a(libc_a-findfp.o) (_fwalk_sglue)
C:/ST/STM32CubeIDE_2.1.1/STM32CubeIDE/plugins/com.st.stm32cube.ide.mcu.externaltools.gnu-tools-for-stm32.14.3.rel1.win32_1.0.100.202602081740/tools/bin/../lib/gcc/arm-none-eabi/14.3.1/../../../../arm-none-eabi/lib/thumb/v7e-m+fp/hard\libc_nano.a(libc_a-stdio.o)
                              C:/ST/STM32CubeIDE_2.1.1/STM32CubeIDE/plugins/com.st.stm32cube.ide.mcu.externaltools.gnu-tools-for-stm32.14.3.rel1.win32_1.0.100.202602081740/tools/bin/../lib/gcc/arm-none-eabi/14.3.1/../../../../arm-none-eabi/lib/thumb/v7e-m+fp/hard\libc_nano.a(libc_a-findfp.o) (__sread)
C:/ST/STM32CubeIDE_2.1.1/STM32CubeIDE/plugins/com.st.stm32cube.ide.mcu.externaltools.gnu-tools-for-stm32.14.3.rel1.win32_1.0.100.202602081740/tools/bin/../lib/gcc/arm-none-eabi/14.3.1/../../../../arm-none-eabi/lib/thumb/v7e-m+fp/hard\libc_nano.a(libc_a-memset.o)
                              C:/ST/STM32CubeIDE_2.1.1/STM32CubeIDE/plugins/com.st.stm32cube.ide.mcu.externaltools.gnu-tools-for-stm32.14.3.rel1.win32_1.0.100.202602081740/tools/bin/../lib/gcc/arm-none-eabi/14.3.1/../../../../arm-none-eabi/lib/thumb/v7e-m+fp/hard/crt0.o (memset)
C:/ST/STM32CubeIDE_2.1.1/STM32CubeIDE/plugins/com.st.stm32cube.ide.mcu.externaltools.gnu-tools-for-stm32.14.3.rel1.win32_1.0.100.202602081740/tools/bin/../lib/gcc/arm-none-eabi/14.3.1/../../../../arm-none-eabi/lib/thumb/v7e-m+fp/hard\libc_nano.a(libc_a-closer.o)
                              C:/ST/STM32CubeIDE_2.1.1/STM32CubeIDE/plugins/com.st.stm32cube.ide.mcu.externaltools.gnu-tools-for-stm32.14.3.rel1.win32_1.0.100.202602081740/tools/bin/../lib/gcc/arm-none-eabi/14.3.1/../../../../arm-none-eabi/lib/thumb/v7e-m+fp/hard\libc_nano.a(libc_a-stdio.o) (_close_r)
C:/ST/STM32CubeIDE_2.1.1/STM32CubeIDE/plugins/com.st.stm32cube.ide.mcu.externaltools.gnu-tools-for-stm32.14.3.rel1.win32_1.0.100.202602081740/tools/bin/../lib/gcc/arm-none-eabi/14.3.1/../../../../arm-none-eabi/lib/thumb/v7e-m+fp/hard\libc_nano.a(libc_a-reent.o)
                              C:/ST/STM32CubeIDE_2.1.1/STM32CubeIDE/plugins/com.st.stm32cube.ide.mcu.externaltools.gnu-tools-for-stm32.14.3.rel1.win32_1.0.100.202602081740/tools/bin/../lib/gcc/arm-none-eabi/14.3.1/../../../../arm-none-eabi/lib/thumb/v7e-m+fp/hard\libc_nano.a(libc_a-closer.o) (errno)
C:/ST/STM32CubeIDE_2.1.1/STM32CubeIDE/plugins/com.st.stm32cube.ide.mcu.externaltools.gnu-tools-for-stm32.14.3.rel1.win32_1.0.100.202602081740/tools/bin/../lib/gcc/arm-none-eabi/14.3.1/../../../../arm-none-eabi/lib/thumb/v7e-m+fp/hard\libc_nano.a(libc_a-impure.o)
                              C:/ST/STM32CubeIDE_2.1.1/STM32CubeIDE/plugins/com.st.stm32cube.ide.mcu.externaltools.gnu-tools-for-stm32.14.3.rel1.win32_1.0.100.202602081740/tools/bin/../lib/gcc/arm-none-eabi/14.3.1/../../../../arm-none-eabi/lib/thumb/v7e-m+fp/hard\libc_nano.a(libc_a-reent.o) (_impure_ptr)
C:/ST/STM32CubeIDE_2.1.1/STM32CubeIDE/plugins/com.st.stm32cube.ide.mcu.externaltools.gnu-tools-for-stm32.14.3.rel1.win32_1.0.100.202602081740/tools/bin/../lib/gcc/arm-none-eabi/14.3.1/../../../../arm-none-eabi/lib/thumb/v7e-m+fp/hard\libc_nano.a(libc_a-lseekr.o)
[...]
Memory Configuration

Name             Origin             Length             Attributes
RAM              0x20000000         0x00020000         xrw
FLASH            0x08000000         0x00080000         xr
*default*        0x00000000         0xffffffff

Linker script and memory map

LOAD C:/ST/STM32CubeIDE_2.1.1/STM32CubeIDE/plugins/com.st.stm32cube.ide.mcu.externaltools.gnu-tools-for-stm32.14.3.rel1.win32_1.0.100.202602081740/tools/bin/../lib/gcc/arm-none-eabi/14.3.1/thumb/v7e-m+fp/hard/crti.o
LOAD C:/ST/STM32CubeIDE_2.1.1/STM32CubeIDE/plugins/com.st.stm32cube.ide.mcu.externaltools.gnu-tools-for-stm32.14.3.rel1.win32_1.0.100.202602081740/tools/bin/../lib/gcc/arm-none-eabi/14.3.1/thumb/v7e-m+fp/hard/crtbegin.o
LOAD C:/ST/STM32CubeIDE_2.1.1/STM32CubeIDE/plugins/com.st.stm32cube.ide.mcu.externaltools.gnu-tools-for-stm32.14.3.rel1.win32_1.0.100.202602081740/tools/bin/../lib/gcc/arm-none-eabi/14.3.1/../../../../arm-none-eabi/lib/thumb/v7e-m+fp/hard/crt0.o
LOAD ./Core/Src/App.o
LOAD ./Core/Src/Mode_Select.o
LOAD ./Core/Src/State_Machine.o
LOAD ./Core/Src/Stepper_Motion.o
LOAD ./Core/Src/TMC_Drivers.o
LOAD ./Core/Src/main.o
LOAD ./Core/Src/pressure_system.o
LOAD ./Core/Src/servo_system.o
LOAD ./Core/Src/stm32f4xx_hal_msp.o
LOAD ./Core/Src/stm32f4xx_it.o
LOAD ./Core/Src/syscalls.o
LOAD ./Core/Src/sysmem.o
LOAD ./Core/Src/system_stm32f4xx.o
LOAD ./Core/Startup/startup_stm32f411ceux.o
LOAD ./Drivers/STM32F4xx_HAL_Driver/Src/stm32f4xx_hal.o
LOAD ./Drivers/STM32F4xx_HAL_Driver/Src/stm32f4xx_hal_adc.o
LOAD ./Drivers/STM32F4xx_HAL_Driver/Src/stm32f4xx_hal_adc_ex.o
LOAD ./Drivers/STM32F4xx_HAL_Driver/Src/stm32f4xx_hal_cortex.o
LOAD ./Drivers/STM32F4xx_HAL_Driver/Src/stm32f4xx_hal_dma.o
LOAD ./Drivers/STM32F4xx_HAL_Driver/Src/stm32f4xx_hal_dma_ex.o
LOAD ./Drivers/STM32F4xx_HAL_Driver/Src/stm32f4xx_hal_exti.o
LOAD ./Drivers/STM32F4xx_HAL_Driver/Src/stm32f4xx_hal_flash.o
LOAD ./Drivers/STM32F4xx_HAL_Driver/Src/stm32f4xx_hal_flash_ex.o
LOAD ./Drivers/STM32F4xx_HAL_Driver/Src/stm32f4xx_hal_flash_ramfunc.o
LOAD ./Drivers/STM32F4xx_HAL_Driver/Src/stm32f4xx_hal_gpio.o
LOAD ./Drivers/STM32F4xx_HAL_Driver/Src/stm32f4xx_hal_i2s.o
LOAD ./Drivers/STM32F4xx_HAL_Driver/Src/stm32f4xx_hal_i2s_ex.o
LOAD ./Drivers/STM32F4xx_HAL_Driver/Src/stm32f4xx_hal_pcd.o
LOAD ./Drivers/STM32F4xx_HAL_Driver/Src/stm32f4xx_hal_pcd_ex.o
LOAD ./Drivers/STM32F4xx_HAL_Driver/Src/stm32f4xx_hal_pwr.o
LOAD ./Drivers/STM32F4xx_HAL_Driver/Src/stm32f4xx_hal_pwr_ex.o
LOAD ./Drivers/STM32F4xx_HAL_Driver/Src/stm32f4xx_hal_rcc.o
LOAD ./Drivers/STM32F4xx_HAL_Driver/Src/stm32f4xx_hal_rcc_ex.o
LOAD ./Drivers/STM32F4xx_HAL_Driver/Src/stm32f4xx_hal_spi.o
LOAD ./Drivers/STM32F4xx_HAL_Driver/Src/stm32f4xx_hal_tim.o
LOAD ./Drivers/STM32F4xx_HAL_Driver/Src/stm32f4xx_hal_tim_ex.o
LOAD ./Drivers/STM32F4xx_HAL_Driver/Src/stm32f4xx_hal_uart.o
LOAD ./Drivers/STM32F4xx_HAL_Driver/Src/stm32f4xx_ll_usb.o
LOAD ./Middlewares/ST/STM32_USB_Device_Library/Class/CDC/Src/usbd_cdc.o
LOAD ./Middlewares/ST/STM32_USB_Device_Library/Core/Src/usbd_core.o
LOAD ./Middlewares/ST/STM32_USB_Device_Library/Core/Src/usbd_ctlreq.o
LOAD ./Middlewares/ST/STM32_USB_Device_Library/Core/Src/usbd_ioreq.o
LOAD ./USB_DEVICE/App/usb_device.o
LOAD ./USB_DEVICE/App/usbd_cdc_if.o
LOAD ./USB_DEVICE/App/usbd_desc.o
LOAD ./USB_DEVICE/Target/usbd_conf.o
START GROUP
LOAD C:/ST/STM32CubeIDE_2.1.1/STM32CubeIDE/plugins/com.st.stm32cube.ide.mcu.externaltools.gnu-tools-for-stm32.14.3.rel1.win32_1.0.100.202602081740/tools/bin/../lib/gcc/arm-none-eabi/14.3.1/../../../../arm-none-eabi/lib/thumb/v7e-m+fp/hard\libc_nano.a
LOAD C:/ST/STM32CubeIDE_2.1.1/STM32CubeIDE/plugins/com.st.stm32cube.ide.mcu.externaltools.gnu-tools-for-stm32.14.3.rel1.win32_1.0.100.202602081740/tools/bin/../lib/gcc/arm-none-eabi/14.3.1/../../../../arm-none-eabi/lib/thumb/v7e-m+fp/hard\libm.a
END GROUP
START GROUP
LOAD C:/ST/STM32CubeIDE_2.1.1/STM32CubeIDE/plugins/com.st.stm32cube.ide.mcu.externaltools.gnu-tools-for-stm32.14.3.rel1.win32_1.0.100.202602081740/tools/bin/../lib/gcc/arm-none-eabi/14.3.1/thumb/v7e-m+fp/hard\libgcc.a
LOAD C:/ST/STM32CubeIDE_2.1.1/STM32CubeIDE/plugins/com.st.stm32cube.ide.mcu.externaltools.gnu-tools-for-stm32.14.3.rel1.win32_1.0.100.202602081740/tools/bin/../lib/gcc/arm-none-eabi/14.3.1/../../../../arm-none-eabi/lib/thumb/v7e-m+fp/hard\libc_nano.a
END GROUP
START GROUP
LOAD C:/ST/STM32CubeIDE_2.1.1/STM32CubeIDE/plugins/com.st.stm32cube.ide.mcu.externaltools.gnu-tools-for-stm32.14.3.rel1.win32_1.0.100.202602081740/tools/bin/../lib/gcc/arm-none-eabi/14.3.1/thumb/v7e-m+fp/hard\libgcc.a
LOAD C:/ST/STM32CubeIDE_2.1.1/STM32CubeIDE/plugins/com.st.stm32cube.ide.mcu.externaltools.gnu-tools-for-stm32.14.3.rel1.win32_1.0.100.202602081740/tools/bin/../lib/gcc/arm-none-eabi/14.3.1/../../../../arm-none-eabi/lib/thumb/v7e-m+fp/hard\libc_nano.a
LOAD C:/ST/STM32CubeIDE_2.1.1/STM32CubeIDE/plugins/com.st.stm32cube.ide.mcu.externaltools.gnu-tools-for-stm32.14.3.rel1.win32_1.0.100.202602081740/tools/bin/../lib/gcc/arm-none-eabi/14.3.1/../../../../arm-none-eabi/lib/thumb/v7e-m+fp/hard\libnosys.a
END GROUP
START GROUP
LOAD C:/ST/STM32CubeIDE_2.1.1/STM32CubeIDE/plugins/com.st.stm32cube.ide.mcu.externaltools.gnu-tools-for-stm32.14.3.rel1.win32_1.0.100.202602081740/tools/bin/../lib/gcc/arm-none-eabi/14.3.1/thumb/v7e-m+fp/hard\libgcc.a
LOAD C:/ST/STM32CubeIDE_2.1.1/STM32CubeIDE/plugins/com.st.stm32cube.ide.mcu.externaltools.gnu-tools-for-stm32.14.3.rel1.win32_1.0.100.202602081740/tools/bin/../lib/gcc/arm-none-eabi/14.3.1/../../../../arm-none-eabi/lib/thumb/v7e-m+fp/hard\libc_nano.a
LOAD C:/ST/STM32CubeIDE_2.1.1/STM32CubeIDE/plugins/com.st.stm32cube.ide.mcu.externaltools.gnu-tools-for-stm32.14.3.rel1.win32_1.0.100.202602081740/tools/bin/../lib/gcc/arm-none-eabi/14.3.1/../../../../arm-none-eabi/lib/thumb/v7e-m+fp/hard\libnosys.a
END GROUP
LOAD C:/ST/STM32CubeIDE_2.1.1/STM32CubeIDE/plugins/com.st.stm32cube.ide.mcu.externaltools.gnu-tools-for-stm32.14.3.rel1.win32_1.0.100.202602081740/tools/bin/../lib/gcc/arm-none-eabi/14.3.1/thumb/v7e-m+fp/hard/crtend.o
LOAD C:/ST/STM32CubeIDE_2.1.1/STM32CubeIDE/plugins/com.st.stm32cube.ide.mcu.externaltools.gnu-tools-for-stm32.14.3.rel1.win32_1.0.100.202602081740/tools/bin/../lib/gcc/arm-none-eabi/14.3.1/thumb/v7e-m+fp/hard/crtn.o
                0x20020000                        _estack = (ORIGIN (RAM) + LENGTH (RAM))
                0x00000200                        _Min_Heap_Size = 0x200
                0x00000400                        _Min_Stack_Size = 0x400

.isr_vector     0x08000000      0x198
                0x08000000                        . = ALIGN (0x4)
 *(.isr_vector)
 .isr_vector    0x08000000      0x198 ./Core/Startup/startup_stm32f411ceux.o
                0x08000000                g_pfnVectors
                0x08000198                        . = ALIGN (0x4)

.text           0x08000198     0xc2d8
                0x08000198                        . = ALIGN (0x4)
 *(.text)
 .text          0x08000198       0x40 C:/ST/STM32CubeIDE_2.1.1/STM32CubeIDE/plugins/com.st.stm32cube.ide.mcu.externaltools.gnu-tools-for-stm32.14.3.rel1.win32_1.0.100.202602081740/tools/bin/../lib/gcc/arm-none-eabi/14.3.1/thumb/v7e-m+fp/hard/crtbegin.o
 .text          0x080001d8       0x30 C:/ST/STM32CubeIDE_2.1.1/STM32CubeIDE/plugins/com.st.stm32cube.ide.mcu.externaltools.gnu-tools-for-stm32.14.3.rel1.win32_1.0.100.202602081740/tools/bin/../lib/gcc/arm-none-eabi/14.3.1/thumb/v7e-m+fp/hard\libgcc.a(_aeabi_uldivmod.o)
                0x080001d8                __aeabi_uldivmod
 .text          0x08000208      0x2f8 C:/ST/STM32CubeIDE_2.1.1/STM32CubeIDE/plugins/com.st.stm32cube.ide.mcu.externaltools.gnu-tools-for-stm32.14.3.rel1.win32_1.0.100.202602081740/tools/bin/../lib/gcc/arm-none-eabi/14.3.1/thumb/v7e-m+fp/hard\libgcc.a(_udivmoddi4.o)
                0x08000208                __udivmoddi4
 .text          0x08000500        0x4 C:/ST/STM32CubeIDE_2.1.1/STM32CubeIDE/plugins/com.st.stm32cube.ide.mcu.externaltools.gnu-tools-for-stm32.14.3.rel1.win32_1.0.100.202602081740/tools/bin/../lib/gcc/arm-none-eabi/14.3.1/thumb/v7e-m+fp/hard\libgcc.a(_dvmd_tls.o)
                0x08000500                __aeabi_idiv0
                0x08000500                __aeabi_ldiv0
 *(.text*)
 .text.App_Init
                0x08000504       0x30 ./Core/Src/App.o
                0x08000504                App_Init
 .text.App_Task
                0x08000534       0x24 ./Core/Src/App.o
                0x08000534                App_Task
 .text.Mode_Select_Init
                0x08000558       0x24 ./Core/Src/Mode_Select.o
                0x08000558                Mode_Select_Init
 .text.Mode_Select_Task
                0x0800057c       0x14 ./Core/Src/Mode_Select.o
                0x0800057c                Mode_Select_Task
 .text.Mode_Select_HasSelection
                0x08000590       0x18 ./Core/Src/Mode_Select.o
                0x08000590                Mode_Select_HasSelection
 .text.Mode_Select_GetSelectedMode
                0x080005a8       0x18 ./Core/Src/Mode_Select.o
                0x080005a8                Mode_Select_GetSelectedMode
 .text.Mode_Select_Reset
                0x080005c0       0x24 ./Core/Src/Mode_Select.o
                0x080005c0                Mode_Select_Reset
 .text.State_Machine_Init
                0x080005e4       0x4c ./Core/Src/State_Machine.o
                0x080005e4                State_Machine_Init
 .text.State_Machine_Task
                0x08000630      0x230 ./Core/Src/State_Machine.o
                0x08000630                State_Machine_Task
 .text.State_Machine_ClearFlags
                0x08000860       0x80 ./Core/Src/State_Machine.o
 .text.Hardware_Init_Request
                0x080008e0        0xc ./Core/Src/State_Machine.o
 .text.Stepper_Home_Request
                0x080008ec       0x22 ./Core/Src/State_Machine.o
 .text.Stepper_Stop_Request
                0x0800090e        0xc ./Core/Src/State_Machine.o
 *fill*         0x0800091a        0x2 
 .text.Servo_SetMuted_Request
                0x0800091c       0x2c ./Core/Src/State_Machine.o
 .text.Fan_Enable_Request
                0x08000948       0x74 ./Core/Src/State_Machine.o
 .text.Live_Harmonizer_Enable_Request
                0x080009bc       0x20 ./Core/Src/State_Machine.o
 .text.Song_Player_Enable_Request
                0x080009dc       0x34 ./Core/Src/State_Machine.o
 .text.Song_Player_Start_Request
                0x08000a10       0x20 ./Core/Src/State_Machine.o
 .text.Song_Player_IsDone_Request
                0x08000a30       0x10 ./Core/Src/State_Machine.o
 .text.Stepper_HomeSwitchTriggered
                0x08000a40       0x28 ./Core/Src/Stepper_Motion.o
 .text.Stepper_Init
                0x08000a68       0x50 ./Core/Src/Stepper_Motion.o
                0x08000a68                Stepper_Init
 .text.Stepper_ApplySafeProfile
                0x08000ab8       0x5c ./Core/Src/Stepper_Motion.o
                0x08000ab8                Stepper_ApplySafeProfile
 .text.Stepper_GetPositionSteps
                0x08000b14       0x24 ./Core/Src/Stepper_Motion.o
                0x08000b14                Stepper_GetPositionSteps
 .text.Stepper_Stop
                0x08000b38       0x26 ./Core/Src/Stepper_Motion.o
                0x08000b38                Stepper_Stop
 *fill*         0x08000b5e        0x2 
 .text.Stepper_Home
                0x08000b60      0x120 ./Core/Src/Stepper_Motion.o
                0x08000b60                Stepper_Home
 .text.TMC_ENN  0x08000c80       0x18 ./Core/Src/TMC_Drivers.o
                0x08000c80                TMC_ENN
 .text.TMC_DIS  0x08000c98       0x18 ./Core/Src/TMC_Drivers.o
                0x08000c98                TMC_DIS
 .text.TMC_Select
                0x08000cb0       0x18 ./Core/Src/TMC_Drivers.o
                0x08000cb0                TMC_Select
 .text.TMC_Deselect
                0x08000cc8       0x18 ./Core/Src/TMC_Drivers.o
                0x08000cc8                TMC_Deselect
 .text.TMC_Transfer40
                0x08000ce0       0x94 ./Core/Src/TMC_Drivers.o
                0x08000ce0                TMC_Transfer40
 .text.TMC_Write_Reg
                0x08000d74       0x28 ./Core/Src/TMC_Drivers.o
                0x08000d74                TMC_Write_Reg
 .text.TMC_Read_Reg
                0x08000d9c       0x3c ./Core/Src/TMC_Drivers.o
                0x08000d9c                TMC_Read_Reg
 .text.TMC_Default_Config
                0x08000dd8       0x78 ./Core/Src/TMC_Drivers.o
                0x08000dd8                TMC_Default_Config
 .text.TMC_Init_With_Config
                0x08000e50       0xf0 ./Core/Src/TMC_Drivers.o
                0x08000e50                TMC_Init_With_Config
 .text.TMC_Basic_Init
                0x08000f40       0x1e ./Core/Src/TMC_Drivers.o
                0x08000f40                TMC_Basic_Init
 .text.main     0x08000f5e       0x3a ./Core/Src/main.o
                0x08000f5e                main
 .text.SystemClock_Config
                0x08000f98       0xd0 ./Core/Src/main.o
                0x08000f98                SystemClock_Config
 .text.MX_ADC1_Init
                0x08001068       0xa4 ./Core/Src/main.o
 .text.MX_I2S2_Init
                0x0800110c       0x5c ./Core/Src/main.o
 .text.MX_SPI3_Init
                0x08001168       0x6c ./Core/Src/main.o
 .text.MX_TIM2_Init
                0x080011d4       0xec ./Core/Src/main.o
 .text.MX_TIM3_Init
                0x080012c0      0x134 ./Core/Src/main.o
 .text.MX_USART1_UART_Init
                0x080013f4       0x54 ./Core/Src/main.o
 .text.MX_DMA_Init
                0x08001448       0x40 ./Core/Src/main.o
 .text.MX_GPIO_Init
                0x08001488       0xe4 ./Core/Src/main.o
 .text.Error_Handler
                0x0800156c        0xc ./Core/Src/main.o
                0x0800156c                Error_Handler
 .text.PressureSystem_Init
                0x08001578      0x13c ./Core/Src/pressure_system.o
                0x08001578                PressureSystem_Init
 .text.PressureSystem_SetTarget
                0x080016b4       0x78 ./Core/Src/pressure_system.o
                0x080016b4                PressureSystem_SetTarget
 .text.PressureSystem_Stop
                0x0800172c       0x40 ./Core/Src/pressure_system.o
                0x0800172c                PressureSystem_Stop
 .text.PressureSystem_Update
                0x0800176c       0xd8 ./Core/Src/pressure_system.o
                0x0800176c                PressureSystem_Update
 .text.Pressure_RequestSample
                0x08001844       0xc0 ./Core/Src/pressure_system.o
 .text.PressureAdc_Update
                0x08001904       0x50 ./Core/Src/pressure_system.o
 .text.Pressure_ProcessCalibrationSample
                0x08001954       0xf0 ./Core/Src/pressure_system.o
 .text.Pressure_FinishCalibration
                0x08001a44      0x178 ./Core/Src/pressure_system.o
 .text.Pressure_ProcessSample
                0x08001bbc      0x1b8 ./Core/Src/pressure_system.o
 .text.PressureControl_Update
                0x08001d74      0x294 ./Core/Src/pressure_system.o
 .text.Fan_SetDutyPercent
                0x08002008       0xd0 ./Core/Src/pressure_system.o
 .text.HAL_ADC_ConvCpltCallback
                0x080020d8       0x4c ./Core/Src/pressure_system.o
                0x080020d8                HAL_ADC_ConvCpltCallback
 .text.HAL_ADC_ErrorCallback
                0x08002124       0x3c ./Core/Src/pressure_system.o
                0x08002124                HAL_ADC_ErrorCallback
 .text.PressureSystem_IsReady
                0x08002160       0x20 ./Core/Src/pressure_system.o
                0x08002160                PressureSystem_IsReady
 .text.PressureSystem_IsStable
                0x08002180       0x64 ./Core/Src/pressure_system.o
                0x08002180                PressureSystem_IsStable
 .text.ServoSystem_Init
                0x080021e4       0x44 ./Core/Src/servo_system.o
                0x080021e4                ServoSystem_Init
 .text.ServoSystem_Up
                0x08002228       0x1c ./Core/Src/servo_system.o
                0x08002228                ServoSystem_Up
 .text.ServoSystem_Down
                0x08002244       0x1c ./Core/Src/servo_system.o
                0x08002244                ServoSystem_Down
 .text.ServoSystem_SetPosition
                0x08002260       0xcc ./Core/Src/servo_system.o
                0x08002260                ServoSystem_SetPosition
 .text.HAL_MspInit
                0x0800232c       0x50 ./Core/Src/stm32f4xx_hal_msp.o
                0x0800232c                HAL_MspInit
 .text.HAL_ADC_MspInit
                0x0800237c       0x98 ./Core/Src/stm32f4xx_hal_msp.o
                0x0800237c                HAL_ADC_MspInit
 .text.HAL_I2S_MspInit
                0x08002414      0x174 ./Core/Src/stm32f4xx_hal_msp.o
                0x08002414                HAL_I2S_MspInit
 .text.HAL_SPI_MspInit
                0x08002588       0xb0 ./Core/Src/stm32f4xx_hal_msp.o
                0x08002588                HAL_SPI_MspInit
 .text.HAL_TIM_Base_MspInit
                0x08002638       0xb8 ./Core/Src/stm32f4xx_hal_msp.o
                0x08002638                HAL_TIM_Base_MspInit
 .text.HAL_TIM_MspPostInit
                0x080026f0       0xbc ./Core/Src/stm32f4xx_hal_msp.o
                0x080026f0                HAL_TIM_MspPostInit
 .text.HAL_UART_MspInit
                0x080027ac       0x90 ./Core/Src/stm32f4xx_hal_msp.o
                0x080027ac                HAL_UART_MspInit
 .text.NMI_Handler
                0x0800283c        0x8 ./Core/Src/stm32f4xx_it.o
                0x0800283c                NMI_Handler
 .text.HardFault_Handler
                0x08002844        0x8 ./Core/Src/stm32f4xx_it.o
                0x08002844                HardFault_Handler
 .text.MemManage_Handler
                0x0800284c        0x8 ./Core/Src/stm32f4xx_it.o
                0x0800284c                MemManage_Handler
 .text.BusFault_Handler
                0x08002854        0x8 ./Core/Src/stm32f4xx_it.o
                0x08002854                BusFault_Handler
 .text.UsageFault_Handler
                0x0800285c        0x8 ./Core/Src/stm32f4xx_it.o
                0x0800285c                UsageFault_Handler
 .text.SVC_Handler
                0x08002864        0xe ./Core/Src/stm32f4xx_it.o
                0x08002864                SVC_Handler
 .text.DebugMon_Handler
                0x08002872        0xe ./Core/Src/stm32f4xx_it.o
                0x08002872                DebugMon_Handler
 .text.PendSV_Handler
                0x08002880        0xe ./Core/Src/stm32f4xx_it.o
                0x08002880                PendSV_Handler
 .text.SysTick_Handler
                0x0800288e        0xc ./Core/Src/stm32f4xx_it.o
                0x0800288e                SysTick_Handler
 *fill*         0x0800289a        0x2 
 .text.DMA1_Stream3_IRQHandler
                0x0800289c       0x14 ./Core/Src/stm32f4xx_it.o
                0x0800289c                DMA1_Stream3_IRQHandler
 .text.ADC_IRQHandler
                0x080028b0       0x14 ./Core/Src/stm32f4xx_it.o
                0x080028b0                ADC_IRQHandler
 .text.OTG_FS_IRQHandler
                0x080028c4       0x14 ./Core/Src/stm32f4xx_it.o
                0x080028c4                OTG_FS_IRQHandler
 .text.SystemInit
                0x080028d8       0x24 ./Core/Src/system_stm32f4xx.o
                0x080028d8                SystemInit
 .text.Reset_Handler
                0x080028fc       0x50 ./Core/Startup/startup_stm32f411ceux.o
                0x080028fc                Reset_Handler
 .text.Default_Handler
                0x0800294c        0x2 ./Core/Startup/startup_stm32f411ceux.o
                0x0800294c                RTC_Alarm_IRQHandler
                0x0800294c                EXTI2_IRQHandler
                0x0800294c                SPI4_IRQHandler
                0x0800294c                TIM1_CC_IRQHandler
                0x0800294c                DMA2_Stream5_IRQHandler
                0x0800294c                DMA1_Stream5_IRQHandler
                0x0800294c                PVD_IRQHandler
                0x0800294c                SDIO_IRQHandler
                0x0800294c                TAMP_STAMP_IRQHandler
                0x0800294c                EXTI3_IRQHandler
                0x0800294c                TIM1_UP_TIM10_IRQHandler
                0x0800294c                I2C3_ER_IRQHandler
                0x0800294c                EXTI0_IRQHandler
                0x0800294c                I2C2_EV_IRQHandler
                0x0800294c                DMA1_Stream2_IRQHandler
                0x0800294c                FPU_IRQHandler
                0x0800294c                DMA2_Stream2_IRQHandler
                0x0800294c                SPI1_IRQHandler
                0x0800294c                TIM1_BRK_TIM9_IRQHandler
                0x0800294c                DMA2_Stream3_IRQHandler
                0x0800294c                USART6_IRQHandler
                0x0800294c                DMA2_Stream0_IRQHandler
                0x0800294c                TIM4_IRQHandler
                0x0800294c                I2C1_EV_IRQHandler
                0x0800294c                DMA1_Stream6_IRQHandler
                0x0800294c                DMA1_Stream1_IRQHandler
                0x0800294c                TIM3_IRQHandler
                0x0800294c                RCC_IRQHandler
                0x0800294c                Default_Handler
                0x0800294c                EXTI15_10_IRQHandler
                0x0800294c                DMA1_Stream7_IRQHandler
                0x0800294c                SPI5_IRQHandler
                0x0800294c                TIM5_IRQHandler
                0x0800294c                DMA2_Stream7_IRQHandler
                0x0800294c                I2C3_EV_IRQHandler
                0x0800294c                EXTI9_5_IRQHandler
                0x0800294c                RTC_WKUP_IRQHandler
                0x0800294c                SPI2_IRQHandler
                0x0800294c                DMA1_Stream0_IRQHandler
                0x0800294c                EXTI4_IRQHandler
                0x0800294c                WWDG_IRQHandler
                0x0800294c                TIM2_IRQHandler
                0x0800294c                OTG_FS_WKUP_IRQHandler
                0x0800294c                TIM1_TRG_COM_TIM11_IRQHandler
                0x0800294c                EXTI1_IRQHandler
                0x0800294c                USART2_IRQHandler
                0x0800294c                I2C2_ER_IRQHandler
                0x0800294c                DMA2_Stream1_IRQHandler
                0x0800294c                FLASH_IRQHandler
                0x0800294c                DMA2_Stream4_IRQHandler
                0x0800294c                USART1_IRQHandler
                0x0800294c                SPI3_IRQHandler
                0x0800294c                DMA1_Stream4_IRQHandler
                0x0800294c                I2C1_ER_IRQHandler
                0x0800294c                DMA2_Stream6_IRQHandler
 *fill*         0x0800294e        0x2 
 .text.HAL_Init
                0x08002950       0x44 ./Drivers/STM32F4xx_HAL_Driver/Src/stm32f4xx_hal.o
                0x08002950                HAL_Init
 .text.HAL_InitTick
                0x08002994       0x60 ./Drivers/STM32F4xx_HAL_Driver/Src/stm32f4xx_hal.o
                0x08002994                HAL_InitTick
 .text.HAL_IncTick
                0x080029f4       0x28 ./Drivers/STM32F4xx_HAL_Driver/Src/stm32f4xx_hal.o
                0x080029f4                HAL_IncTick
 .text.HAL_GetTick
                0x08002a1c       0x18 ./Drivers/STM32F4xx_HAL_Driver/Src/stm32f4xx_hal.o
                0x08002a1c                HAL_GetTick
 .text.HAL_Delay
                0x08002a34       0x48 ./Drivers/STM32F4xx_HAL_Driver/Src/stm32f4xx_hal.o
                0x08002a34                HAL_Delay
 .text.HAL_ADC_Init
                0x08002a7c       0x86 ./Drivers/STM32F4xx_HAL_Driver/Src/stm32f4xx_hal_adc.o
                0x08002a7c                HAL_ADC_Init
 *fill*         0x08002b02        0x2 
 .text.HAL_ADC_Start_IT
                0x08002b04      0x17c ./Drivers/STM32F4xx_HAL_Driver/Src/stm32f4xx_hal_adc.o
                0x08002b04                HAL_ADC_Start_IT
 .text.HAL_ADC_Stop_IT
                0x08002c80       0x7a ./Drivers/STM32F4xx_HAL_Driver/Src/stm32f4xx_hal_adc.o
                0x08002c80                HAL_ADC_Stop_IT
 .text.HAL_ADC_IRQHandler
                0x08002cfa      0x220 ./Drivers/STM32F4xx_HAL_Driver/Src/stm32f4xx_hal_adc.o
                0x08002cfa                HAL_ADC_IRQHandler
 .text.HAL_ADC_GetValue
                0x08002f1a       0x1a ./Drivers/STM32F4xx_HAL_Driver/Src/stm32f4xx_hal_adc.o
                0x08002f1a                HAL_ADC_GetValue
 .text.HAL_ADC_LevelOutOfWindowCallback
                0x08002f34       0x14 ./Drivers/STM32F4xx_HAL_Driver/Src/stm32f4xx_hal_adc.o
                0x08002f34                HAL_ADC_LevelOutOfWindowCallback
 .text.HAL_ADC_ConfigChannel
                0x08002f48      0x264 ./Drivers/STM32F4xx_HAL_Driver/Src/stm32f4xx_hal_adc.o
                0x08002f48                HAL_ADC_ConfigChannel
 .text.ADC_Init
                0x080031ac      0x1f8 ./Drivers/STM32F4xx_HAL_Driver/Src/stm32f4xx_hal_adc.o
 .text.HAL_ADCEx_InjectedConvCpltCallback
                0x080033a4       0x14 ./Drivers/STM32F4xx_HAL_Driver/Src/stm32f4xx_hal_adc_ex.o
                0x080033a4                HAL_ADCEx_InjectedConvCpltCallback
 .text.__NVIC_SetPriorityGrouping
                0x080033b8       0x48 ./Drivers/STM32F4xx_HAL_Driver/Src/stm32f4xx_hal_cortex.o
 .text.__NVIC_GetPriorityGrouping
                0x08003400       0x1c ./Drivers/STM32F4xx_HAL_Driver/Src/stm32f4xx_hal_cortex.o
 .text.__NVIC_EnableIRQ
                0x0800341c       0x3c ./Drivers/STM32F4xx_HAL_Driver/Src/stm32f4xx_hal_cortex.o
 .text.__NVIC_SetPriority
                0x08003458       0x54 ./Drivers/STM32F4xx_HAL_Driver/Src/stm32f4xx_hal_cortex.o
 .text.NVIC_EncodePriority
                0x080034ac       0x66 ./Drivers/STM32F4xx_HAL_Driver/Src/stm32f4xx_hal_cortex.o
 *fill*         0x08003512        0x2 
 .text.SysTick_Config
                0x08003514       0x44 ./Drivers/STM32F4xx_HAL_Driver/Src/stm32f4xx_hal_cortex.o
 .text.HAL_NVIC_SetPriorityGrouping
                0x08003558       0x16 ./Drivers/STM32F4xx_HAL_Driver/Src/stm32f4xx_hal_cortex.o
                0x08003558                HAL_NVIC_SetPriorityGrouping
 .text.HAL_NVIC_SetPriority
                0x0800356e       0x38 ./Drivers/STM32F4xx_HAL_Driver/Src/stm32f4xx_hal_cortex.o
                0x0800356e                HAL_NVIC_SetPriority
 .text.HAL_NVIC_EnableIRQ
                0x080035a6       0x1c ./Drivers/STM32F4xx_HAL_Driver/Src/stm32f4xx_hal_cortex.o
                0x080035a6                HAL_NVIC_EnableIRQ
 .text.HAL_SYSTICK_Config
                0x080035c2       0x18 ./Drivers/STM32F4xx_HAL_Driver/Src/stm32f4xx_hal_cortex.o
                0x080035c2                HAL_SYSTICK_Config
 *fill*         0x080035da        0x2 
 .text.HAL_DMA_Init
                0x080035dc      0x15c ./Drivers/STM32F4xx_HAL_Driver/Src/stm32f4xx_hal_dma.o
                0x080035dc                HAL_DMA_Init
 .text.HAL_DMA_IRQHandler
                0x08003738      0x314 ./Drivers/STM32F4xx_HAL_Driver/Src/stm32f4xx_hal_dma.o
                0x08003738                HAL_DMA_IRQHandler
 .text.DMA_CalcBaseAndBitshift
                0x08003a4c       0x6c ./Drivers/STM32F4xx_HAL_Driver/Src/stm32f4xx_hal_dma.o
 .text.DMA_CheckFifoParam
                0x08003ab8       0xf8 ./Drivers/STM32F4xx_HAL_Driver/Src/stm32f4xx_hal_dma.o
 .text.HAL_GPIO_Init
                0x08003bb0      0x308 ./Drivers/STM32F4xx_HAL_Driver/Src/stm32f4xx_hal_gpio.o
                0x08003bb0                HAL_GPIO_Init
 .text.HAL_GPIO_WritePin
                0x08003eb8       0x32 ./Drivers/STM32F4xx_HAL_Driver/Src/stm32f4xx_hal_gpio.o
                0x08003eb8                HAL_GPIO_WritePin
 *fill*         0x08003eea        0x2 
 .text.HAL_I2S_Init
                0x08003eec      0x280 ./Drivers/STM32F4xx_HAL_Driver/Src/stm32f4xx_hal_i2s.o
                0x08003eec                HAL_I2S_Init
 .text.HAL_I2S_TxCpltCallback
                0x0800416c       0x14 ./Drivers/STM32F4xx_HAL_Driver/Src/stm32f4xx_hal_i2s.o
                0x0800416c                HAL_I2S_TxCpltCallback
 .text.HAL_I2S_RxCpltCallback
                0x08004180       0x14 ./Drivers/STM32F4xx_HAL_Driver/Src/stm32f4xx_hal_i2s.o
                0x08004180                HAL_I2S_RxCpltCallback
 .text.HAL_I2S_ErrorCallback
                0x08004194       0x14 ./Drivers/STM32F4xx_HAL_Driver/Src/stm32f4xx_hal_i2s.o
                0x08004194                HAL_I2S_ErrorCallback
 .text.I2S_Transmit_IT
                0x080041a8       0x5c ./Drivers/STM32F4xx_HAL_Driver/Src/stm32f4xx_hal_i2s.o
 .text.I2S_Receive_IT
                0x08004204       0x5e ./Drivers/STM32F4xx_HAL_Driver/Src/stm32f4xx_hal_i2s.o
 .text.I2S_IRQHandler
                0x08004262      0x114 ./Drivers/STM32F4xx_HAL_Driver/Src/stm32f4xx_hal_i2s.o
 *fill*         0x08004376        0x2 
 .text.HAL_I2SEx_FullDuplex_IRQHandler
                0x08004378      0x2a8 ./Drivers/STM32F4xx_HAL_Driver/Src/stm32f4xx_hal_i2s_ex.o
                0x08004378                HAL_I2SEx_FullDuplex_IRQHandler
 .text.HAL_I2SEx_TxRxCpltCallback
                0x08004620       0x14 ./Drivers/STM32F4xx_HAL_Driver/Src/stm32f4xx_hal_i2s_ex.o
                0x08004620                HAL_I2SEx_TxRxCpltCallback
 .text.I2SEx_TxISR_I2S
                0x08004634       0x62 ./Drivers/STM32F4xx_HAL_Driver/Src/stm32f4xx_hal_i2s_ex.o
 *fill*         0x08004696        0x2 
 .text.I2SEx_TxISR_I2SExt
                0x08004698       0x98 ./Drivers/STM32F4xx_HAL_Driver/Src/stm32f4xx_hal_i2s_ex.o
 .text.I2SEx_RxISR_I2S
                0x08004730       0x64 ./Drivers/STM32F4xx_HAL_Driver/Src/stm32f4xx_hal_i2s_ex.o
 .text.I2SEx_RxISR_I2SExt
                0x08004794       0x98 ./Drivers/STM32F4xx_HAL_Driver/Src/stm32f4xx_hal_i2s_ex.o
 .text.HAL_PCD_Init
                0x0800482c      0x21e ./Drivers/STM32F4xx_HAL_Driver/Src/stm32f4xx_hal_pcd.o
                0x0800482c                HAL_PCD_Init
 .text.HAL_PCD_Start
                0x08004a4a       0x6a ./Drivers/STM32F4xx_HAL_Driver/Src/stm32f4xx_hal_pcd.o
                0x08004a4a                HAL_PCD_Start
 .text.HAL_PCD_IRQHandler
                0x08004ab4      0x942 ./Drivers/STM32F4xx_HAL_Driver/Src/stm32f4xx_hal_pcd.o
                0x08004ab4                HAL_PCD_IRQHandler
 .text.HAL_PCD_SetAddress
                0x080053f6       0x48 ./Drivers/STM32F4xx_HAL_Driver/Src/stm32f4xx_hal_pcd.o
                0x080053f6                HAL_PCD_SetAddress
 .text.HAL_PCD_EP_Open
                0x0800543e       0xd4 ./Drivers/STM32F4xx_HAL_Driver/Src/stm32f4xx_hal_pcd.o
                0x0800543e                HAL_PCD_EP_Open
 .text.HAL_PCD_EP_Close
                0x08005512       0x94 ./Drivers/STM32F4xx_HAL_Driver/Src/stm32f4xx_hal_pcd.o
                0x08005512                HAL_PCD_EP_Close
 .text.HAL_PCD_EP_Receive
                0x080055a6       0x76 ./Drivers/STM32F4xx_HAL_Driver/Src/stm32f4xx_hal_pcd.o
                0x080055a6                HAL_PCD_EP_Receive
 .text.HAL_PCD_EP_GetRxCount
                0x0800561c       0x30 ./Drivers/STM32F4xx_HAL_Driver/Src/stm32f4xx_hal_pcd.o
                0x0800561c                HAL_PCD_EP_GetRxCount
 .text.HAL_PCD_EP_Transmit
                0x0800564c       0x74 ./Drivers/STM32F4xx_HAL_Driver/Src/stm32f4xx_hal_pcd.o
                0x0800564c                HAL_PCD_EP_Transmit
 .text.HAL_PCD_EP_SetStall
                0x080056c0       0xc6 ./Drivers/STM32F4xx_HAL_Driver/Src/stm32f4xx_hal_pcd.o
                0x080056c0                HAL_PCD_EP_SetStall
 .text.HAL_PCD_EP_ClrStall
                0x08005786       0xac ./Drivers/STM32F4xx_HAL_Driver/Src/stm32f4xx_hal_pcd.o
                0x08005786                HAL_PCD_EP_ClrStall
 .text.HAL_PCD_EP_Abort
                0x08005832       0x62 ./Drivers/STM32F4xx_HAL_Driver/Src/stm32f4xx_hal_pcd.o
                0x08005832                HAL_PCD_EP_Abort
 .text.PCD_WriteEmptyTxFifo
                0x08005894      0x118 ./Drivers/STM32F4xx_HAL_Driver/Src/stm32f4xx_hal_pcd.o
 .text.PCD_EP_OutXfrComplete_int
                0x080059ac      0x1d0 ./Drivers/STM32F4xx_HAL_Driver/Src/stm32f4xx_hal_pcd.o
 .text.PCD_EP_OutSetupPacket_int
                0x08005b7c       0x8c ./Drivers/STM32F4xx_HAL_Driver/Src/stm32f4xx_hal_pcd.o
 .text.HAL_PCDEx_SetTxFiFo
                0x08005c08       0x8e ./Drivers/STM32F4xx_HAL_Driver/Src/stm32f4xx_hal_pcd_ex.o
                0x08005c08                HAL_PCDEx_SetTxFiFo
 .text.HAL_PCDEx_SetRxFiFo
                0x08005c96       0x22 ./Drivers/STM32F4xx_HAL_Driver/Src/stm32f4xx_hal_pcd_ex.o
                0x08005c96                HAL_PCDEx_SetRxFiFo
 .text.HAL_PCDEx_LPM_Callback
                0x08005cb8       0x18 ./Drivers/STM32F4xx_HAL_Driver/Src/stm32f4xx_hal_pcd_ex.o
                0x08005cb8                HAL_PCDEx_LPM_Callback
 .text.HAL_RCC_OscConfig
                0x08005cd0      0x4f0 ./Drivers/STM32F4xx_HAL_Driver/Src/stm32f4xx_hal_rcc.o
                0x08005cd0                HAL_RCC_OscConfig
 .text.HAL_RCC_ClockConfig
                0x080061c0      0x1cc ./Drivers/STM32F4xx_HAL_Driver/Src/stm32f4xx_hal_rcc.o
                0x080061c0                HAL_RCC_ClockConfig
 .text.HAL_RCC_GetSysClockFreq
                0x0800638c      0x188 ./Drivers/STM32F4xx_HAL_Driver/Src/stm32f4xx_hal_rcc.o
                0x0800638c                HAL_RCC_GetSysClockFreq
 .text.HAL_RCC_GetHCLKFreq
                0x08006514       0x18 ./Drivers/STM32F4xx_HAL_Driver/Src/stm32f4xx_hal_rcc.o
                0x08006514                HAL_RCC_GetHCLKFreq
 .text.HAL_RCC_GetPCLK1Freq
                0x0800652c       0x28 ./Drivers/STM32F4xx_HAL_Driver/Src/stm32f4xx_hal_rcc.o
                0x0800652c                HAL_RCC_GetPCLK1Freq
 .text.HAL_RCC_GetPCLK2Freq
                0x08006554       0x28 ./Drivers/STM32F4xx_HAL_Driver/Src/stm32f4xx_hal_rcc.o
                0x08006554                HAL_RCC_GetPCLK2Freq
 .text.HAL_RCCEx_PeriphCLKConfig
                0x0800657c      0x1e0 ./Drivers/STM32F4xx_HAL_Driver/Src/stm32f4xx_hal_rcc_ex.o
                0x0800657c                HAL_RCCEx_PeriphCLKConfig
 .text.HAL_RCCEx_GetPeriphCLKFreq
                0x0800675c       0xc4 ./Drivers/STM32F4xx_HAL_Driver/Src/stm32f4xx_hal_rcc_ex.o
                0x0800675c                HAL_RCCEx_GetPeriphCLKFreq
 .text.HAL_SPI_Init
                0x08006820      0x112 ./Drivers/STM32F4xx_HAL_Driver/Src/stm32f4xx_hal_spi.o
                0x08006820                HAL_SPI_Init
 .text.HAL_SPI_TransmitReceive
                0x08006932      0x352 ./Drivers/STM32F4xx_HAL_Driver/Src/stm32f4xx_hal_spi.o
                0x08006932                HAL_SPI_TransmitReceive
 .text.SPI_WaitFlagStateUntilTimeout
                0x08006c84      0x110 ./Drivers/STM32F4xx_HAL_Driver/Src/stm32f4xx_hal_spi.o
 .text.SPI_EndRxTxTransaction
                0x08006d94       0xa8 ./Drivers/STM32F4xx_HAL_Driver/Src/stm32f4xx_hal_spi.o
 .text.HAL_TIM_Base_Init
                0x08006e3c       0x9e ./Drivers/STM32F4xx_HAL_Driver/Src/stm32f4xx_hal_tim.o
                0x08006e3c                HAL_TIM_Base_Init
 .text.HAL_TIM_PWM_Init
                0x08006eda       0x9e ./Drivers/STM32F4xx_HAL_Driver/Src/stm32f4xx_hal_tim.o
                0x08006eda                HAL_TIM_PWM_Init
 .text.HAL_TIM_PWM_MspInit
                0x08006f78       0x14 ./Drivers/STM32F4xx_HAL_Driver/Src/stm32f4xx_hal_tim.o
                0x08006f78                HAL_TIM_PWM_MspInit
 .text.HAL_TIM_PWM_Start
                0x08006f8c      0x160 ./Drivers/STM32F4xx_HAL_Driver/Src/stm32f4xx_hal_tim.o
                0x08006f8c                HAL_TIM_PWM_Start
 .text.HAL_TIM_IC_Init
                0x080070ec       0x9e ./Drivers/STM32F4xx_HAL_Driver/Src/stm32f4xx_hal_tim.o
                0x080070ec                HAL_TIM_IC_Init
 .text.HAL_TIM_IC_MspInit
                0x0800718a       0x14 ./Drivers/STM32F4xx_HAL_Driver/Src/stm32f4xx_hal_tim.o
                0x0800718a                HAL_TIM_IC_MspInit
 .text.HAL_TIM_IC_ConfigChannel
                0x0800719e      0x138 ./Drivers/STM32F4xx_HAL_Driver/Src/stm32f4xx_hal_tim.o
                0x0800719e                HAL_TIM_IC_ConfigChannel
 *fill*         0x080072d6        0x2 
 .text.HAL_TIM_PWM_ConfigChannel
                0x080072d8      0x184 ./Drivers/STM32F4xx_HAL_Driver/Src/stm32f4xx_hal_tim.o
                0x080072d8                HAL_TIM_PWM_ConfigChannel
 .text.HAL_TIM_ConfigClockSource
                0x0800745c      0x18e ./Drivers/STM32F4xx_HAL_Driver/Src/stm32f4xx_hal_tim.o
                0x0800745c                HAL_TIM_ConfigClockSource
 *fill*         0x080075ea        0x2 
 .text.TIM_Base_SetConfig
                0x080075ec      0x10c ./Drivers/STM32F4xx_HAL_Driver/Src/stm32f4xx_hal_tim.o
                0x080075ec                TIM_Base_SetConfig
 .text.TIM_OC1_SetConfig
                0x080076f8       0xcc ./Drivers/STM32F4xx_HAL_Driver/Src/stm32f4xx_hal_tim.o
 .text.TIM_OC2_SetConfig
                0x080077c4       0xd8 ./Drivers/STM32F4xx_HAL_Driver/Src/stm32f4xx_hal_tim.o
                0x080077c4                TIM_OC2_SetConfig
 .text.TIM_OC3_SetConfig
                0x0800789c       0xd4 ./Drivers/STM32F4xx_HAL_Driver/Src/stm32f4xx_hal_tim.o
 .text.TIM_OC4_SetConfig
                0x08007970       0xa0 ./Drivers/STM32F4xx_HAL_Driver/Src/stm32f4xx_hal_tim.o
 .text.TIM_TI1_SetConfig
                0x08007a10       0xd0 ./Drivers/STM32F4xx_HAL_Driver/Src/stm32f4xx_hal_tim.o
                0x08007a10                TIM_TI1_SetConfig
 .text.TIM_TI1_ConfigInputStage
                0x08007ae0       0x5e ./Drivers/STM32F4xx_HAL_Driver/Src/stm32f4xx_hal_tim.o
 .text.TIM_TI2_SetConfig
                0x08007b3e       0x7a ./Drivers/STM32F4xx_HAL_Driver/Src/stm32f4xx_hal_tim.o
 .text.TIM_TI2_ConfigInputStage
                0x08007bb8       0x60 ./Drivers/STM32F4xx_HAL_Driver/Src/stm32f4xx_hal_tim.o
 .text.TIM_TI3_SetConfig
                0x08007c18       0x78 ./Drivers/STM32F4xx_HAL_Driver/Src/stm32f4xx_hal_tim.o
 .text.TIM_TI4_SetConfig
                0x08007c90       0x7a ./Drivers/STM32F4xx_HAL_Driver/Src/stm32f4xx_hal_tim.o
 .text.TIM_ITRx_SetConfig
                0x08007d0a       0x36 ./Drivers/STM32F4xx_HAL_Driver/Src/stm32f4xx_hal_tim.o
 .text.TIM_ETR_SetConfig
                0x08007d40       0x40 ./Drivers/STM32F4xx_HAL_Driver/Src/stm32f4xx_hal_tim.o
                0x08007d40                TIM_ETR_SetConfig
 .text.TIM_CCxChannelCmd
                0x08007d80       0x4a ./Drivers/STM32F4xx_HAL_Driver/Src/stm32f4xx_hal_tim.o
                0x08007d80                TIM_CCxChannelCmd
 *fill*         0x08007dca        0x2 
 .text.HAL_TIMEx_MasterConfigSynchronization
                0x08007dcc       0xdc ./Drivers/STM32F4xx_HAL_Driver/Src/stm32f4xx_hal_tim_ex.o
                0x08007dcc                HAL_TIMEx_MasterConfigSynchronization
 .text.HAL_UART_Init
                0x08007ea8       0xa0 ./Drivers/STM32F4xx_HAL_Driver/Src/stm32f4xx_hal_uart.o
                0x08007ea8                HAL_UART_Init
 .text.UART_SetConfig
                0x08007f48      0x4e8 ./Drivers/STM32F4xx_HAL_Driver/Src/stm32f4xx_hal_uart.o
 .text.USB_CoreInit
                0x08008430       0xc8 ./Drivers/STM32F4xx_HAL_Driver/Src/stm32f4xx_ll_usb.o
                0x08008430                USB_CoreInit
 .text.USB_SetTurnaroundTime
                0x080084f8      0x144 ./Drivers/STM32F4xx_HAL_Driver/Src/stm32f4xx_ll_usb.o
                0x080084f8                USB_SetTurnaroundTime
 .text.USB_EnableGlobalInt
                0x0800863c       0x22 ./Drivers/STM32F4xx_HAL_Driver/Src/stm32f4xx_ll_usb.o
                0x0800863c                USB_EnableGlobalInt
 .text.USB_DisableGlobalInt
                0x0800865e       0x22 ./Drivers/STM32F4xx_HAL_Driver/Src/stm32f4xx_ll_usb.o
                0x0800865e                USB_DisableGlobalInt
 .text.USB_SetCurrentMode
                0x08008680       0x98 ./Drivers/STM32F4xx_HAL_Driver/Src/stm32f4xx_ll_usb.o
                0x08008680                USB_SetCurrentMode
 .text.USB_DevInit
                0x08008718      0x2c8 ./Drivers/STM32F4xx_HAL_Driver/Src/stm32f4xx_ll_usb.o
                0x08008718                USB_DevInit
 .text.USB_FlushTxFifo
                0x080089e0       0x64 ./Drivers/STM32F4xx_HAL_Driver/Src/stm32f4xx_ll_usb.o
                0x080089e0                USB_FlushTxFifo
 .text.USB_FlushRxFifo
                0x08008a44       0x5c ./Drivers/STM32F4xx_HAL_Driver/Src/stm32f4xx_ll_usb.o
                0x08008a44                USB_FlushRxFifo
 .text.USB_SetDevSpeed
                0x08008aa0       0x32 ./Drivers/STM32F4xx_HAL_Driver/Src/stm32f4xx_ll_usb.o
                0x08008aa0                USB_SetDevSpeed
 .text.USB_GetDevSpeed
                0x08008ad2       0x4a ./Drivers/STM32F4xx_HAL_Driver/Src/stm32f4xx_ll_usb.o
                0x08008ad2                USB_GetDevSpeed
 .text.USB_ActivateEndpoint
                0x08008b1c      0x10e ./Drivers/STM32F4xx_HAL_Driver/Src/stm32f4xx_ll_usb.o
                0x08008b1c                USB_ActivateEndpoint
 *fill*         0x08008c2a        0x2 
 .text.USB_DeactivateEndpoint
                0x08008c2c      0x1b8 ./Drivers/STM32F4xx_HAL_Driver/Src/stm32f4xx_ll_usb.o
                0x08008c2c                USB_DeactivateEndpoint
 .text.USB_EPStartXfer
                0x08008de4      0x53c ./Drivers/STM32F4xx_HAL_Driver/Src/stm32f4xx_ll_usb.o
                0x08008de4                USB_EPStartXfer
 .text.USB_EPStopXfer
                0x08009320      0x154 ./Drivers/STM32F4xx_HAL_Driver/Src/stm32f4xx_ll_usb.o
                0x08009320                USB_EPStopXfer
 .text.USB_WritePacket
                0x08009474       0x7c ./Drivers/STM32F4xx_HAL_Driver/Src/stm32f4xx_ll_usb.o
                0x08009474                USB_WritePacket
 .text.USB_ReadPacket
                0x080094f0       0xb0 ./Drivers/STM32F4xx_HAL_Driver/Src/stm32f4xx_ll_usb.o
                0x080094f0                USB_ReadPacket
 .text.USB_EPSetStall
                0x080095a0       0xdc ./Drivers/STM32F4xx_HAL_Driver/Src/stm32f4xx_ll_usb.o
                0x080095a0                USB_EPSetStall
 .text.USB_EPClearStall
                0x0800967c       0xcc ./Drivers/STM32F4xx_HAL_Driver/Src/stm32f4xx_ll_usb.o
                0x0800967c                USB_EPClearStall
 .text.USB_SetDevAddress
                0x08009748       0x4c ./Drivers/STM32F4xx_HAL_Driver/Src/stm32f4xx_ll_usb.o
                0x08009748                USB_SetDevAddress
 .text.USB_DevConnect
                0x08009794       0x42 ./Drivers/STM32F4xx_HAL_Driver/Src/stm32f4xx_ll_usb.o
                0x08009794                USB_DevConnect
 .text.USB_DevDisconnect
                0x080097d6       0x42 ./Drivers/STM32F4xx_HAL_Driver/Src/stm32f4xx_ll_usb.o
                0x080097d6                USB_DevDisconnect
 .text.USB_ReadInterrupts
                0x08009818       0x26 ./Drivers/STM32F4xx_HAL_Driver/Src/stm32f4xx_ll_usb.o
                0x08009818                USB_ReadInterrupts
 .text.USB_ReadDevAllOutEpInterrupt
                0x0800983e       0x34 ./Drivers/STM32F4xx_HAL_Driver/Src/stm32f4xx_ll_usb.o
                0x0800983e                USB_ReadDevAllOutEpInterrupt
 .text.USB_ReadDevAllInEpInterrupt
                0x08009872       0x34 ./Drivers/STM32F4xx_HAL_Driver/Src/stm32f4xx_ll_usb.o
                0x08009872                USB_ReadDevAllInEpInterrupt
 .text.USB_ReadDevOutEPInterrupt
                0x080098a6       0x3c ./Drivers/STM32F4xx_HAL_Driver/Src/stm32f4xx_ll_usb.o
                0x080098a6                USB_ReadDevOutEPInterrupt
 .text.USB_ReadDevInEPInterrupt
                0x080098e2       0x5c ./Drivers/STM32F4xx_HAL_Driver/Src/stm32f4xx_ll_usb.o
                0x080098e2                USB_ReadDevInEPInterrupt
 .text.USB_GetMode
                0x0800993e       0x1c ./Drivers/STM32F4xx_HAL_Driver/Src/stm32f4xx_ll_usb.o
                0x0800993e                USB_GetMode
 .text.USB_ActivateSetup
                0x0800995a       0x46 ./Drivers/STM32F4xx_HAL_Driver/Src/stm32f4xx_ll_usb.o
                0x0800995a                USB_ActivateSetup
 .text.USB_EP0_OutStart
                0x080099a0       0xbc ./Drivers/STM32F4xx_HAL_Driver/Src/stm32f4xx_ll_usb.o
                0x080099a0                USB_EP0_OutStart
 .text.USB_CoreReset
                0x08009a5c       0x70 ./Drivers/STM32F4xx_HAL_Driver/Src/stm32f4xx_ll_usb.o
 .text.USBD_CDC_Init
                0x08009acc      0x1f0 ./Middlewares/ST/STM32_USB_Device_Library/Class/CDC/Src/usbd_cdc.o
 .text.USBD_CDC_DeInit
                0x08009cbc      0x104 ./Middlewares/ST/STM32_USB_Device_Library/Class/CDC/Src/usbd_cdc.o
 .text.USBD_CDC_Setup
                0x08009dc0      0x1b8 ./Middlewares/ST/STM32_USB_Device_Library/Class/CDC/Src/usbd_cdc.o
 .text.USBD_CDC_DataIn
                0x08009f78       0xfe ./Middlewares/ST/STM32_USB_Device_Library/Class/CDC/Src/usbd_cdc.o
 .text.USBD_CDC_DataOut
                0x0800a076       0x70 ./Middlewares/ST/STM32_USB_Device_Library/Class/CDC/Src/usbd_cdc.o
 .text.USBD_CDC_EP0_RxReady
                0x0800a0e6       0x74 ./Middlewares/ST/STM32_USB_Device_Library/Class/CDC/Src/usbd_cdc.o
 *fill*         0x0800a15a        0x2 
 .text.USBD_CDC_GetFSCfgDesc
                0x0800a15c       0x70 ./Middlewares/ST/STM32_USB_Device_Library/Class/CDC/Src/usbd_cdc.o
 .text.USBD_CDC_GetHSCfgDesc
                0x0800a1cc       0x70 ./Middlewares/ST/STM32_USB_Device_Library/Class/CDC/Src/usbd_cdc.o
 .text.USBD_CDC_GetOtherSpeedCfgDesc
                0x0800a23c       0x70 ./Middlewares/ST/STM32_USB_Device_Library/Class/CDC/Src/usbd_cdc.o
 .text.USBD_CDC_GetDeviceQualifierDescriptor
                0x0800a2ac       0x20 ./Middlewares/ST/STM32_USB_Device_Library/Class/CDC/Src/usbd_cdc.o
                0x0800a2ac                USBD_CDC_GetDeviceQualifierDescriptor
 .text.USBD_CDC_RegisterInterface
                0x0800a2cc       0x34 ./Middlewares/ST/STM32_USB_Device_Library/Class/CDC/Src/usbd_cdc.o
                0x0800a2cc                USBD_CDC_RegisterInterface
 .text.USBD_CDC_SetTxBuffer
                0x0800a300       0x44 ./Middlewares/ST/STM32_USB_Device_Library/Class/CDC/Src/usbd_cdc.o
                0x0800a300                USBD_CDC_SetTxBuffer
 .text.USBD_CDC_SetRxBuffer
                0x0800a344       0x3a ./Middlewares/ST/STM32_USB_Device_Library/Class/CDC/Src/usbd_cdc.o
                0x0800a344                USBD_CDC_SetRxBuffer
 *fill*         0x0800a37e        0x2 
 .text.USBD_CDC_ReceivePacket
                0x0800a380       0x6c ./Middlewares/ST/STM32_USB_Device_Library/Class/CDC/Src/usbd_cdc.o
                0x0800a380                USBD_CDC_ReceivePacket
 .text.USBD_Init
                0x0800a3ec       0x60 ./Middlewares/ST/STM32_USB_Device_Library/Core/Src/usbd_core.o
                0x0800a3ec                USBD_Init
 .text.USBD_RegisterClass
                0x0800a44c       0x6c ./Middlewares/ST/STM32_USB_Device_Library/Core/Src/usbd_core.o
                0x0800a44c                USBD_RegisterClass
 .text.USBD_Start
                0x0800a4b8       0x18 ./Middlewares/ST/STM32_USB_Device_Library/Core/Src/usbd_core.o
                0x0800a4b8                USBD_Start
 .text.USBD_RunTestMode
                0x0800a4d0       0x16 ./Middlewares/ST/STM32_USB_Device_Library/Core/Src/usbd_core.o
                0x0800a4d0                USBD_RunTestMode
 .text.USBD_SetClassConfig
                0x0800a4e6       0x38 ./Middlewares/ST/STM32_USB_Device_Library/Core/Src/usbd_core.o
                0x0800a4e6                USBD_SetClassConfig
 .text.USBD_ClrClassConfig
                0x0800a51e       0x34 ./Middlewares/ST/STM32_USB_Device_Library/Core/Src/usbd_core.o
                0x0800a51e                USBD_ClrClassConfig
 .text.USBD_LL_SetupStage
                0x0800a552       0xaa ./Middlewares/ST/STM32_USB_Device_Library/Core/Src/usbd_core.o
                0x0800a552                USBD_LL_SetupStage
 .text.USBD_LL_DataOutStage
                0x0800a5fc      0x178 ./Middlewares/ST/STM32_USB_Device_Library/Core/Src/usbd_core.o
                0x0800a5fc                USBD_LL_DataOutStage
 .text.USBD_LL_DataInStage
                0x0800a774      0x176 ./Middlewares/ST/STM32_USB_Device_Library/Core/Src/usbd_core.o
                0x0800a774                USBD_LL_DataInStage
 .text.USBD_LL_Reset
                0x0800a8ea       0xa6 ./Middlewares/ST/STM32_USB_Device_Library/Core/Src/usbd_core.o
                0x0800a8ea                USBD_LL_Reset
 .text.USBD_LL_SetSpeed
                0x0800a990       0x20 ./Middlewares/ST/STM32_USB_Device_Library/Core/Src/usbd_core.o
                0x0800a990                USBD_LL_SetSpeed
 .text.USBD_LL_Suspend
                0x0800a9b0       0x38 ./Middlewares/ST/STM32_USB_Device_Library/Core/Src/usbd_core.o
                0x0800a9b0                USBD_LL_Suspend
 .text.USBD_LL_Resume
                0x0800a9e8       0x30 ./Middlewares/ST/STM32_USB_Device_Library/Core/Src/usbd_core.o
                0x0800a9e8                USBD_LL_Resume
 .text.USBD_LL_SOF
                0x0800aa18       0x40 ./Middlewares/ST/STM32_USB_Device_Library/Core/Src/usbd_core.o
                0x0800aa18                USBD_LL_SOF
 .text.USBD_LL_IsoINIncomplete
                0x0800aa58       0x64 ./Middlewares/ST/STM32_USB_Device_Library/Core/Src/usbd_core.o
                0x0800aa58                USBD_LL_IsoINIncomplete
 .text.USBD_LL_IsoOUTIncomplete
                0x0800aabc       0x64 ./Middlewares/ST/STM32_USB_Device_Library/Core/Src/usbd_core.o
                0x0800aabc                USBD_LL_IsoOUTIncomplete
 .text.USBD_LL_DevConnected
                0x0800ab20       0x16 ./Middlewares/ST/STM32_USB_Device_Library/Core/Src/usbd_core.o
                0x0800ab20                USBD_LL_DevConnected
 .text.USBD_LL_DevDisconnected
                0x0800ab36       0x46 ./Middlewares/ST/STM32_USB_Device_Library/Core/Src/usbd_core.o
                0x0800ab36                USBD_LL_DevDisconnected
 .text.USBD_CoreFindIF
                0x0800ab7c       0x1a ./Middlewares/ST/STM32_USB_Device_Library/Core/Src/usbd_core.o
                0x0800ab7c                USBD_CoreFindIF
 .text.USBD_CoreFindEP
                0x0800ab96       0x1a ./Middlewares/ST/STM32_USB_Device_Library/Core/Src/usbd_core.o
                0x0800ab96                USBD_CoreFindEP
 .text.USBD_GetEpDesc
                0x0800abb0       0x70 ./Middlewares/ST/STM32_USB_Device_Library/Core/Src/usbd_core.o
                0x0800abb0                USBD_GetEpDesc
 .text.USBD_GetNextDesc
                0x0800ac20       0x38 ./Middlewares/ST/STM32_USB_Device_Library/Core/Src/usbd_core.o
                0x0800ac20                USBD_GetNextDesc
 .text.SWAPBYTE
                0x0800ac58       0x3e ./Middlewares/ST/STM32_USB_Device_Library/Core/Src/usbd_ctlreq.o
 *fill*         0x0800ac96        0x2 
 .text.USBD_StdDevReq
                0x0800ac98       0xe4 ./Middlewares/ST/STM32_USB_Device_Library/Core/Src/usbd_ctlreq.o
                0x0800ac98                USBD_StdDevReq
 .text.USBD_StdItfReq
                0x0800ad7c       0xd8 ./Middlewares/ST/STM32_USB_Device_Library/Core/Src/usbd_ctlreq.o
                0x0800ad7c                USBD_StdItfReq
 .text.USBD_StdEPReq
                0x0800ae54      0x33e ./Middlewares/ST/STM32_USB_Device_Library/Core/Src/usbd_ctlreq.o
                0x0800ae54                USBD_StdEPReq
 *fill*         0x0800b192        0x2 
 .text.USBD_GetDescriptor
                0x0800b194      0x2d4 ./Middlewares/ST/STM32_USB_Device_Library/Core/Src/usbd_ctlreq.o
 .text.USBD_SetAddress
                0x0800b468       0x88 ./Middlewares/ST/STM32_USB_Device_Library/Core/Src/usbd_ctlreq.o
 .text.USBD_SetConfig
                0x0800b4f0      0x154 ./Middlewares/ST/STM32_USB_Device_Library/Core/Src/usbd_ctlreq.o
 .text.USBD_GetConfig
                0x0800b644       0x6c ./Middlewares/ST/STM32_USB_Device_Library/Core/Src/usbd_ctlreq.o
 .text.USBD_GetStatus
                0x0800b6b0       0x68 ./Middlewares/ST/STM32_USB_Device_Library/Core/Src/usbd_ctlreq.o
 .text.USBD_SetFeature
                0x0800b718       0x52 ./Middlewares/ST/STM32_USB_Device_Library/Core/Src/usbd_ctlreq.o
 .text.USBD_ClrFeature
                0x0800b76a       0x44 ./Middlewares/ST/STM32_USB_Device_Library/Core/Src/usbd_ctlreq.o
 .text.USBD_ParseSetupRequest
                0x0800b7ae       0x74 ./Middlewares/ST/STM32_USB_Device_Library/Core/Src/usbd_ctlreq.o
                0x0800b7ae                USBD_ParseSetupRequest
 .text.USBD_CtlError
                0x0800b822       0x22 ./Middlewares/ST/STM32_USB_Device_Library/Core/Src/usbd_ctlreq.o
                0x0800b822                USBD_CtlError
 .text.USBD_GetString
                0x0800b844       0xa4 ./Middlewares/ST/STM32_USB_Device_Library/Core/Src/usbd_ctlreq.o
                0x0800b844                USBD_GetString
 .text.USBD_GetLen
                0x0800b8e8       0x34 ./Middlewares/ST/STM32_USB_Device_Library/Core/Src/usbd_ctlreq.o
 .text.USBD_CtlSendData
                0x0800b91c       0x3c ./Middlewares/ST/STM32_USB_Device_Library/Core/Src/usbd_ioreq.o
                0x0800b91c                USBD_CtlSendData
 .text.USBD_CtlContinueSendData
                0x0800b958       0x22 ./Middlewares/ST/STM32_USB_Device_Library/Core/Src/usbd_ioreq.o
                0x0800b958                USBD_CtlContinueSendData
 .text.USBD_CtlPrepareRx
                0x0800b97a       0x42 ./Middlewares/ST/STM32_USB_Device_Library/Core/Src/usbd_ioreq.o
                0x0800b97a                USBD_CtlPrepareRx
 .text.USBD_CtlContinueRx
                0x0800b9bc       0x22 ./Middlewares/ST/STM32_USB_Device_Library/Core/Src/usbd_ioreq.o
                0x0800b9bc                USBD_CtlContinueRx
 .text.USBD_CtlSendStatus
                0x0800b9de       0x26 ./Middlewares/ST/STM32_USB_Device_Library/Core/Src/usbd_ioreq.o
                0x0800b9de                USBD_CtlSendStatus
 .text.USBD_CtlReceiveStatus
                0x0800ba04       0x26 ./Middlewares/ST/STM32_USB_Device_Library/Core/Src/usbd_ioreq.o
                0x0800ba04                USBD_CtlReceiveStatus
 *fill*         0x0800ba2a        0x2 
 .text.MX_USB_DEVICE_Init
                0x0800ba2c       0x60 ./USB_DEVICE/App/usb_device.o
                0x0800ba2c                MX_USB_DEVICE_Init
 .text.CDC_Init_FS
                0x0800ba8c       0x28 ./USB_DEVICE/App/usbd_cdc_if.o
 .text.CDC_DeInit_FS
                0x0800bab4       0x10 ./USB_DEVICE/App/usbd_cdc_if.o
 .text.CDC_Control_FS
                0x0800bac4       0xbc ./USB_DEVICE/App/usbd_cdc_if.o
 .text.CDC_Receive_FS
                0x0800bb80       0x28 ./USB_DEVICE/App/usbd_cdc_if.o
 .text.CDC_TransmitCplt_FS
                0x0800bba8       0x22 ./USB_DEVICE/App/usbd_cdc_if.o
 *fill*         0x0800bbca        0x2 
 .text.USBD_FS_DeviceDescriptor
                0x0800bbcc       0x24 ./USB_DEVICE/App/usbd_desc.o
                0x0800bbcc                USBD_FS_DeviceDescriptor
 .text.USBD_FS_LangIDStrDescriptor
                0x0800bbf0       0x24 ./USB_DEVICE/App/usbd_desc.o
                0x0800bbf0                USBD_FS_LangIDStrDescriptor
 .text.USBD_FS_ProductStrDescriptor
                0x0800bc14       0x3c ./USB_DEVICE/App/usbd_desc.o
                0x0800bc14                USBD_FS_ProductStrDescriptor
 .text.USBD_FS_ManufacturerStrDescriptor
                0x0800bc50       0x28 ./USB_DEVICE/App/usbd_desc.o
                0x0800bc50                USBD_FS_ManufacturerStrDescriptor
 .text.USBD_FS_SerialStrDescriptor
                0x0800bc78       0x24 ./USB_DEVICE/App/usbd_desc.o
                0x0800bc78                USBD_FS_SerialStrDescriptor
 .text.USBD_FS_ConfigStrDescriptor
                0x0800bc9c       0x3c ./USB_DEVICE/App/usbd_desc.o
                0x0800bc9c                USBD_FS_ConfigStrDescriptor
 .text.USBD_FS_InterfaceStrDescriptor
                0x0800bcd8       0x3c ./USB_DEVICE/App/usbd_desc.o
                0x0800bcd8                USBD_FS_InterfaceStrDescriptor
 .text.Get_SerialNum
                0x0800bd14       0x58 ./USB_DEVICE/App/usbd_desc.o
 .text.IntToUnicode
                0x0800bd6c       0x7e ./USB_DEVICE/App/usbd_desc.o
 *fill*         0x0800bdea        0x2 
 .text.HAL_PCD_MspInit
                0x0800bdec       0xa8 ./USB_DEVICE/Target/usbd_conf.o
                0x0800bdec                HAL_PCD_MspInit
 .text.HAL_PCD_SetupStageCallback
                0x0800be94       0x24 ./USB_DEVICE/Target/usbd_conf.o
                0x0800be94                HAL_PCD_SetupStageCallback
 .text.HAL_PCD_DataOutStageCallback
                0x0800beb8       0x36 ./USB_DEVICE/Target/usbd_conf.o
                0x0800beb8                HAL_PCD_DataOutStageCallback
 .text.HAL_PCD_DataInStageCallback
                0x0800beee       0x34 ./USB_DEVICE/Target/usbd_conf.o
                0x0800beee                HAL_PCD_DataInStageCallback
 .text.HAL_PCD_SOFCallback
                0x0800bf22       0x1c ./USB_DEVICE/Target/usbd_conf.o
                0x0800bf22                HAL_PCD_SOFCallback
 .text.HAL_PCD_ResetCallback
                0x0800bf3e       0x3c ./USB_DEVICE/Target/usbd_conf.o
                0x0800bf3e                HAL_PCD_ResetCallback
 *fill*         0x0800bf7a        0x2 
 .text.HAL_PCD_SuspendCallback
                0x0800bf7c       0x4c ./USB_DEVICE/Target/usbd_conf.o
                0x0800bf7c                HAL_PCD_SuspendCallback
 .text.HAL_PCD_ResumeCallback
                0x0800bfc8       0x1c ./USB_DEVICE/Target/usbd_conf.o
                0x0800bfc8                HAL_PCD_ResumeCallback
 .text.HAL_PCD_ISOOUTIncompleteCallback
                0x0800bfe4       0x24 ./USB_DEVICE/Target/usbd_conf.o
                0x0800bfe4                HAL_PCD_ISOOUTIncompleteCallback
 .text.HAL_PCD_ISOINIncompleteCallback
                0x0800c008       0x24 ./USB_DEVICE/Target/usbd_conf.o
                0x0800c008                HAL_PCD_ISOINIncompleteCallback
 .text.HAL_PCD_ConnectCallback
                0x0800c02c       0x1c ./USB_DEVICE/Target/usbd_conf.o
                0x0800c02c                HAL_PCD_ConnectCallback
 .text.HAL_PCD_DisconnectCallback
                0x0800c048       0x1c ./USB_DEVICE/Target/usbd_conf.o
                0x0800c048                HAL_PCD_DisconnectCallback
 .text.USBD_LL_Init
                0x0800c064       0x98 ./USB_DEVICE/Target/usbd_conf.o
                0x0800c064                USBD_LL_Init
 .text.USBD_LL_Start
                0x0800c0fc       0x36 ./USB_DEVICE/Target/usbd_conf.o
                0x0800c0fc                USBD_LL_Start
 .text.USBD_LL_OpenEP
                0x0800c132       0x4c ./USB_DEVICE/Target/usbd_conf.o
                0x0800c132                USBD_LL_OpenEP
 .text.USBD_LL_CloseEP
                0x0800c17e       0x3e ./USB_DEVICE/Target/usbd_conf.o
                0x0800c17e                USBD_LL_CloseEP
 .text.USBD_LL_StallEP
                0x0800c1bc       0x3e ./USB_DEVICE/Target/usbd_conf.o
                0x0800c1bc                USBD_LL_StallEP
 .text.USBD_LL_ClearStallEP
                0x0800c1fa       0x3e ./USB_DEVICE/Target/usbd_conf.o
                0x0800c1fa                USBD_LL_ClearStallEP
 .text.USBD_LL_IsStallEP
                0x0800c238       0x58 ./USB_DEVICE/Target/usbd_conf.o
                0x0800c238                USBD_LL_IsStallEP
 .text.USBD_LL_SetUSBAddress
                0x0800c290       0x3e ./USB_DEVICE/Target/usbd_conf.o
                0x0800c290                USBD_LL_SetUSBAddress
 .text.USBD_LL_Transmit
                0x0800c2ce       0x42 ./USB_DEVICE/Target/usbd_conf.o
                0x0800c2ce                USBD_LL_Transmit
 .text.USBD_LL_PrepareReceive
                0x0800c310       0x42 ./USB_DEVICE/Target/usbd_conf.o
                0x0800c310                USBD_LL_PrepareReceive
 .text.USBD_LL_GetRxDataSize
                0x0800c352       0x26 ./USB_DEVICE/Target/usbd_conf.o
                0x0800c352                USBD_LL_GetRxDataSize
 .text.USBD_static_malloc
                0x0800c378       0x1c ./USB_DEVICE/Target/usbd_conf.o
                0x0800c378                USBD_static_malloc
 .text.USBD_static_free
                0x0800c394       0x14 ./USB_DEVICE/Target/usbd_conf.o
                0x0800c394                USBD_static_free
 .text.USBD_Get_USB_Status
                0x0800c3a8       0x58 ./USB_DEVICE/Target/usbd_conf.o
                0x0800c3a8                USBD_Get_USB_Status
 .text.memset   0x0800c400       0x10 C:/ST/STM32CubeIDE_2.1.1/STM32CubeIDE/plugins/com.st.stm32cube.ide.mcu.externaltools.gnu-tools-for-stm32.14.3.rel1.win32_1.0.100.202602081740/tools/bin/../lib/gcc/arm-none-eabi/14.3.1/../../../../arm-none-eabi/lib/thumb/v7e-m+fp/hard\libc_nano.a(libc_a-memset.o)
                0x0800c400                memset
 .text.__libc_init_array
                0x0800c410       0x48 C:/ST/STM32CubeIDE_2.1.1/STM32CubeIDE/plugins/com.st.stm32cube.ide.mcu.externaltools.gnu-tools-for-stm32.14.3.rel1.win32_1.0.100.202602081740/tools/bin/../lib/gcc/arm-none-eabi/14.3.1/../../../../arm-none-eabi/lib/thumb/v7e-m+fp/hard\libc_nano.a(libc_a-init.o)
                0x0800c410                __libc_init_array
 *(.glue_7)
 .glue_7        0x0800c458        0x0 linker stubs
 *(.glue_7t)
 .glue_7t       0x0800c458        0x0 linker stubs
 *(.eh_frame)
 .eh_frame      0x0800c458        0x0 C:/ST/STM32CubeIDE_2.1.1/STM32CubeIDE/plugins/com.st.stm32cube.ide.mcu.externaltools.gnu-tools-for-stm32.14.3.rel1.win32_1.0.100.202602081740/tools/bin/../lib/gcc/arm-none-eabi/14.3.1/thumb/v7e-m+fp/hard/crtbegin.o
 *(.init)
 .init          0x0800c458        0x4 C:/ST/STM32CubeIDE_2.1.1/STM32CubeIDE/plugins/com.st.stm32cube.ide.mcu.externaltools.gnu-tools-for-stm32.14.3.rel1.win32_1.0.100.202602081740/tools/bin/../lib/gcc/arm-none-eabi/14.3.1/thumb/v7e-m+fp/hard/crti.o
                0x0800c458                _init
 .init          0x0800c45c        0x8 C:/ST/STM32CubeIDE_2.1.1/STM32CubeIDE/plugins/com.st.stm32cube.ide.mcu.externaltools.gnu-tools-for-stm32.14.3.rel1.win32_1.0.100.202602081740/tools/bin/../lib/gcc/arm-none-eabi/14.3.1/thumb/v7e-m+fp/hard/crtn.o
 *(.fini)
 .fini          0x0800c464        0x4 C:/ST/STM32CubeIDE_2.1.1/STM32CubeIDE/plugins/com.st.stm32cube.ide.mcu.externaltools.gnu-tools-for-stm32.14.3.rel1.win32_1.0.100.202602081740/tools/bin/../lib/gcc/arm-none-eabi/14.3.1/thumb/v7e-m+fp/hard/crti.o
                0x0800c464                _fini
 .fini          0x0800c468        0x8 C:/ST/STM32CubeIDE_2.1.1/STM32CubeIDE/plugins/com.st.stm32cube.ide.mcu.externaltools.gnu-tools-for-stm32.14.3.rel1.win32_1.0.100.202602081740/tools/bin/../lib/gcc/arm-none-eabi/14.3.1/thumb/v7e-m+fp/hard/crtn.o
                0x0800c470                        . = ALIGN (0x4)
                0x0800c470                        _etext = .

.vfp11_veneer   0x0800c470        0x0
 .vfp11_veneer  0x0800c470        0x0 linker stubs

.v4_bx          0x0800c470        0x0
 .v4_bx         0x0800c470        0x0 linker stubs

.iplt           0x0800c470        0x0
 .iplt          0x0800c470        0x0 C:/ST/STM32CubeIDE_2.1.1/STM32CubeIDE/plugins/com.st.stm32cube.ide.mcu.externaltools.gnu-tools-for-stm32.14.3.rel1.win32_1.0.100.202602081740/tools/bin/../lib/gcc/arm-none-eabi/14.3.1/thumb/v7e-m+fp/hard/crtbegin.o

.rodata         0x0800c470       0x68
                0x0800c470                        . = ALIGN (0x4)
 *(.rodata)
 .rodata        0x0800c470       0x46 ./USB_DEVICE/App/usbd_desc.o
 *(.rodata*)
 *fill*         0x0800c4b6        0x2 
 .rodata.AHBPrescTable
                0x0800c4b8       0x10 ./Core/Src/system_stm32f4xx.o
                0x0800c4b8                AHBPrescTable
 .rodata.APBPrescTable
                0x0800c4c8        0x8 ./Core/Src/system_stm32f4xx.o
                0x0800c4c8                APBPrescTable
 .rodata.flagBitshiftOffset.0
                0x0800c4d0        0x8 ./Drivers/STM32F4xx_HAL_Driver/Src/stm32f4xx_hal_dma.o
                0x0800c4d8                        . = ALIGN (0x4)

.ARM.extab      0x0800c4d8        0x0
                0x0800c4d8                        . = ALIGN (0x4)
 *(.ARM.extab* .gnu.linkonce.armextab.*)
                0x0800c4d8                        . = ALIGN (0x4)

.ARM            0x0800c4d8        0x8
                0x0800c4d8                        . = ALIGN (0x4)
                0x0800c4d8                        __exidx_start = .
 *(.ARM.exidx*)
 .ARM.exidx     0x0800c4d8        0x8 C:/ST/STM32CubeIDE_2.1.1/STM32CubeIDE/plugins/com.st.stm32cube.ide.mcu.externaltools.gnu-tools-for-stm32.14.3.rel1.win32_1.0.100.202602081740/tools/bin/../lib/gcc/arm-none-eabi/14.3.1/thumb/v7e-m+fp/hard\libgcc.a(_udivmoddi4.o)
                0x0800c4e0                        __exidx_end = .
                0x0800c4e0                        . = ALIGN (0x4)

.preinit_array  0x0800c4e0        0x0
                0x0800c4e0                        . = ALIGN (0x4)
                0x0800c4e0                        PROVIDE (__preinit_array_start = .)
 *(.preinit_array*)
                0x0800c4e0                        PROVIDE (__preinit_array_end = .)
                0x0800c4e0                        . = ALIGN (0x4)

.init_array     0x0800c4e0        0x4
                0x0800c4e0                        . = ALIGN (0x4)
                0x0800c4e0                        PROVIDE (__init_array_start = .)
 *(SORT_BY_NAME(.init_array.*))
 *(.init_array*)
 .init_array    0x0800c4e0        0x4 C:/ST/STM32CubeIDE_2.1.1/STM32CubeIDE/plugins/com.st.stm32cube.ide.mcu.externaltools.gnu-tools-for-stm32.14.3.rel1.win32_1.0.100.202602081740/tools/bin/../lib/gcc/arm-none-eabi/14.3.1/thumb/v7e-m+fp/hard/crtbegin.o
                0x0800c4e4                        PROVIDE (__init_array_end = .)
                0x0800c4e4                        . = ALIGN (0x4)

.fini_array     0x0800c4e4        0x4
                0x0800c4e4                        . = ALIGN (0x4)
                [!provide]                        PROVIDE (__fini_array_start = .)
 *(SORT_BY_NAME(.fini_array.*))
 *(.fini_array*)
 .fini_array    0x0800c4e4        0x4 C:/ST/STM32CubeIDE_2.1.1/STM32CubeIDE/plugins/com.st.stm32cube.ide.mcu.externaltools.gnu-tools-for-stm32.14.3.rel1.win32_1.0.100.202602081740/tools/bin/../lib/gcc/arm-none-eabi/14.3.1/thumb/v7e-m+fp/hard/crtbegin.o
                [!provide]                        PROVIDE (__fini_array_end = .)
                0x0800c4e8                        . = ALIGN (0x4)
                0x0800c4e8                        _sidata = LOADADDR (.data)

.rel.dyn        0x0800c4e8        0x0
 .rel.iplt      0x0800c4e8        0x0 C:/ST/STM32CubeIDE_2.1.1/STM32CubeIDE/plugins/com.st.stm32cube.ide.mcu.externaltools.gnu-tools-for-stm32.14.3.rel1.win32_1.0.100.202602081740/tools/bin/../lib/gcc/arm-none-eabi/14.3.1/thumb/v7e-m+fp/hard/crtbegin.o

.data           0x20000000      0x12c load address 0x0800c4e8
                0x20000000                        . = ALIGN (0x4)
                0x20000000                        _sdata = .
 *(.data)
 *(.data*)
 .data.stepper_max_steps
                0x20000000        0x4 ./Core/Src/Stepper_Motion.o
 .data.fan_pwm_inverted
                0x20000004        0x4 ./Core/Src/pressure_system.o
                0x20000004                fan_pwm_inverted
 .data.pressure_zero_settle_ms
                0x20000008        0x4 ./Core/Src/pressure_system.o
                0x20000008                pressure_zero_settle_ms
 .data.pressure_control_kp
                0x2000000c        0x4 ./Core/Src/pressure_system.o
                0x2000000c                pressure_control_kp
 .data.pressure_control_ki
                0x20000010        0x4 ./Core/Src/pressure_system.o
                0x20000010                pressure_control_ki
 .data.pressure_control_max_percent
                0x20000014        0x4 ./Core/Src/pressure_system.o
                0x20000014                pressure_control_max_percent
 .data.pressure_filter_alpha
                0x20000018        0x4 ./Core/Src/pressure_system.o
                0x20000018                pressure_filter_alpha
 .data.pressure_control_direction
                0x2000001c        0x4 ./Core/Src/pressure_system.o
                0x2000001c                pressure_control_direction
 .data.fan_applied_duty
                0x20000020        0x4 ./Core/Src/pressure_system.o
 .data.fan_applied_inverted
                0x20000024        0x4 ./Core/Src/pressure_system.o
 .data.servo_up_position_degrees
                0x20000028        0x4 ./Core/Src/servo_system.o
                0x20000028                servo_up_position_degrees
 .data.servo_down_position_degrees
                0x2000002c        0x4 ./Core/Src/servo_system.o
                0x2000002c                servo_down_position_degrees
 .data.SystemCoreClock
                0x20000030        0x4 ./Core/Src/system_stm32f4xx.o
                0x20000030                SystemCoreClock
 .data.uwTickPrio
                0x20000034        0x4 ./Drivers/STM32F4xx_HAL_Driver/Src/stm32f4xx_hal.o
                0x20000034                uwTickPrio
 .data.uwTickFreq
                0x20000038        0x1 ./Drivers/STM32F4xx_HAL_Driver/Src/stm32f4xx_hal.o
                0x20000038                uwTickFreq
 *fill*         0x20000039        0x3 
 .data.USBD_CDC_DeviceQualifierDesc
                0x2000003c        0xa ./Middlewares/ST/STM32_USB_Device_Library/Class/CDC/Src/usbd_cdc.o
 *fill*         0x20000046        0x2 
 .data.USBD_CDC
                0x20000048       0x38 ./Middlewares/ST/STM32_USB_Device_Library/Class/CDC/Src/usbd_cdc.o
                0x20000048                USBD_CDC
 .data.USBD_CDC_CfgDesc
                0x20000080       0x43 ./Middlewares/ST/STM32_USB_Device_Library/Class/CDC/Src/usbd_cdc.o
 .data.CDCInEpAdd
                0x200000c3        0x1 ./Middlewares/ST/STM32_USB_Device_Library/Class/CDC/Src/usbd_cdc.o
 .data.CDCOutEpAdd
                0x200000c4        0x1 ./Middlewares/ST/STM32_USB_Device_Library/Class/CDC/Src/usbd_cdc.o
 .data.CDCCmdEpAdd
                0x200000c5        0x1 ./Middlewares/ST/STM32_USB_Device_Library/Class/CDC/Src/usbd_cdc.o
 *fill*         0x200000c6        0x2 
 .data.USBD_Interface_fops_FS
                0x200000c8       0x14 ./USB_DEVICE/App/usbd_cdc_if.o
                0x200000c8                USBD_Interface_fops_FS
 .data.FS_Desc  0x200000dc       0x1c ./USB_DEVICE/App/usbd_desc.o
                0x200000dc                FS_Desc
 .data.USBD_FS_DeviceDesc
                0x200000f8       0x12 ./USB_DEVICE/App/usbd_desc.o
                0x200000f8                USBD_FS_DeviceDesc
 *fill*         0x2000010a        0x2 
 .data.USBD_LangIDDesc
                0x2000010c        0x4 ./USB_DEVICE/App/usbd_desc.o
                0x2000010c                USBD_LangIDDesc
 .data.USBD_StringSerial
                0x20000110       0x1a ./USB_DEVICE/App/usbd_desc.o
                0x20000110                USBD_StringSerial
 *(.RamFunc)
 *(.RamFunc*)
                0x2000012c                        . = ALIGN (0x4)
 *fill*         0x2000012a        0x2 
                0x2000012c                        _edata = .

.igot.plt       0x2000012c        0x0 load address 0x0800c614
 .igot.plt      0x2000012c        0x0 C:/ST/STM32CubeIDE_2.1.1/STM32CubeIDE/plugins/com.st.stm32cube.ide.mcu.externaltools.gnu-tools-for-stm32.14.3.rel1.win32_1.0.100.202602081740/tools/bin/../lib/gcc/arm-none-eabi/14.3.1/thumb/v7e-m+fp/hard/crtbegin.o
                0x2000012c                        . = ALIGN (0x4)

.bss            0x2000012c     0x1f08 load address 0x0800c614
                0x2000012c                        _sbss = .
                0x2000012c                        __bss_start__ = _sbss
 *(.bss)
 .bss           0x2000012c       0x1c C:/ST/STM32CubeIDE_2.1.1/STM32CubeIDE/plugins/com.st.stm32cube.ide.mcu.externaltools.gnu-tools-for-stm32.14.3.rel1.win32_1.0.100.202602081740/tools/bin/../lib/gcc/arm-none-eabi/14.3.1/thumb/v7e-m+fp/hard/crtbegin.o
 *(.bss*)
 .bss.selected_mode
                0x20000148        0x1 ./Core/Src/Mode_Select.o
                0x20000148                selected_mode
 .bss.mode_selected
                0x20000149        0x1 ./Core/Src/Mode_Select.o
                0x20000149                mode_selected
 .bss.system_state
                0x2000014a        0x1 ./Core/Src/State_Machine.o
 *fill*         0x2000014b        0x1 
 .bss.system_flags
                0x2000014c       0x12 ./Core/Src/State_Machine.o
 .bss.debug_system_state
                0x2000015e        0x1 ./Core/Src/State_Machine.o
                0x2000015e                debug_system_state
 .bss.debug_active_mode
                0x2000015f        0x1 ./Core/Src/State_Machine.o
                0x2000015f                debug_active_mode
 .bss.debug_stepper_homed
                0x20000160        0x1 ./Core/Src/State_Machine.o
                0x20000160                debug_stepper_homed
 .bss.debug_fault_active
                0x20000161        0x1 ./Core/Src/State_Machine.o
                0x20000161                debug_fault_active
 .bss.debug_error_code
                0x20000162        0x1 ./Core/Src/State_Machine.o
                0x20000162                debug_error_code
 .bss.stepper_homed
                0x20000163        0x1 ./Core/Src/Stepper_Motion.o
 .bss.stepper_min_steps
                0x20000164        0x4 ./Core/Src/Stepper_Motion.o
 .bss.stepper_debug_position
                0x20000168        0x4 ./Core/Src/Stepper_Motion.o
                0x20000168                stepper_debug_position
 .bss.stepper_debug_percent
                0x2000016c        0x4 ./Core/Src/Stepper_Motion.o
                0x2000016c                stepper_debug_percent
 .bss.stepper_debug_ramp_stat
                0x20000170        0x4 ./Core/Src/Stepper_Motion.o
                0x20000170                stepper_debug_ramp_stat
 .bss.stepper_debug_homed
                0x20000174        0x1 ./Core/Src/Stepper_Motion.o
                0x20000174                stepper_debug_homed
 *fill*         0x20000175        0x3 
 .bss.hadc1     0x20000178       0x48 ./Core/Src/main.o
                0x20000178                hadc1
 .bss.hi2s2     0x200001c0       0x48 ./Core/Src/main.o
                0x200001c0                hi2s2
 .bss.hdma_spi2_rx
                0x20000208       0x60 ./Core/Src/main.o
                0x20000208                hdma_spi2_rx
 .bss.hspi3     0x20000268       0x58 ./Core/Src/main.o
                0x20000268                hspi3
 .bss.htim2     0x200002c0       0x48 ./Core/Src/main.o
                0x200002c0                htim2
 .bss.htim3     0x20000308       0x48 ./Core/Src/main.o
                0x20000308                htim3
 .bss.huart1    0x20000350       0x48 ./Core/Src/main.o
                0x20000350                huart1
 .bss.fan_duty_percent
                0x20000398        0x4 ./Core/Src/pressure_system.o
                0x20000398                fan_duty_percent
 .bss.pressure_adc_raw
                0x2000039c        0x4 ./Core/Src/pressure_system.o
                0x2000039c                pressure_adc_raw
 .bss.pressure_adc_busy
                0x200003a0        0x4 ./Core/Src/pressure_system.o
                0x200003a0                pressure_adc_busy
 .bss.pressure_adc_error_count
                0x200003a4        0x4 ./Core/Src/pressure_system.o
                0x200003a4                pressure_adc_error_count
 .bss.pressure_voltage
                0x200003a8        0x4 ./Core/Src/pressure_system.o
                0x200003a8                pressure_voltage
 .bss.pressure_kpa
                0x200003ac        0x4 ./Core/Src/pressure_system.o
                0x200003ac                pressure_kpa
 .bss.pressure_uncalibrated_kpa
                0x200003b0        0x4 ./Core/Src/pressure_system.o
                0x200003b0                pressure_uncalibrated_kpa
 .bss.pressure_millivolts
                0x200003b4        0x4 ./Core/Src/pressure_system.o
                0x200003b4                pressure_millivolts
 .bss.pressure_milli_kpa
                0x200003b8        0x4 ./Core/Src/pressure_system.o
                0x200003b8                pressure_milli_kpa
 .bss.pressure_filtered_kpa
                0x200003bc        0x4 ./Core/Src/pressure_system.o
                0x200003bc                pressure_filtered_kpa
 .bss.pressure_filtered_milli_kpa
                0x200003c0        0x4 ./Core/Src/pressure_system.o
                0x200003c0                pressure_filtered_milli_kpa
 .bss.pressure_zero_kpa
                0x200003c4        0x4 ./Core/Src/pressure_system.o
                0x200003c4                pressure_zero_kpa
 .bss.pressure_zero_milli_kpa
                0x200003c8        0x4 ./Core/Src/pressure_system.o
                0x200003c8                pressure_zero_milli_kpa
 .bss.pressure_zero_adc_raw
                0x200003cc        0x4 ./Core/Src/pressure_system.o
                0x200003cc                pressure_zero_adc_raw
 .bss.pressure_zero_done
                0x200003d0        0x4 ./Core/Src/pressure_system.o
                0x200003d0                pressure_zero_done
 .bss.pressure_noise_min_kpa
                0x200003d4        0x4 ./Core/Src/pressure_system.o
                0x200003d4                pressure_noise_min_kpa
 .bss.pressure_noise_max_kpa
                0x200003d8        0x4 ./Core/Src/pressure_system.o
                0x200003d8                pressure_noise_max_kpa
 .bss.pressure_noise_peak_to_peak_kpa
                0x200003dc        0x4 ./Core/Src/pressure_system.o
                0x200003dc                pressure_noise_peak_to_peak_kpa
 .bss.pressure_noise_peak_to_peak_milli_kpa
                0x200003e0        0x4 ./Core/Src/pressure_system.o
                0x200003e0                pressure_noise_peak_to_peak_milli_kpa
 .bss.pressure_control_enabled
                0x200003e4        0x4 ./Core/Src/pressure_system.o
                0x200003e4                pressure_control_enabled
 .bss.pressure_target_kpa
                0x200003e8        0x4 ./Core/Src/pressure_system.o
                0x200003e8                pressure_target_kpa
 .bss.pressure_control_bias_percent
                0x200003ec        0x4 ./Core/Src/pressure_system.o
                0x200003ec                pressure_control_bias_percent
 .bss.pressure_control_integral
                0x200003f0        0x4 ./Core/Src/pressure_system.o
                0x200003f0                pressure_control_integral
 .bss.pressure_control_output_percent
                0x200003f4        0x4 ./Core/Src/pressure_system.o
                0x200003f4                pressure_control_output_percent
 .bss.pressure_control_min_percent
                0x200003f8        0x4 ./Core/Src/pressure_system.o
                0x200003f8                pressure_control_min_percent
 .bss.pressure_error_kpa
                0x200003fc        0x4 ./Core/Src/pressure_system.o
                0x200003fc                pressure_error_kpa
 .bss.pressure_error_milli_kpa
                0x20000400        0x4 ./Core/Src/pressure_system.o
                0x20000400                pressure_error_milli_kpa
 .bss.pressure_adc
                0x20000404        0x4 ./Core/Src/pressure_system.o
 .bss.fan_pwm_timer
                0x20000408        0x4 ./Core/Src/pressure_system.o
 .bss.fan_pwm_channel
                0x2000040c        0x4 ./Core/Src/pressure_system.o
 .bss.pressure_state
                0x20000410        0x1 ./Core/Src/pressure_system.o
 .bss.debug_pressure_state
                0x20000411        0x1 ./Core/Src/pressure_system.o
                0x20000411                debug_pressure_state
 *fill*         0x20000412        0x2 
 .bss.pressure_next_sample_ms
                0x20000414        0x4 ./Core/Src/pressure_system.o
 .bss.pressure_adc_start_ms
                0x20000418        0x4 ./Core/Src/pressure_system.o
 .bss.pressure_adc_result_ready
                0x2000041c        0x4 ./Core/Src/pressure_system.o
 .bss.pressure_adc_result
                0x20000420        0x4 ./Core/Src/pressure_system.o
 .bss.calibration_sample_count
                0x20000424        0x4 ./Core/Src/pressure_system.o
 .bss.calibration_raw_sum
                0x20000428        0x4 ./Core/Src/pressure_system.o
 .bss.calibration_pressure_sum
                0x2000042c        0x4 ./Core/Src/pressure_system.o
 .bss.calibration_min_kpa
                0x20000430        0x4 ./Core/Src/pressure_system.o
 .bss.calibration_max_kpa
                0x20000434        0x4 ./Core/Src/pressure_system.o
 .bss.pressure_filter_initialized
                0x20000438        0x4 ./Core/Src/pressure_system.o
 .bss.pressure_last_control_ms
                0x2000043c        0x4 ./Core/Src/pressure_system.o
 .bss.pressure_sample_updated
                0x20000440        0x4 ./Core/Src/pressure_system.o
 .bss.servo_timer_handle
                0x20000444        0x4 ./Core/Src/servo_system.o
 .bss.servo_timer_channel
                0x20000448        0x4 ./Core/Src/servo_system.o
 .bss.uwTick    0x2000044c        0x4 ./Drivers/STM32F4xx_HAL_Driver/Src/stm32f4xx_hal.o
                0x2000044c                uwTick
 .bss.cfgidx.0  0x20000450        0x1 ./Middlewares/ST/STM32_USB_Device_Library/Core/Src/usbd_ctlreq.o
 *fill*         0x20000451        0x3 
 .bss.hUsbDeviceFS
                0x20000454      0x2dc ./USB_DEVICE/App/usb_device.o
                0x20000454                hUsbDeviceFS
 .bss.UserRxBufferFS
                0x20000730      0x800 ./USB_DEVICE/App/usbd_cdc_if.o
                0x20000730                UserRxBufferFS
 .bss.UserTxBufferFS
                0x20000f30      0x800 ./USB_DEVICE/App/usbd_cdc_if.o
                0x20000f30                UserTxBufferFS
 .bss.USBD_StrDesc
                0x20001730      0x200 ./USB_DEVICE/App/usbd_desc.o
                0x20001730                USBD_StrDesc
 .bss.hpcd_USB_OTG_FS
                0x20001930      0x4e4 ./USB_DEVICE/Target/usbd_conf.o
                0x20001930                hpcd_USB_OTG_FS
 .bss.mem.0     0x20001e14      0x220 ./USB_DEVICE/Target/usbd_conf.o
 *(COMMON)
                0x20002034                        . = ALIGN (0x4)
                0x20002034                        _ebss = .
                0x20002034                        __bss_end__ = _ebss

._user_heap_stack
                0x20002034      0x604 load address 0x0800c614
                0x20002038                        . = ALIGN (0x8)
 *fill*         0x20002034        0x4 
                [!provide]                        PROVIDE (end = .)
                0x20002038                        PROVIDE (_end = .)
                0x20002238                        . = (. + _Min_Heap_Size)
 *fill*         0x20002038      0x200 
                0x20002638                        . = (. + _Min_Stack_Size)
 *fill*         0x20002238      0x400 
                0x20002638                        . = ALIGN (0x8)

/DISCARD/
 libc.a(*)
 libm.a(*)
 libgcc.a(*)

.ARM.attributes
                0x00000000       0x30
 *(.ARM.attributes)
 .ARM.attributes
                0x00000000       0x22 C:/ST/STM32CubeIDE_2.1.1/STM32CubeIDE/plugins/com.st.stm32cube.ide.mcu.externaltools.gnu-tools-for-stm32.14.3.rel1.win32_1.0.100.202602081740/tools/bin/../lib/gcc/arm-none-eabi/14.3.1/thumb/v7e-m+fp/hard/crti.o
 .ARM.attributes
                0x00000022       0x34 C:/ST/STM32CubeIDE_2.1.1/STM32CubeIDE/plugins/com.st.stm32cube.ide.mcu.externaltools.gnu-tools-for-stm32.14.3.rel1.win32_1.0.100.202602081740/tools/bin/../lib/gcc/arm-none-eabi/14.3.1/thumb/v7e-m+fp/hard/crtbegin.o
 .ARM.attributes
                0x00000056       0x34 ./Core/Src/App.o
 .ARM.attributes
                0x0000008a       0x34 ./Core/Src/Mode_Select.o
 .ARM.attributes
                0x000000be       0x34 ./Core/Src/State_Machine.o
 .ARM.attributes
                0x000000f2       0x34 ./Core/Src/Stepper_Motion.o
 .ARM.attributes
                0x00000126       0x34 ./Core/Src/TMC_Drivers.o
 .ARM.attributes
                0x0000015a       0x34 ./Core/Src/main.o
 .ARM.attributes
                0x0000018e       0x34 ./Core/Src/pressure_system.o
 .ARM.attributes
                0x000001c2       0x34 ./Core/Src/servo_system.o
 .ARM.attributes
                0x000001f6       0x34 ./Core/Src/stm32f4xx_hal_msp.o
 .ARM.attributes
                0x0000022a       0x34 ./Core/Src/stm32f4xx_it.o
 .ARM.attributes
                0x0000025e       0x34 ./Core/Src/system_stm32f4xx.o
 .ARM.attributes
                0x00000292       0x21 ./Core/Startup/startup_stm32f411ceux.o
 .ARM.attributes
                0x000002b3       0x34 ./Drivers/STM32F4xx_HAL_Driver/Src/stm32f4xx_hal.o
 .ARM.attributes
                0x000002e7       0x34 ./Drivers/STM32F4xx_HAL_Driver/Src/stm32f4xx_hal_adc.o
 .ARM.attributes
                0x0000031b       0x34 ./Drivers/STM32F4xx_HAL_Driver/Src/stm32f4xx_hal_adc_ex.o
 .ARM.attributes
                0x0000034f       0x34 ./Drivers/STM32F4xx_HAL_Driver/Src/stm32f4xx_hal_cortex.o
 .ARM.attributes
                0x00000383       0x34 ./Drivers/STM32F4xx_HAL_Driver/Src/stm32f4xx_hal_dma.o
 .ARM.attributes
                0x000003b7       0x34 ./Drivers/STM32F4xx_HAL_Driver/Src/stm32f4xx_hal_gpio.o
 .ARM.attributes
                0x000003eb       0x34 ./Drivers/STM32F4xx_HAL_Driver/Src/stm32f4xx_hal_i2s.o
 .ARM.attributes
                0x0000041f       0x34 ./Drivers/STM32F4xx_HAL_Driver/Src/stm32f4xx_hal_i2s_ex.o
 .ARM.attributes
                0x00000453       0x34 ./Drivers/STM32F4xx_HAL_Driver/Src/stm32f4xx_hal_pcd.o
 .ARM.attributes
                0x00000487       0x34 ./Drivers/STM32F4xx_HAL_Driver/Src/stm32f4xx_hal_pcd_ex.o
 .ARM.attributes
                0x000004bb       0x34 ./Drivers/STM32F4xx_HAL_Driver/Src/stm32f4xx_hal_rcc.o
 .ARM.attributes
                0x000004ef       0x34 ./Drivers/STM32F4xx_HAL_Driver/Src/stm32f4xx_hal_rcc_ex.o
 .ARM.attributes
                0x00000523       0x34 ./Drivers/STM32F4xx_HAL_Driver/Src/stm32f4xx_hal_spi.o
 .ARM.attributes
                0x00000557       0x34 ./Drivers/STM32F4xx_HAL_Driver/Src/stm32f4xx_hal_tim.o
 .ARM.attributes
                0x0000058b       0x34 ./Drivers/STM32F4xx_HAL_Driver/Src/stm32f4xx_hal_tim_ex.o
 .ARM.attributes
                0x000005bf       0x34 ./Drivers/STM32F4xx_HAL_Driver/Src/stm32f4xx_hal_uart.o
 .ARM.attributes
                0x000005f3       0x34 ./Drivers/STM32F4xx_HAL_Driver/Src/stm32f4xx_ll_usb.o
 .ARM.attributes
                0x00000627       0x34 ./Middlewares/ST/STM32_USB_Device_Library/Class/CDC/Src/usbd_cdc.o
 .ARM.attributes
                0x0000065b       0x34 ./Middlewares/ST/STM32_USB_Device_Library/Core/Src/usbd_core.o
 .ARM.attributes
                0x0000068f       0x34 ./Middlewares/ST/STM32_USB_Device_Library/Core/Src/usbd_ctlreq.o
 .ARM.attributes
                0x000006c3       0x34 ./Middlewares/ST/STM32_USB_Device_Library/Core/Src/usbd_ioreq.o
 .ARM.attributes
                0x000006f7       0x34 ./USB_DEVICE/App/usb_device.o
 .ARM.attributes
                0x0000072b       0x34 ./USB_DEVICE/App/usbd_cdc_if.o
 .ARM.attributes
                0x0000075f       0x34 ./USB_DEVICE/App/usbd_desc.o
 .ARM.attributes
                0x00000793       0x34 ./USB_DEVICE/Target/usbd_conf.o
 .ARM.attributes
                0x000007c7       0x34 C:/ST/STM32CubeIDE_2.1.1/STM32CubeIDE/plugins/com.st.stm32cube.ide.mcu.externaltools.gnu-tools-for-stm32.14.3.rel1.win32_1.0.100.202602081740/tools/bin/../lib/gcc/arm-none-eabi/14.3.1/../../../../arm-none-eabi/lib/thumb/v7e-m+fp/hard\libc_nano.a(libc_a-memset.o)
 .ARM.attributes
                0x000007fb       0x34 C:/ST/STM32CubeIDE_2.1.1/STM32CubeIDE/plugins/com.st.stm32cube.ide.mcu.externaltools.gnu-tools-for-stm32.14.3.rel1.win32_1.0.100.202602081740/tools/bin/../lib/gcc/arm-none-eabi/14.3.1/../../../../arm-none-eabi/lib/thumb/v7e-m+fp/hard\libc_nano.a(libc_a-init.o)
 .ARM.attributes
                0x0000082f       0x22 C:/ST/STM32CubeIDE_2.1.1/STM32CubeIDE/plugins/com.st.stm32cube.ide.mcu.externaltools.gnu-tools-for-stm32.14.3.rel1.win32_1.0.100.202602081740/tools/bin/../lib/gcc/arm-none-eabi/14.3.1/thumb/v7e-m+fp/hard\libgcc.a(_aeabi_uldivmod.o)
 .ARM.attributes
                0x00000851       0x34 C:/ST/STM32CubeIDE_2.1.1/STM32CubeIDE/plugins/com.st.stm32cube.ide.mcu.externaltools.gnu-tools-for-stm32.14.3.rel1.win32_1.0.100.202602081740/tools/bin/../lib/gcc/arm-none-eabi/14.3.1/thumb/v7e-m+fp/hard\libgcc.a(_udivmoddi4.o)
 .ARM.attributes
                0x00000885       0x22 C:/ST/STM32CubeIDE_2.1.1/STM32CubeIDE/plugins/com.st.stm32cube.ide.mcu.externaltools.gnu-tools-for-stm32.14.3.rel1.win32_1.0.100.202602081740/tools/bin/../lib/gcc/arm-none-eabi/14.3.1/thumb/v7e-m+fp/hard\libgcc.a(_dvmd_tls.o)
 .ARM.attributes
                0x000008a7       0x22 C:/ST/STM32CubeIDE_2.1.1/STM32CubeIDE/plugins/com.st.stm32cube.ide.mcu.externaltools.gnu-tools-for-stm32.14.3.rel1.win32_1.0.100.202602081740/tools/bin/../lib/gcc/arm-none-eabi/14.3.1/thumb/v7e-m+fp/hard/crtn.o
OUTPUT(Course_Proj_Final.elf elf32-littlearm)
LOAD linker stubs
LOAD C:/ST/STM32CubeIDE_2.1.1/STM32CubeIDE/plugins/com.st.stm32cube.ide.mcu.externaltools.gnu-tools-for-stm32.14.3.rel1.win32_1.0.100.202602081740/tools/bin/../lib/gcc/arm-none-eabi/14.3.1/../../../../arm-none-eabi/lib/thumb/v7e-m+fp/hard\libc.a
LOAD C:/ST/STM32CubeIDE_2.1.1/STM32CubeIDE/plugins/com.st.stm32cube.ide.mcu.externaltools.gnu-tools-for-stm32.14.3.rel1.win32_1.0.100.202602081740/tools/bin/../lib/gcc/arm-none-eabi/14.3.1/../../../../arm-none-eabi/lib/thumb/v7e-m+fp/hard\libm.a
LOAD C:/ST/STM32CubeIDE_2.1.1/STM32CubeIDE/plugins/com.st.stm32cube.ide.mcu.externaltools.gnu-tools-for-stm32.14.3.rel1.win32_1.0.100.202602081740/tools/bin/../lib/gcc/arm-none-eabi/14.3.1/thumb/v7e-m+fp/hard\libgcc.a

.debug_info     0x00000000    0x1fdd8
 .debug_info    0x00000000      0x945 ./Core/Src/App.o
 .debug_info    0x00000945      0x16e ./Core/Src/Mode_Select.o
 .debug_info    0x00000ab3      0x548 ./Core/Src/State_Machine.o
 .debug_info    0x00000ffb      0x3ed ./Core/Src/Stepper_Motion.o
 .debug_info    0x000013e8      0x99a ./Core/Src/TMC_Drivers.o
 .debug_info    0x00001d82     0x1be4 ./Core/Src/main.o
 .debug_info    0x00003966     0x11d1 ./Core/Src/pressure_system.o
 .debug_info    0x00004b37      0x75f ./Core/Src/servo_system.o
 .debug_info    0x00005296     0x18ff ./Core/Src/stm32f4xx_hal_msp.o
 .debug_info    0x00006b95      0xb2a ./Core/Src/stm32f4xx_it.o
 .debug_info    0x000076bf      0x53e ./Core/Src/system_stm32f4xx.o
 .debug_info    0x00007bfd       0x30 ./Core/Startup/startup_stm32f411ceux.o
 .debug_info    0x00007c2d      0x8c4 ./Drivers/STM32F4xx_HAL_Driver/Src/stm32f4xx_hal.o
 .debug_info    0x000084f1      0xce0 ./Drivers/STM32F4xx_HAL_Driver/Src/stm32f4xx_hal_adc.o
 .debug_info    0x000091d1      0xb65 ./Drivers/STM32F4xx_HAL_Driver/Src/stm32f4xx_hal_adc_ex.o
 .debug_info    0x00009d36      0xcfc ./Drivers/STM32F4xx_HAL_Driver/Src/stm32f4xx_hal_cortex.o
 .debug_info    0x0000aa32      0x8e6 ./Drivers/STM32F4xx_HAL_Driver/Src/stm32f4xx_hal_dma.o
 .debug_info    0x0000b318      0x6f9 ./Drivers/STM32F4xx_HAL_Driver/Src/stm32f4xx_hal_gpio.o
 .debug_info    0x0000ba11      0xe07 ./Drivers/STM32F4xx_HAL_Driver/Src/stm32f4xx_hal_i2s.o
 .debug_info    0x0000c818      0xab3 ./Drivers/STM32F4xx_HAL_Driver/Src/stm32f4xx_hal_i2s_ex.o
 .debug_info    0x0000d2cb     0x1577 ./Drivers/STM32F4xx_HAL_Driver/Src/stm32f4xx_hal_pcd.o
 .debug_info    0x0000e842      0x6ea ./Drivers/STM32F4xx_HAL_Driver/Src/stm32f4xx_hal_pcd_ex.o
 .debug_info    0x0000ef2c      0x904 ./Drivers/STM32F4xx_HAL_Driver/Src/stm32f4xx_hal_rcc.o
 .debug_info    0x0000f830      0x5a1 ./Drivers/STM32F4xx_HAL_Driver/Src/stm32f4xx_hal_rcc_ex.o
 .debug_info    0x0000fdd1     0x1530 ./Drivers/STM32F4xx_HAL_Driver/Src/stm32f4xx_hal_spi.o
 .debug_info    0x00011301     0x2996 ./Drivers/STM32F4xx_HAL_Driver/Src/stm32f4xx_hal_tim.o
 .debug_info    0x00013c97     0x14d4 ./Drivers/STM32F4xx_HAL_Driver/Src/stm32f4xx_hal_tim_ex.o
 .debug_info    0x0001516b     0x2f56 ./Drivers/STM32F4xx_HAL_Driver/Src/stm32f4xx_hal_uart.o
 .debug_info    0x000180c1     0x1993 ./Drivers/STM32F4xx_HAL_Driver/Src/stm32f4xx_ll_usb.o
 .debug_info    0x00019a54     0x12a5 ./Middlewares/ST/STM32_USB_Device_Library/Class/CDC/Src/usbd_cdc.o
 .debug_info    0x0001acf9      0xe12 ./Middlewares/ST/STM32_USB_Device_Library/Core/Src/usbd_core.o
 .debug_info    0x0001bb0b      0xaeb ./Middlewares/ST/STM32_USB_Device_Library/Core/Src/usbd_ctlreq.o
 .debug_info    0x0001c5f6      0x762 ./Middlewares/ST/STM32_USB_Device_Library/Core/Src/usbd_ioreq.o
 .debug_info    0x0001cd58      0x70e ./USB_DEVICE/App/usb_device.o
 .debug_info    0x0001d466      0x907 ./USB_DEVICE/App/usbd_cdc_if.o
 .debug_info    0x0001dd6d      0x458 ./USB_DEVICE/App/usbd_desc.o
 .debug_info    0x0001e1c5     0x1c13 ./USB_DEVICE/Target/usbd_conf.o

.debug_abbrev   0x00000000     0x520c
 .debug_abbrev  0x00000000      0x1cd ./Core/Src/App.o
 .debug_abbrev  0x000001cd       0xe5 ./Core/Src/Mode_Select.o
 .debug_abbrev  0x000002b2      0x233 ./Core/Src/State_Machine.o
 .debug_abbrev  0x000004e5      0x209 ./Core/Src/Stepper_Motion.o
 .debug_abbrev  0x000006ee      0x211 ./Core/Src/TMC_Drivers.o
 .debug_abbrev  0x000008ff      0x2d2 ./Core/Src/main.o
 .debug_abbrev  0x00000bd1      0x36c ./Core/Src/pressure_system.o
 .debug_abbrev  0x00000f3d      0x1e8 ./Core/Src/servo_system.o
 .debug_abbrev  0x00001125      0x25d ./Core/Src/stm32f4xx_hal_msp.o
 .debug_abbrev  0x00001382      0x1bf ./Core/Src/stm32f4xx_it.o
 .debug_abbrev  0x00001541      0x11a ./Core/Src/system_stm32f4xx.o
 .debug_abbrev  0x0000165b       0x24 ./Core/Startup/startup_stm32f411ceux.o
 .debug_abbrev  0x0000167f      0x24b ./Drivers/STM32F4xx_HAL_Driver/Src/stm32f4xx_hal.o
 .debug_abbrev  0x000018ca      0x20e ./Drivers/STM32F4xx_HAL_Driver/Src/stm32f4xx_hal_adc.o
 .debug_abbrev  0x00001ad8      0x22c ./Drivers/STM32F4xx_HAL_Driver/Src/stm32f4xx_hal_adc_ex.o
 .debug_abbrev  0x00001d04      0x31d ./Drivers/STM32F4xx_HAL_Driver/Src/stm32f4xx_hal_cortex.o
 .debug_abbrev  0x00002021      0x221 ./Drivers/STM32F4xx_HAL_Driver/Src/stm32f4xx_hal_dma.o
 .debug_abbrev  0x00002242      0x1d3 ./Drivers/STM32F4xx_HAL_Driver/Src/stm32f4xx_hal_gpio.o
 .debug_abbrev  0x00002415      0x26c ./Drivers/STM32F4xx_HAL_Driver/Src/stm32f4xx_hal_i2s.o