Archive member included to satisfy reference by file (symbol)

C:/ST/STM32CubeIDE_2.1.1/STM32CubeIDE/plugins/com.st.stm32cube.ide.mcu.externaltools.gnu-tools-for-stm32.14.3.rel1.win32_1.0.100.202602081740/tools/bin/../lib/gcc/arm-none-eabi/14.3.1/../../../../arm-none-eabi/lib/thumb/v7e-m+fp/hard\libc_nano.a(libc_a-exit.o)
                              C:/ST/STM32CubeIDE_2.1.1/STM32CubeIDE/plugins/com.st.stm32cube.ide.mcu.externaltools.gnu-tools-for-stm32.14.3.rel1.win32_1.0.100.202602081740/tools/bin/../lib/gcc/arm-none-eabi/14.3.1/../../../../arm-none-eabi/lib/thumb/v7e-m+fp/hard/crt0.o (exit)
C:/ST/STM32CubeIDE_2.1.1/STM32CubeIDE/plugins/com.st.stm32cube.ide.mcu.externaltools.gnu-tools-for-stm32.14.3.rel1.win32_1.0.100.202602081740/tools/bin/../lib/gcc/arm-none-eabi/14.3.1/../../../../arm-none-eabi/lib/thumb/v7e-m+fp/hard\libc_nano.a(libc_a-findfp.o)
                              C:/ST/STM32CubeIDE_2.1.1/STM32CubeIDE/plugins/com.st.stm32cube.ide.mcu.externaltools.gnu-tools-for-stm32.14.3.rel1.win32_1.0.100.202602081740/tools/bin/../lib/gcc/arm-none-eabi/14.3.1/../../../../arm-none-eabi/lib/thumb/v7e-m+fp/hard\libc_nano.a(libc_a-exit.o) (__stdio_exit_handler)
C:/ST/STM32CubeIDE_2.1.1/STM32CubeIDE/plugins/com.st.stm32cube.ide.mcu.externaltools.gnu-tools-for-stm32.14.3.rel1.win32_1.0.100.202602081740/tools/bin/../lib/gcc/arm-none-eabi/14.3.1/../../../../arm-none-eabi/lib/thumb/v7e-m+fp/hard\libc_nano.a(libc_a-fwalk.o)
                              C:/ST/STM32CubeIDE_2.1.1/STM32CubeIDE/plugins/com.st.stm32cube.ide.mcu.externaltools.gnu-tools-for-stm32.14.3.rel1.win32_1.0.100.202602081740/tools/bin/../lib/gcc/arm-none-eabi/14.3.1/../../../../arm-none-eabi/lib/thumb/v7e-m+fp/hard\libc_nano.a(libc_a-findfp.o) (_fwalk_sglue)
C:/ST/STM32CubeIDE_2.1.1/STM32CubeIDE/plugins/com.st.stm32cube.ide.mcu.externaltools.gnu-tools-for-stm32.14.3.rel1.win32_1.0.100.202602081740/tools/bin/../lib/gcc/arm-none-eabi/14.3.1/../../../../arm-none-eabi/lib/thumb/v7e-m+fp/hard\libc_nano.a(libc_a-stdio.o)
                              C:/ST/STM32CubeIDE_2.1.1/STM32CubeIDE/plugins/com.st.stm32cube.ide.mcu.externaltools.gnu-tools-for-stm32.14.3.rel1.win32_1.0.100.202602081740/tools/bin/../lib/gcc/arm-none-eabi/14.3.1/../../../../arm-none-eabi/lib/thumb/v7e-m+fp/hard\libc_nano.a(libc_a-findfp.o) (__sread)
C:/ST/STM32CubeIDE_2.1.1/STM32CubeIDE/plugins/com.st.stm32cube.ide.mcu.externaltools.gnu-tools-for-stm32.14.3.rel1.win32_1.0.100.202602081740/tools/bin/../lib/gcc/arm-none-eabi/14.3.1/../../../../arm-none-eabi/lib/thumb/v7e-m+fp/hard\libc_nano.a(libc_a-memset.o)
                              C:/ST/STM32CubeIDE_2.1.1/STM32CubeIDE/plugins/com.st.stm32cube.ide.mcu.externaltools.gnu-tools-for-stm32.14.3.rel1.win32_1.0.100.202602081740/tools/bin/../lib/gcc/arm-none-eabi/14.3.1/../../../../arm-none-eabi/lib/thumb/v7e-m+fp/hard/crt0.o (memset)
C:/ST/STM32CubeIDE_2.1.1/STM32CubeIDE/plugins/com.st.stm32cube.ide.mcu.externaltools.gnu-tools-for-stm32.14.3.rel1.win32_1.0.100.202602081740/tools/bin/../lib/gcc/arm-none-eabi/14.3.1/../../../../arm-none-eabi/lib/thumb/v7e-m+fp/hard\libc_nano.a(libc_a-closer.o)
                              C:/ST/STM32CubeIDE_2.1.1/STM32CubeIDE/plugins/com.st.stm32cube.ide.mcu.externaltools.gnu-tools-for-stm32.14.3.rel1.win32_1.0.100.202602081740/tools/bin/../lib/gcc/arm-none-eabi/14.3.1/../../../../arm-none-eabi/lib/thumb/v7e-m+fp/hard\libc_nano.a(libc_a-stdio.o) (_close_r)
C:/ST/STM32CubeIDE_2.1.1/STM32CubeIDE/plugins/com.st.stm32cube.ide.mcu.externaltools.gnu-tools-for-stm32.14.3.rel1.win32_1.0.100.202602081740/tools/bin/../lib/gcc/arm-none-eabi/14.3.1/../../../../arm-none-eabi/lib/thumb/v7e-m+fp/hard\libc_nano.a(libc_a-reent.o)
                              C:/ST/STM32CubeIDE_2.1.1/STM32CubeIDE/plugins/com.st.stm32cube.ide.mcu.externaltools.gnu-tools-for-stm32.14.3.rel1.win32_1.0.100.202602081740/tools/bin/../lib/gcc/arm-none-eabi/14.3.1/../../../../arm-none-eabi/lib/thumb/v7e-m+fp/hard\libc_nano.a(libc_a-closer.o) (errno)
C:/ST/STM32CubeIDE_2.1.1/STM32CubeIDE/plugins/com.st.stm32cube.ide.mcu.externaltools.gnu-tools-for-stm32.14.3.rel1.win32_1.0.100.202602081740/tools/bin/../lib/gcc/arm-none-eabi/14.3.1/../../../../arm-none-eabi/lib/thumb/v7e-m+fp/hard\libc_nano.a(libc_a-impure.o)
                              C:/ST/STM32CubeIDE_2.1.1/STM32CubeIDE/plugins/com.st.stm32cube.ide.mcu.externaltools.gnu-tools-for-stm32.14.3.rel1.win32_1.0.100.202602081740/tools/bin/../lib/gcc/arm-none-eabi/14.3.1/../../../../arm-none-eabi/lib/thumb/v7e-m+fp/hard\libc_nano.a(libc_a-reent.o) (_impure_ptr)
C:/ST/STM32CubeIDE_2.1.1/STM32CubeIDE/plugins/com.st.stm32cube.ide.mcu.externaltools.gnu-tools-for-stm32.14.3.rel1.win32_1.0.100.202602081740/tools/bin/../lib/gcc/arm-none-eabi/14.3.1/../../../../arm-none-eabi/lib/thumb/v7e-m+fp/hard\libc_nano.a(libc_a-lseekr.o)
[...]
Memory Configuration

Name             Origin             Length             Attributes
RAM              0x20000000         0x00020000         xrw
FLASH            0x08000000         0x00080000         xr
*default*        0x00000000         0xffffffff

Linker script and memory map

LOAD C:/ST/STM32CubeIDE_2.1.1/STM32CubeIDE/plugins/com.st.stm32cube.ide.mcu.externaltools.gnu-tools-for-stm32.14.3.rel1.win32_1.0.100.202602081740/tools/bin/../lib/gcc/arm-none-eabi/14.3.1/thumb/v7e-m+fp/hard/crti.o
LOAD C:/ST/STM32CubeIDE_2.1.1/STM32CubeIDE/plugins/com.st.stm32cube.ide.mcu.externaltools.gnu-tools-for-stm32.14.3.rel1.win32_1.0.100.202602081740/tools/bin/../lib/gcc/arm-none-eabi/14.3.1/thumb/v7e-m+fp/hard/crtbegin.o
LOAD C:/ST/STM32CubeIDE_2.1.1/STM32CubeIDE/plugins/com.st.stm32cube.ide.mcu.externaltools.gnu-tools-for-stm32.14.3.rel1.win32_1.0.100.202602081740/tools/bin/../lib/gcc/arm-none-eabi/14.3.1/../../../../arm-none-eabi/lib/thumb/v7e-m+fp/hard/crt0.o
LOAD ./Core/Src/App.o
LOAD ./Core/Src/Mode_Select.o
LOAD ./Core/Src/State_Machine.o
LOAD ./Core/Src/Stepper_Motion.o
LOAD ./Core/Src/TMC_Drivers.o
LOAD ./Core/Src/main.o
LOAD ./Core/Src/pressure_system.o
LOAD ./Core/Src/stm32f4xx_hal_msp.o
LOAD ./Core/Src/stm32f4xx_it.o
LOAD ./Core/Src/syscalls.o
LOAD ./Core/Src/sysmem.o
LOAD ./Core/Src/system_stm32f4xx.o
LOAD ./Core/Startup/startup_stm32f411ceux.o
LOAD ./Drivers/STM32F4xx_HAL_Driver/Src/stm32f4xx_hal.o
LOAD ./Drivers/STM32F4xx_HAL_Driver/Src/stm32f4xx_hal_adc.o
LOAD ./Drivers/STM32F4xx_HAL_Driver/Src/stm32f4xx_hal_adc_ex.o
LOAD ./Drivers/STM32F4xx_HAL_Driver/Src/stm32f4xx_hal_cortex.o
LOAD ./Drivers/STM32F4xx_HAL_Driver/Src/stm32f4xx_hal_dma.o
LOAD ./Drivers/STM32F4xx_HAL_Driver/Src/stm32f4xx_hal_dma_ex.o
LOAD ./Drivers/STM32F4xx_HAL_Driver/Src/stm32f4xx_hal_exti.o
LOAD ./Drivers/STM32F4xx_HAL_Driver/Src/stm32f4xx_hal_flash.o
LOAD ./Drivers/STM32F4xx_HAL_Driver/Src/stm32f4xx_hal_flash_ex.o
LOAD ./Drivers/STM32F4xx_HAL_Driver/Src/stm32f4xx_hal_flash_ramfunc.o
LOAD ./Drivers/STM32F4xx_HAL_Driver/Src/stm32f4xx_hal_gpio.o
LOAD ./Drivers/STM32F4xx_HAL_Driver/Src/stm32f4xx_hal_i2s.o
LOAD ./Drivers/STM32F4xx_HAL_Driver/Src/stm32f4xx_hal_i2s_ex.o
LOAD ./Drivers/STM32F4xx_HAL_Driver/Src/stm32f4xx_hal_pcd.o
LOAD ./Drivers/STM32F4xx_HAL_Driver/Src/stm32f4xx_hal_pcd_ex.o
LOAD ./Drivers/STM32F4xx_HAL_Driver/Src/stm32f4xx_hal_pwr.o
LOAD ./Drivers/STM32F4xx_HAL_Driver/Src/stm32f4xx_hal_pwr_ex.o
LOAD ./Drivers/STM32F4xx_HAL_Driver/Src/stm32f4xx_hal_rcc.o
LOAD ./Drivers/STM32F4xx_HAL_Driver/Src/stm32f4xx_hal_rcc_ex.o
LOAD ./Drivers/STM32F4xx_HAL_Driver/Src/stm32f4xx_hal_spi.o
LOAD ./Drivers/STM32F4xx_HAL_Driver/Src/stm32f4xx_hal_tim.o
LOAD ./Drivers/STM32F4xx_HAL_Driver/Src/stm32f4xx_hal_tim_ex.o
LOAD ./Drivers/STM32F4xx_HAL_Driver/Src/stm32f4xx_hal_uart.o
LOAD ./Drivers/STM32F4xx_HAL_Driver/Src/stm32f4xx_ll_usb.o
LOAD ./Middlewares/ST/STM32_USB_Device_Library/Class/CDC/Src/usbd_cdc.o
LOAD ./Middlewares/ST/STM32_USB_Device_Library/Core/Src/usbd_core.o
LOAD ./Middlewares/ST/STM32_USB_Device_Library/Core/Src/usbd_ctlreq.o
LOAD ./Middlewares/ST/STM32_USB_Device_Library/Core/Src/usbd_ioreq.o
LOAD ./USB_DEVICE/App/usb_device.o
LOAD ./USB_DEVICE/App/usbd_cdc_if.o
LOAD ./USB_DEVICE/App/usbd_desc.o
LOAD ./USB_DEVICE/Target/usbd_conf.o
START GROUP
LOAD C:/ST/STM32CubeIDE_2.1.1/STM32CubeIDE/plugins/com.st.stm32cube.ide.mcu.externaltools.gnu-tools-for-stm32.14.3.rel1.win32_1.0.100.202602081740/tools/bin/../lib/gcc/arm-none-eabi/14.3.1/../../../../arm-none-eabi/lib/thumb/v7e-m+fp/hard\libc_nano.a
LOAD C:/ST/STM32CubeIDE_2.1.1/STM32CubeIDE/plugins/com.st.stm32cube.ide.mcu.externaltools.gnu-tools-for-stm32.14.3.rel1.win32_1.0.100.202602081740/tools/bin/../lib/gcc/arm-none-eabi/14.3.1/../../../../arm-none-eabi/lib/thumb/v7e-m+fp/hard\libm.a
END GROUP
START GROUP
LOAD C:/ST/STM32CubeIDE_2.1.1/STM32CubeIDE/plugins/com.st.stm32cube.ide.mcu.externaltools.gnu-tools-for-stm32.14.3.rel1.win32_1.0.100.202602081740/tools/bin/../lib/gcc/arm-none-eabi/14.3.1/thumb/v7e-m+fp/hard\libgcc.a
LOAD C:/ST/STM32CubeIDE_2.1.1/STM32CubeIDE/plugins/com.st.stm32cube.ide.mcu.externaltools.gnu-tools-for-stm32.14.3.rel1.win32_1.0.100.202602081740/tools/bin/../lib/gcc/arm-none-eabi/14.3.1/../../../../arm-none-eabi/lib/thumb/v7e-m+fp/hard\libc_nano.a
END GROUP
START GROUP
LOAD C:/ST/STM32CubeIDE_2.1.1/STM32CubeIDE/plugins/com.st.stm32cube.ide.mcu.externaltools.gnu-tools-for-stm32.14.3.rel1.win32_1.0.100.202602081740/tools/bin/../lib/gcc/arm-none-eabi/14.3.1/thumb/v7e-m+fp/hard\libgcc.a
LOAD C:/ST/STM32CubeIDE_2.1.1/STM32CubeIDE/plugins/com.st.stm32cube.ide.mcu.externaltools.gnu-tools-for-stm32.14.3.rel1.win32_1.0.100.202602081740/tools/bin/../lib/gcc/arm-none-eabi/14.3.1/../../../../arm-none-eabi/lib/thumb/v7e-m+fp/hard\libc_nano.a
LOAD C:/ST/STM32CubeIDE_2.1.1/STM32CubeIDE/plugins/com.st.stm32cube.ide.mcu.externaltools.gnu-tools-for-stm32.14.3.rel1.win32_1.0.100.202602081740/tools/bin/../lib/gcc/arm-none-eabi/14.3.1/../../../../arm-none-eabi/lib/thumb/v7e-m+fp/hard\libnosys.a
END GROUP
START GROUP
LOAD C:/ST/STM32CubeIDE_2.1.1/STM32CubeIDE/plugins/com.st.stm32cube.ide.mcu.externaltools.gnu-tools-for-stm32.14.3.rel1.win32_1.0.100.202602081740/tools/bin/../lib/gcc/arm-none-eabi/14.3.1/thumb/v7e-m+fp/hard\libgcc.a
LOAD C:/ST/STM32CubeIDE_2.1.1/STM32CubeIDE/plugins/com.st.stm32cube.ide.mcu.externaltools.gnu-tools-for-stm32.14.3.rel1.win32_1.0.100.202602081740/tools/bin/../lib/gcc/arm-none-eabi/14.3.1/../../../../arm-none-eabi/lib/thumb/v7e-m+fp/hard\libc_nano.a
LOAD C:/ST/STM32CubeIDE_2.1.1/STM32CubeIDE/plugins/com.st.stm32cube.ide.mcu.externaltools.gnu-tools-for-stm32.14.3.rel1.win32_1.0.100.202602081740/tools/bin/../lib/gcc/arm-none-eabi/14.3.1/../../../../arm-none-eabi/lib/thumb/v7e-m+fp/hard\libnosys.a
END GROUP
LOAD C:/ST/STM32CubeIDE_2.1.1/STM32CubeIDE/plugins/com.st.stm32cube.ide.mcu.externaltools.gnu-tools-for-stm32.14.3.rel1.win32_1.0.100.202602081740/tools/bin/../lib/gcc/arm-none-eabi/14.3.1/thumb/v7e-m+fp/hard/crtend.o
LOAD C:/ST/STM32CubeIDE_2.1.1/STM32CubeIDE/plugins/com.st.stm32cube.ide.mcu.externaltools.gnu-tools-for-stm32.14.3.rel1.win32_1.0.100.202602081740/tools/bin/../lib/gcc/arm-none-eabi/14.3.1/thumb/v7e-m+fp/hard/crtn.o
                0x20020000                        _estack = (ORIGIN (RAM) + LENGTH (RAM))
                0x00000200                        _Min_Heap_Size = 0x200
                0x00000400                        _Min_Stack_Size = 0x400

.isr_vector     0x08000000      0x198
                0x08000000                        . = ALIGN (0x4)
 *(.isr_vector)
 .isr_vector    0x08000000      0x198 ./Core/Startup/startup_stm32f411ceux.o
                0x08000000                g_pfnVectors
                0x08000198                        . = ALIGN (0x4)

.text           0x08000198     0xc16c
                0x08000198                        . = ALIGN (0x4)
 *(.text)
 .text          0x08000198       0x40 C:/ST/STM32CubeIDE_2.1.1/STM32CubeIDE/plugins/com.st.stm32cube.ide.mcu.externaltools.gnu-tools-for-stm32.14.3.rel1.win32_1.0.100.202602081740/tools/bin/../lib/gcc/arm-none-eabi/14.3.1/thumb/v7e-m+fp/hard/crtbegin.o
 .text          0x080001d8       0x30 C:/ST/STM32CubeIDE_2.1.1/STM32CubeIDE/plugins/com.st.stm32cube.ide.mcu.externaltools.gnu-tools-for-stm32.14.3.rel1.win32_1.0.100.202602081740/tools/bin/../lib/gcc/arm-none-eabi/14.3.1/thumb/v7e-m+fp/hard\libgcc.a(_aeabi_uldivmod.o)
                0x080001d8                __aeabi_uldivmod
 .text          0x08000208      0x2f8 C:/ST/STM32CubeIDE_2.1.1/STM32CubeIDE/plugins/com.st.stm32cube.ide.mcu.externaltools.gnu-tools-for-stm32.14.3.rel1.win32_1.0.100.202602081740/tools/bin/../lib/gcc/arm-none-eabi/14.3.1/thumb/v7e-m+fp/hard\libgcc.a(_udivmoddi4.o)
                0x08000208                __udivmoddi4
 .text          0x08000500        0x4 C:/ST/STM32CubeIDE_2.1.1/STM32CubeIDE/plugins/com.st.stm32cube.ide.mcu.externaltools.gnu-tools-for-stm32.14.3.rel1.win32_1.0.100.202602081740/tools/bin/../lib/gcc/arm-none-eabi/14.3.1/thumb/v7e-m+fp/hard\libgcc.a(_dvmd_tls.o)
                0x08000500                __aeabi_idiv0
                0x08000500                __aeabi_ldiv0
 *(.text*)
 .text.App_Init
                0x08000504       0x24 ./Core/Src/App.o
                0x08000504                App_Init
 .text.App_Task
                0x08000528       0x24 ./Core/Src/App.o
                0x08000528                App_Task
 .text.Mode_Select_Init
                0x0800054c       0x24 ./Core/Src/Mode_Select.o
                0x0800054c                Mode_Select_Init
 .text.Mode_Select_Task
                0x08000570       0x14 ./Core/Src/Mode_Select.o
                0x08000570                Mode_Select_Task
 .text.Mode_Select_HasSelection
                0x08000584       0x18 ./Core/Src/Mode_Select.o
                0x08000584                Mode_Select_HasSelection
 .text.Mode_Select_GetSelectedMode
                0x0800059c       0x18 ./Core/Src/Mode_Select.o
                0x0800059c                Mode_Select_GetSelectedMode
 .text.Mode_Select_Reset
                0x080005b4       0x24 ./Core/Src/Mode_Select.o
                0x080005b4                Mode_Select_Reset
 .text.State_Machine_Init
                0x080005d8       0x4c ./Core/Src/State_Machine.o
                0x080005d8                State_Machine_Init
 .text.State_Machine_Task
                0x08000624      0x224 ./Core/Src/State_Machine.o
                0x08000624                State_Machine_Task
 .text.State_Machine_ClearFlags
                0x08000848       0x80 ./Core/Src/State_Machine.o
 .text.Hardware_Init_Request
                0x080008c8        0xc ./Core/Src/State_Machine.o
 .text.Stepper_Home_Request
                0x080008d4       0x22 ./Core/Src/State_Machine.o
 .text.Stepper_Stop_Request
                0x080008f6        0xc ./Core/Src/State_Machine.o
 *fill*         0x08000902        0x2 
 .text.Servo_SetMuted_Request
                0x08000904       0x20 ./Core/Src/State_Machine.o
 .text.Fan_Enable_Request
                0x08000924       0x74 ./Core/Src/State_Machine.o
 .text.Live_Harmonizer_Enable_Request
                0x08000998       0x20 ./Core/Src/State_Machine.o
 .text.Song_Player_Enable_Request
                0x080009b8       0x34 ./Core/Src/State_Machine.o
 .text.Song_Player_Start_Request
                0x080009ec       0x20 ./Core/Src/State_Machine.o
 .text.Song_Player_IsDone_Request
                0x08000a0c       0x10 ./Core/Src/State_Machine.o
 .text.Stepper_HomeSwitchTriggered
                0x08000a1c       0x28 ./Core/Src/Stepper_Motion.o
 .text.Stepper_Init
                0x08000a44       0x50 ./Core/Src/Stepper_Motion.o
                0x08000a44                Stepper_Init
 .text.Stepper_ApplySafeProfile
                0x08000a94       0x5c ./Core/Src/Stepper_Motion.o
                0x08000a94                Stepper_ApplySafeProfile
 .text.Stepper_GetPositionSteps
                0x08000af0       0x24 ./Core/Src/Stepper_Motion.o
                0x08000af0                Stepper_GetPositionSteps
 .text.Stepper_Stop
                0x08000b14       0x26 ./Core/Src/Stepper_Motion.o
                0x08000b14                Stepper_Stop
 *fill*         0x08000b3a        0x2 
 .text.Stepper_Home
                0x08000b3c      0x120 ./Core/Src/Stepper_Motion.o
                0x08000b3c                Stepper_Home
 .text.TMC_ENN  0x08000c5c       0x18 ./Core/Src/TMC_Drivers.o
                0x08000c5c                TMC_ENN
 .text.TMC_DIS  0x08000c74       0x18 ./Core/Src/TMC_Drivers.o
                0x08000c74                TMC_DIS
 .text.TMC_Select
                0x08000c8c       0x18 ./Core/Src/TMC_Drivers.o
                0x08000c8c                TMC_Select
 .text.TMC_Deselect
                0x08000ca4       0x18 ./Core/Src/TMC_Drivers.o
                0x08000ca4                TMC_Deselect
 .text.TMC_Transfer40
                0x08000cbc       0x94 ./Core/Src/TMC_Drivers.o
                0x08000cbc                TMC_Transfer40
 .text.TMC_Write_Reg
                0x08000d50       0x28 ./Core/Src/TMC_Drivers.o
                0x08000d50                TMC_Write_Reg
 .text.TMC_Read_Reg
                0x08000d78       0x3c ./Core/Src/TMC_Drivers.o
                0x08000d78                TMC_Read_Reg
 .text.TMC_Default_Config
                0x08000db4       0x78 ./Core/Src/TMC_Drivers.o
                0x08000db4                TMC_Default_Config
 .text.TMC_Init_With_Config
                0x08000e2c       0xf0 ./Core/Src/TMC_Drivers.o
                0x08000e2c                TMC_Init_With_Config
 .text.TMC_Basic_Init
                0x08000f1c       0x1e ./Core/Src/TMC_Drivers.o
                0x08000f1c                TMC_Basic_Init
 .text.main     0x08000f3a       0x3a ./Core/Src/main.o
                0x08000f3a                main
 .text.SystemClock_Config
                0x08000f74       0xd0 ./Core/Src/main.o
                0x08000f74                SystemClock_Config
 .text.MX_ADC1_Init
                0x08001044       0xa4 ./Core/Src/main.o
 .text.MX_I2S2_Init
                0x080010e8       0x5c ./Core/Src/main.o
 .text.MX_SPI3_Init
                0x08001144       0x6c ./Core/Src/main.o
 .text.MX_TIM2_Init
                0x080011b0       0xec ./Core/Src/main.o
 .text.MX_TIM3_Init
                0x0800129c      0x134 ./Core/Src/main.o
 .text.MX_USART1_UART_Init
                0x080013d0       0x54 ./Core/Src/main.o
 .text.MX_DMA_Init
                0x08001424       0x40 ./Core/Src/main.o
 .text.MX_GPIO_Init
                0x08001464       0xe4 ./Core/Src/main.o
 .text.Error_Handler
                0x08001548        0xc ./Core/Src/main.o
                0x08001548                Error_Handler
 .text.PressureSystem_Init
                0x08001554      0x13c ./Core/Src/pressure_system.o
                0x08001554                PressureSystem_Init
 .text.PressureSystem_SetTarget
                0x08001690       0x78 ./Core/Src/pressure_system.o
                0x08001690                PressureSystem_SetTarget
 .text.PressureSystem_Stop
                0x08001708       0x40 ./Core/Src/pressure_system.o
                0x08001708                PressureSystem_Stop
 .text.PressureSystem_Update
                0x08001748       0xd8 ./Core/Src/pressure_system.o
                0x08001748                PressureSystem_Update
 .text.Pressure_RequestSample
                0x08001820       0xc0 ./Core/Src/pressure_system.o
 .text.PressureAdc_Update
                0x080018e0       0x50 ./Core/Src/pressure_system.o
 .text.Pressure_ProcessCalibrationSample
                0x08001930       0xf0 ./Core/Src/pressure_system.o
 .text.Pressure_FinishCalibration
                0x08001a20      0x178 ./Core/Src/pressure_system.o
 .text.Pressure_ProcessSample
                0x08001b98      0x1b8 ./Core/Src/pressure_system.o
 .text.PressureControl_Update
                0x08001d50      0x294 ./Core/Src/pressure_system.o
 .text.Fan_SetDutyPercent
                0x08001fe4       0xd0 ./Core/Src/pressure_system.o
 .text.HAL_ADC_ConvCpltCallback
                0x080020b4       0x4c ./Core/Src/pressure_system.o
                0x080020b4                HAL_ADC_ConvCpltCallback
 .text.HAL_ADC_ErrorCallback
                0x08002100       0x3c ./Core/Src/pressure_system.o
                0x08002100                HAL_ADC_ErrorCallback
 .text.PressureSystem_IsReady
                0x0800213c       0x20 ./Core/Src/pressure_system.o
                0x0800213c                PressureSystem_IsReady
 .text.PressureSystem_IsStable
                0x0800215c       0x64 ./Core/Src/pressure_system.o
                0x0800215c                PressureSystem_IsStable
 .text.HAL_MspInit
                0x080021c0       0x50 ./Core/Src/stm32f4xx_hal_msp.o
                0x080021c0                HAL_MspInit
 .text.HAL_ADC_MspInit
                0x08002210       0x98 ./Core/Src/stm32f4xx_hal_msp.o
                0x08002210                HAL_ADC_MspInit
 .text.HAL_I2S_MspInit
                0x080022a8      0x174 ./Core/Src/stm32f4xx_hal_msp.o
                0x080022a8                HAL_I2S_MspInit
 .text.HAL_SPI_MspInit
                0x0800241c       0xb0 ./Core/Src/stm32f4xx_hal_msp.o
                0x0800241c                HAL_SPI_MspInit
 .text.HAL_TIM_Base_MspInit
                0x080024cc       0xb8 ./Core/Src/stm32f4xx_hal_msp.o
                0x080024cc                HAL_TIM_Base_MspInit
 .text.HAL_TIM_MspPostInit
                0x08002584       0xbc ./Core/Src/stm32f4xx_hal_msp.o
                0x08002584                HAL_TIM_MspPostInit
 .text.HAL_UART_MspInit
                0x08002640       0x90 ./Core/Src/stm32f4xx_hal_msp.o
                0x08002640                HAL_UART_MspInit
 .text.NMI_Handler
                0x080026d0        0x8 ./Core/Src/stm32f4xx_it.o
                0x080026d0                NMI_Handler
 .text.HardFault_Handler
                0x080026d8        0x8 ./Core/Src/stm32f4xx_it.o
                0x080026d8                HardFault_Handler
 .text.MemManage_Handler
                0x080026e0        0x8 ./Core/Src/stm32f4xx_it.o
                0x080026e0                MemManage_Handler
 .text.BusFault_Handler
                0x080026e8        0x8 ./Core/Src/stm32f4xx_it.o
                0x080026e8                BusFault_Handler
 .text.UsageFault_Handler
                0x080026f0        0x8 ./Core/Src/stm32f4xx_it.o
                0x080026f0                UsageFault_Handler
 .text.SVC_Handler
                0x080026f8        0xe ./Core/Src/stm32f4xx_it.o
                0x080026f8                SVC_Handler
 .text.DebugMon_Handler
                0x08002706        0xe ./Core/Src/stm32f4xx_it.o
                0x08002706                DebugMon_Handler
 .text.PendSV_Handler
                0x08002714        0xe ./Core/Src/stm32f4xx_it.o
                0x08002714                PendSV_Handler
 .text.SysTick_Handler
                0x08002722        0xc ./Core/Src/stm32f4xx_it.o
                0x08002722                SysTick_Handler
 *fill*         0x0800272e        0x2 
 .text.DMA1_Stream3_IRQHandler
                0x08002730       0x14 ./Core/Src/stm32f4xx_it.o
                0x08002730                DMA1_Stream3_IRQHandler
 .text.ADC_IRQHandler
                0x08002744       0x14 ./Core/Src/stm32f4xx_it.o
                0x08002744                ADC_IRQHandler
 .text.OTG_FS_IRQHandler
                0x08002758       0x14 ./Core/Src/stm32f4xx_it.o
                0x08002758                OTG_FS_IRQHandler
 .text.SystemInit
                0x0800276c       0x24 ./Core/Src/system_stm32f4xx.o
                0x0800276c                SystemInit
 .text.Reset_Handler
                0x08002790       0x50 ./Core/Startup/startup_stm32f411ceux.o
                0x08002790                Reset_Handler
 .text.Default_Handler
                0x080027e0        0x2 ./Core/Startup/startup_stm32f411ceux.o
                0x080027e0                RTC_Alarm_IRQHandler
                0x080027e0                EXTI2_IRQHandler
                0x080027e0                SPI4_IRQHandler
                0x080027e0                TIM1_CC_IRQHandler
                0x080027e0                DMA2_Stream5_IRQHandler
                0x080027e0                DMA1_Stream5_IRQHandler
                0x080027e0                PVD_IRQHandler
                0x080027e0                SDIO_IRQHandler
                0x080027e0                TAMP_STAMP_IRQHandler
                0x080027e0                EXTI3_IRQHandler
                0x080027e0                TIM1_UP_TIM10_IRQHandler
                0x080027e0                I2C3_ER_IRQHandler
                0x080027e0                EXTI0_IRQHandler
                0x080027e0                I2C2_EV_IRQHandler
                0x080027e0                DMA1_Stream2_IRQHandler
                0x080027e0                FPU_IRQHandler
                0x080027e0                DMA2_Stream2_IRQHandler
                0x080027e0                SPI1_IRQHandler
                0x080027e0                TIM1_BRK_TIM9_IRQHandler
                0x080027e0                DMA2_Stream3_IRQHandler
                0x080027e0                USART6_IRQHandler
                0x080027e0                DMA2_Stream0_IRQHandler
                0x080027e0                TIM4_IRQHandler
                0x080027e0                I2C1_EV_IRQHandler
                0x080027e0                DMA1_Stream6_IRQHandler
                0x080027e0                DMA1_Stream1_IRQHandler
                0x080027e0                TIM3_IRQHandler
                0x080027e0                RCC_IRQHandler
                0x080027e0                Default_Handler
                0x080027e0                EXTI15_10_IRQHandler
                0x080027e0                DMA1_Stream7_IRQHandler
                0x080027e0                SPI5_IRQHandler
                0x080027e0                TIM5_IRQHandler
                0x080027e0                DMA2_Stream7_IRQHandler
                0x080027e0                I2C3_EV_IRQHandler
                0x080027e0                EXTI9_5_IRQHandler
                0x080027e0                RTC_WKUP_IRQHandler
                0x080027e0                SPI2_IRQHandler
                0x080027e0                DMA1_Stream0_IRQHandler
                0x080027e0                EXTI4_IRQHandler
                0x080027e0                WWDG_IRQHandler
                0x080027e0                TIM2_IRQHandler
                0x080027e0                OTG_FS_WKUP_IRQHandler
                0x080027e0                TIM1_TRG_COM_TIM11_IRQHandler
                0x080027e0                EXTI1_IRQHandler
                0x080027e0                USART2_IRQHandler
                0x080027e0                I2C2_ER_IRQHandler
                0x080027e0                DMA2_Stream1_IRQHandler
                0x080027e0                FLASH_IRQHandler
                0x080027e0                DMA2_Stream4_IRQHandler
                0x080027e0                USART1_IRQHandler
                0x080027e0                SPI3_IRQHandler
                0x080027e0                DMA1_Stream4_IRQHandler
                0x080027e0                I2C1_ER_IRQHandler
                0x080027e0                DMA2_Stream6_IRQHandler
 *fill*         0x080027e2        0x2 
 .text.HAL_Init
                0x080027e4       0x44 ./Drivers/STM32F4xx_HAL_Driver/Src/stm32f4xx_hal.o
                0x080027e4                HAL_Init
 .text.HAL_InitTick
                0x08002828       0x60 ./Drivers/STM32F4xx_HAL_Driver/Src/stm32f4xx_hal.o
                0x08002828                HAL_InitTick
 .text.HAL_IncTick
                0x08002888       0x28 ./Drivers/STM32F4xx_HAL_Driver/Src/stm32f4xx_hal.o
                0x08002888                HAL_IncTick
 .text.HAL_GetTick
                0x080028b0       0x18 ./Drivers/STM32F4xx_HAL_Driver/Src/stm32f4xx_hal.o
                0x080028b0                HAL_GetTick
 .text.HAL_Delay
                0x080028c8       0x48 ./Drivers/STM32F4xx_HAL_Driver/Src/stm32f4xx_hal.o
                0x080028c8                HAL_Delay
 .text.HAL_ADC_Init
                0x08002910       0x86 ./Drivers/STM32F4xx_HAL_Driver/Src/stm32f4xx_hal_adc.o
                0x08002910                HAL_ADC_Init
 *fill*         0x08002996        0x2 
 .text.HAL_ADC_Start_IT
                0x08002998      0x17c ./Drivers/STM32F4xx_HAL_Driver/Src/stm32f4xx_hal_adc.o
                0x08002998                HAL_ADC_Start_IT
 .text.HAL_ADC_Stop_IT
                0x08002b14       0x7a ./Drivers/STM32F4xx_HAL_Driver/Src/stm32f4xx_hal_adc.o
                0x08002b14                HAL_ADC_Stop_IT
 .text.HAL_ADC_IRQHandler
                0x08002b8e      0x220 ./Drivers/STM32F4xx_HAL_Driver/Src/stm32f4xx_hal_adc.o
                0x08002b8e                HAL_ADC_IRQHandler
 .text.HAL_ADC_GetValue
                0x08002dae       0x1a ./Drivers/STM32F4xx_HAL_Driver/Src/stm32f4xx_hal_adc.o
                0x08002dae                HAL_ADC_GetValue
 .text.HAL_ADC_LevelOutOfWindowCallback
                0x08002dc8       0x14 ./Drivers/STM32F4xx_HAL_Driver/Src/stm32f4xx_hal_adc.o
                0x08002dc8                HAL_ADC_LevelOutOfWindowCallback
 .text.HAL_ADC_ConfigChannel
                0x08002ddc      0x264 ./Drivers/STM32F4xx_HAL_Driver/Src/stm32f4xx_hal_adc.o
                0x08002ddc                HAL_ADC_ConfigChannel
 .text.ADC_Init
                0x08003040      0x1f8 ./Drivers/STM32F4xx_HAL_Driver/Src/stm32f4xx_hal_adc.o
 .text.HAL_ADCEx_InjectedConvCpltCallback
                0x08003238       0x14 ./Drivers/STM32F4xx_HAL_Driver/Src/stm32f4xx_hal_adc_ex.o
                0x08003238                HAL_ADCEx_InjectedConvCpltCallback
 .text.__NVIC_SetPriorityGrouping
                0x0800324c       0x48 ./Drivers/STM32F4xx_HAL_Driver/Src/stm32f4xx_hal_cortex.o
 .text.__NVIC_GetPriorityGrouping
                0x08003294       0x1c ./Drivers/STM32F4xx_HAL_Driver/Src/stm32f4xx_hal_cortex.o
 .text.__NVIC_EnableIRQ
                0x080032b0       0x3c ./Drivers/STM32F4xx_HAL_Driver/Src/stm32f4xx_hal_cortex.o
 .text.__NVIC_SetPriority
                0x080032ec       0x54 ./Drivers/STM32F4xx_HAL_Driver/Src/stm32f4xx_hal_cortex.o
 .text.NVIC_EncodePriority
                0x08003340       0x66 ./Drivers/STM32F4xx_HAL_Driver/Src/stm32f4xx_hal_cortex.o
 *fill*         0x080033a6        0x2 
 .text.SysTick_Config
                0x080033a8       0x44 ./Drivers/STM32F4xx_HAL_Driver/Src/stm32f4xx_hal_cortex.o
 .text.HAL_NVIC_SetPriorityGrouping
                0x080033ec       0x16 ./Drivers/STM32F4xx_HAL_Driver/Src/stm32f4xx_hal_cortex.o
                0x080033ec                HAL_NVIC_SetPriorityGrouping
 .text.HAL_NVIC_SetPriority
                0x08003402       0x38 ./Drivers/STM32F4xx_HAL_Driver/Src/stm32f4xx_hal_cortex.o
                0x08003402                HAL_NVIC_SetPriority
 .text.HAL_NVIC_EnableIRQ
                0x0800343a       0x1c ./Drivers/STM32F4xx_HAL_Driver/Src/stm32f4xx_hal_cortex.o
                0x0800343a                HAL_NVIC_EnableIRQ
 .text.HAL_SYSTICK_Config
                0x08003456       0x18 ./Drivers/STM32F4xx_HAL_Driver/Src/stm32f4xx_hal_cortex.o
                0x08003456                HAL_SYSTICK_Config
 *fill*         0x0800346e        0x2 
 .text.HAL_DMA_Init
                0x08003470      0x15c ./Drivers/STM32F4xx_HAL_Driver/Src/stm32f4xx_hal_dma.o
                0x08003470                HAL_DMA_Init
 .text.HAL_DMA_IRQHandler
                0x080035cc      0x314 ./Drivers/STM32F4xx_HAL_Driver/Src/stm32f4xx_hal_dma.o
                0x080035cc                HAL_DMA_IRQHandler
 .text.DMA_CalcBaseAndBitshift
                0x080038e0       0x6c ./Drivers/STM32F4xx_HAL_Driver/Src/stm32f4xx_hal_dma.o
 .text.DMA_CheckFifoParam
                0x0800394c       0xf8 ./Drivers/STM32F4xx_HAL_Driver/Src/stm32f4xx_hal_dma.o
 .text.HAL_GPIO_Init
                0x08003a44      0x308 ./Drivers/STM32F4xx_HAL_Driver/Src/stm32f4xx_hal_gpio.o
                0x08003a44                HAL_GPIO_Init
 .text.HAL_GPIO_WritePin
                0x08003d4c       0x32 ./Drivers/STM32F4xx_HAL_Driver/Src/stm32f4xx_hal_gpio.o
                0x08003d4c                HAL_GPIO_WritePin
 *fill*         0x08003d7e        0x2 
 .text.HAL_I2S_Init
                0x08003d80      0x280 ./Drivers/STM32F4xx_HAL_Driver/Src/stm32f4xx_hal_i2s.o
                0x08003d80                HAL_I2S_Init
 .text.HAL_I2S_TxCpltCallback
                0x08004000       0x14 ./Drivers/STM32F4xx_HAL_Driver/Src/stm32f4xx_hal_i2s.o
                0x08004000                HAL_I2S_TxCpltCallback
 .text.HAL_I2S_RxCpltCallback
                0x08004014       0x14 ./Drivers/STM32F4xx_HAL_Driver/Src/stm32f4xx_hal_i2s.o
                0x08004014                HAL_I2S_RxCpltCallback
 .text.HAL_I2S_ErrorCallback
                0x08004028       0x14 ./Drivers/STM32F4xx_HAL_Driver/Src/stm32f4xx_hal_i2s.o
                0x08004028                HAL_I2S_ErrorCallback
 .text.I2S_Transmit_IT
                0x0800403c       0x5c ./Drivers/STM32F4xx_HAL_Driver/Src/stm32f4xx_hal_i2s.o
 .text.I2S_Receive_IT
                0x08004098       0x5e ./Drivers/STM32F4xx_HAL_Driver/Src/stm32f4xx_hal_i2s.o
 .text.I2S_IRQHandler
                0x080040f6      0x114 ./Drivers/STM32F4xx_HAL_Driver/Src/stm32f4xx_hal_i2s.o
 *fill*         0x0800420a        0x2 
 .text.HAL_I2SEx_FullDuplex_IRQHandler
                0x0800420c      0x2a8 ./Drivers/STM32F4xx_HAL_Driver/Src/stm32f4xx_hal_i2s_ex.o
                0x0800420c                HAL_I2SEx_FullDuplex_IRQHandler
 .text.HAL_I2SEx_TxRxCpltCallback
                0x080044b4       0x14 ./Drivers/STM32F4xx_HAL_Driver/Src/stm32f4xx_hal_i2s_ex.o
                0x080044b4                HAL_I2SEx_TxRxCpltCallback
 .text.I2SEx_TxISR_I2S
                0x080044c8       0x62 ./Drivers/STM32F4xx_HAL_Driver/Src/stm32f4xx_hal_i2s_ex.o
 *fill*         0x0800452a        0x2 
 .text.I2SEx_TxISR_I2SExt
                0x0800452c       0x98 ./Drivers/STM32F4xx_HAL_Driver/Src/stm32f4xx_hal_i2s_ex.o
 .text.I2SEx_RxISR_I2S
                0x080045c4       0x64 ./Drivers/STM32F4xx_HAL_Driver/Src/stm32f4xx_hal_i2s_ex.o
 .text.I2SEx_RxISR_I2SExt
                0x08004628       0x98 ./Drivers/STM32F4xx_HAL_Driver/Src/stm32f4xx_hal_i2s_ex.o
 .text.HAL_PCD_Init
                0x080046c0      0x21e ./Drivers/STM32F4xx_HAL_Driver/Src/stm32f4xx_hal_pcd.o
                0x080046c0                HAL_PCD_Init
 .text.HAL_PCD_Start
                0x080048de       0x6a ./Drivers/STM32F4xx_HAL_Driver/Src/stm32f4xx_hal_pcd.o
                0x080048de                HAL_PCD_Start
 .text.HAL_PCD_IRQHandler
                0x08004948      0x942 ./Drivers/STM32F4xx_HAL_Driver/Src/stm32f4xx_hal_pcd.o
                0x08004948                HAL_PCD_IRQHandler
 .text.HAL_PCD_SetAddress
                0x0800528a       0x48 ./Drivers/STM32F4xx_HAL_Driver/Src/stm32f4xx_hal_pcd.o
                0x0800528a                HAL_PCD_SetAddress
 .text.HAL_PCD_EP_Open
                0x080052d2       0xd4 ./Drivers/STM32F4xx_HAL_Driver/Src/stm32f4xx_hal_pcd.o
                0x080052d2                HAL_PCD_EP_Open
 .text.HAL_PCD_EP_Close
                0x080053a6       0x94 ./Drivers/STM32F4xx_HAL_Driver/Src/stm32f4xx_hal_pcd.o
                0x080053a6                HAL_PCD_EP_Close
 .text.HAL_PCD_EP_Receive
                0x0800543a       0x76 ./Drivers/STM32F4xx_HAL_Driver/Src/stm32f4xx_hal_pcd.o
                0x0800543a                HAL_PCD_EP_Receive
 .text.HAL_PCD_EP_GetRxCount
                0x080054b0       0x30 ./Drivers/STM32F4xx_HAL_Driver/Src/stm32f4xx_hal_pcd.o
                0x080054b0                HAL_PCD_EP_GetRxCount
 .text.HAL_PCD_EP_Transmit
                0x080054e0       0x74 ./Drivers/STM32F4xx_HAL_Driver/Src/stm32f4xx_hal_pcd.o
                0x080054e0                HAL_PCD_EP_Transmit
 .text.HAL_PCD_EP_SetStall
                0x08005554       0xc6 ./Drivers/STM32F4xx_HAL_Driver/Src/stm32f4xx_hal_pcd.o
                0x08005554                HAL_PCD_EP_SetStall
 .text.HAL_PCD_EP_ClrStall
                0x0800561a       0xac ./Drivers/STM32F4xx_HAL_Driver/Src/stm32f4xx_hal_pcd.o
                0x0800561a                HAL_PCD_EP_ClrStall
 .text.HAL_PCD_EP_Abort
                0x080056c6       0x62 ./Drivers/STM32F4xx_HAL_Driver/Src/stm32f4xx_hal_pcd.o
                0x080056c6                HAL_PCD_EP_Abort
 .text.PCD_WriteEmptyTxFifo
                0x08005728      0x118 ./Drivers/STM32F4xx_HAL_Driver/Src/stm32f4xx_hal_pcd.o
 .text.PCD_EP_OutXfrComplete_int
                0x08005840      0x1d0 ./Drivers/STM32F4xx_HAL_Driver/Src/stm32f4xx_hal_pcd.o
 .text.PCD_EP_OutSetupPacket_int
                0x08005a10       0x8c ./Drivers/STM32F4xx_HAL_Driver/Src/stm32f4xx_hal_pcd.o
 .text.HAL_PCDEx_SetTxFiFo
                0x08005a9c       0x8e ./Drivers/STM32F4xx_HAL_Driver/Src/stm32f4xx_hal_pcd_ex.o
                0x08005a9c                HAL_PCDEx_SetTxFiFo
 .text.HAL_PCDEx_SetRxFiFo
                0x08005b2a       0x22 ./Drivers/STM32F4xx_HAL_Driver/Src/stm32f4xx_hal_pcd_ex.o
                0x08005b2a                HAL_PCDEx_SetRxFiFo
 .text.HAL_PCDEx_LPM_Callback
                0x08005b4c       0x18 ./Drivers/STM32F4xx_HAL_Driver/Src/stm32f4xx_hal_pcd_ex.o
                0x08005b4c                HAL_PCDEx_LPM_Callback
 .text.HAL_RCC_OscConfig
                0x08005b64      0x4f0 ./Drivers/STM32F4xx_HAL_Driver/Src/stm32f4xx_hal_rcc.o
                0x08005b64                HAL_RCC_OscConfig
 .text.HAL_RCC_ClockConfig
                0x08006054      0x1cc ./Drivers/STM32F4xx_HAL_Driver/Src/stm32f4xx_hal_rcc.o
                0x08006054                HAL_RCC_ClockConfig
 .text.HAL_RCC_GetSysClockFreq
                0x08006220      0x188 ./Drivers/STM32F4xx_HAL_Driver/Src/stm32f4xx_hal_rcc.o
                0x08006220                HAL_RCC_GetSysClockFreq
 .text.HAL_RCC_GetHCLKFreq
                0x080063a8       0x18 ./Drivers/STM32F4xx_HAL_Driver/Src/stm32f4xx_hal_rcc.o
                0x080063a8                HAL_RCC_GetHCLKFreq
 .text.HAL_RCC_GetPCLK1Freq
                0x080063c0       0x28 ./Drivers/STM32F4xx_HAL_Driver/Src/stm32f4xx_hal_rcc.o
                0x080063c0                HAL_RCC_GetPCLK1Freq
 .text.HAL_RCC_GetPCLK2Freq
                0x080063e8       0x28 ./Drivers/STM32F4xx_HAL_Driver/Src/stm32f4xx_hal_rcc.o
                0x080063e8                HAL_RCC_GetPCLK2Freq
 .text.HAL_RCCEx_PeriphCLKConfig
                0x08006410      0x1e0 ./Drivers/STM32F4xx_HAL_Driver/Src/stm32f4xx_hal_rcc_ex.o
                0x08006410                HAL_RCCEx_PeriphCLKConfig
 .text.HAL_RCCEx_GetPeriphCLKFreq
                0x080065f0       0xc4 ./Drivers/STM32F4xx_HAL_Driver/Src/stm32f4xx_hal_rcc_ex.o
                0x080065f0                HAL_RCCEx_GetPeriphCLKFreq
 .text.HAL_SPI_Init
                0x080066b4      0x112 ./Drivers/STM32F4xx_HAL_Driver/Src/stm32f4xx_hal_spi.o
                0x080066b4                HAL_SPI_Init
 .text.HAL_SPI_TransmitReceive
                0x080067c6      0x352 ./Drivers/STM32F4xx_HAL_Driver/Src/stm32f4xx_hal_spi.o
                0x080067c6                HAL_SPI_TransmitReceive
 .text.SPI_WaitFlagStateUntilTimeout
                0x08006b18      0x110 ./Drivers/STM32F4xx_HAL_Driver/Src/stm32f4xx_hal_spi.o
 .text.SPI_EndRxTxTransaction
                0x08006c28       0xa8 ./Drivers/STM32F4xx_HAL_Driver/Src/stm32f4xx_hal_spi.o
 .text.HAL_TIM_Base_Init
                0x08006cd0       0x9e ./Drivers/STM32F4xx_HAL_Driver/Src/stm32f4xx_hal_tim.o
                0x08006cd0                HAL_TIM_Base_Init
 .text.HAL_TIM_PWM_Init
                0x08006d6e       0x9e ./Drivers/STM32F4xx_HAL_Driver/Src/stm32f4xx_hal_tim.o
                0x08006d6e                HAL_TIM_PWM_Init
 .text.HAL_TIM_PWM_MspInit
                0x08006e0c       0x14 ./Drivers/STM32F4xx_HAL_Driver/Src/stm32f4xx_hal_tim.o
                0x08006e0c                HAL_TIM_PWM_MspInit
 .text.HAL_TIM_PWM_Start
                0x08006e20      0x160 ./Drivers/STM32F4xx_HAL_Driver/Src/stm32f4xx_hal_tim.o
                0x08006e20                HAL_TIM_PWM_Start
 .text.HAL_TIM_IC_Init
                0x08006f80       0x9e ./Drivers/STM32F4xx_HAL_Driver/Src/stm32f4xx_hal_tim.o
                0x08006f80                HAL_TIM_IC_Init
 .text.HAL_TIM_IC_MspInit
                0x0800701e       0x14 ./Drivers/STM32F4xx_HAL_Driver/Src/stm32f4xx_hal_tim.o
                0x0800701e                HAL_TIM_IC_MspInit
 .text.HAL_TIM_IC_ConfigChannel
                0x08007032      0x138 ./Drivers/STM32F4xx_HAL_Driver/Src/stm32f4xx_hal_tim.o
                0x08007032                HAL_TIM_IC_ConfigChannel
 *fill*         0x0800716a        0x2 
 .text.HAL_TIM_PWM_ConfigChannel
                0x0800716c      0x184 ./Drivers/STM32F4xx_HAL_Driver/Src/stm32f4xx_hal_tim.o
                0x0800716c                HAL_TIM_PWM_ConfigChannel
 .text.HAL_TIM_ConfigClockSource
                0x080072f0      0x18e ./Drivers/STM32F4xx_HAL_Driver/Src/stm32f4xx_hal_tim.o
                0x080072f0                HAL_TIM_ConfigClockSource
 *fill*         0x0800747e        0x2 
 .text.TIM_Base_SetConfig
                0x08007480      0x10c ./Drivers/STM32F4xx_HAL_Driver/Src/stm32f4xx_hal_tim.o
                0x08007480                TIM_Base_SetConfig
 .text.TIM_OC1_SetConfig
                0x0800758c       0xcc ./Drivers/STM32F4xx_HAL_Driver/Src/stm32f4xx_hal_tim.o
 .text.TIM_OC2_SetConfig
                0x08007658       0xd8 ./Drivers/STM32F4xx_HAL_Driver/Src/stm32f4xx_hal_tim.o
                0x08007658                TIM_OC2_SetConfig
 .text.TIM_OC3_SetConfig
                0x08007730       0xd4 ./Drivers/STM32F4xx_HAL_Driver/Src/stm32f4xx_hal_tim.o
 .text.TIM_OC4_SetConfig
                0x08007804       0xa0 ./Drivers/STM32F4xx_HAL_Driver/Src/stm32f4xx_hal_tim.o
 .text.TIM_TI1_SetConfig
                0x080078a4       0xd0 ./Drivers/STM32F4xx_HAL_Driver/Src/stm32f4xx_hal_tim.o
                0x080078a4                TIM_TI1_SetConfig
 .text.TIM_TI1_ConfigInputStage
                0x08007974       0x5e ./Drivers/STM32F4xx_HAL_Driver/Src/stm32f4xx_hal_tim.o
 .text.TIM_TI2_SetConfig
                0x080079d2       0x7a ./Drivers/STM32F4xx_HAL_Driver/Src/stm32f4xx_hal_tim.o
 .text.TIM_TI2_ConfigInputStage
                0x08007a4c       0x60 ./Drivers/STM32F4xx_HAL_Driver/Src/stm32f4xx_hal_tim.o
 .text.TIM_TI3_SetConfig
                0x08007aac       0x78 ./Drivers/STM32F4xx_HAL_Driver/Src/stm32f4xx_hal_tim.o
 .text.TIM_TI4_SetConfig
                0x08007b24       0x7a ./Drivers/STM32F4xx_HAL_Driver/Src/stm32f4xx_hal_tim.o
 .text.TIM_ITRx_SetConfig
                0x08007b9e       0x36 ./Drivers/STM32F4xx_HAL_Driver/Src/stm32f4xx_hal_tim.o
 .text.TIM_ETR_SetConfig
                0x08007bd4       0x40 ./Drivers/STM32F4xx_HAL_Driver/Src/stm32f4xx_hal_tim.o
                0x08007bd4                TIM_ETR_SetConfig
 .text.TIM_CCxChannelCmd
                0x08007c14       0x4a ./Drivers/STM32F4xx_HAL_Driver/Src/stm32f4xx_hal_tim.o
                0x08007c14                TIM_CCxChannelCmd
 *fill*         0x08007c5e        0x2 
 .text.HAL_TIMEx_MasterConfigSynchronization
                0x08007c60       0xdc ./Drivers/STM32F4xx_HAL_Driver/Src/stm32f4xx_hal_tim_ex.o
                0x08007c60                HAL_TIMEx_MasterConfigSynchronization
 .text.HAL_UART_Init
                0x08007d3c       0xa0 ./Drivers/STM32F4xx_HAL_Driver/Src/stm32f4xx_hal_uart.o
                0x08007d3c                HAL_UART_Init
 .text.UART_SetConfig
                0x08007ddc      0x4e8 ./Drivers/STM32F4xx_HAL_Driver/Src/stm32f4xx_hal_uart.o
 .text.USB_CoreInit
                0x080082c4       0xc8 ./Drivers/STM32F4xx_HAL_Driver/Src/stm32f4xx_ll_usb.o
                0x080082c4                USB_CoreInit
 .text.USB_SetTurnaroundTime
                0x0800838c      0x144 ./Drivers/STM32F4xx_HAL_Driver/Src/stm32f4xx_ll_usb.o
                0x0800838c                USB_SetTurnaroundTime
 .text.USB_EnableGlobalInt
                0x080084d0       0x22 ./Drivers/STM32F4xx_HAL_Driver/Src/stm32f4xx_ll_usb.o
                0x080084d0                USB_EnableGlobalInt
 .text.USB_DisableGlobalInt
                0x080084f2       0x22 ./Drivers/STM32F4xx_HAL_Driver/Src/stm32f4xx_ll_usb.o
                0x080084f2                USB_DisableGlobalInt
 .text.USB_SetCurrentMode
                0x08008514       0x98 ./Drivers/STM32F4xx_HAL_Driver/Src/stm32f4xx_ll_usb.o
                0x08008514                USB_SetCurrentMode
 .text.USB_DevInit
                0x080085ac      0x2c8 ./Drivers/STM32F4xx_HAL_Driver/Src/stm32f4xx_ll_usb.o
                0x080085ac                USB_DevInit
 .text.USB_FlushTxFifo
                0x08008874       0x64 ./Drivers/STM32F4xx_HAL_Driver/Src/stm32f4xx_ll_usb.o
                0x08008874                USB_FlushTxFifo
 .text.USB_FlushRxFifo
                0x080088d8       0x5c ./Drivers/STM32F4xx_HAL_Driver/Src/stm32f4xx_ll_usb.o
                0x080088d8                USB_FlushRxFifo
 .text.USB_SetDevSpeed
                0x08008934       0x32 ./Drivers/STM32F4xx_HAL_Driver/Src/stm32f4xx_ll_usb.o
                0x08008934                USB_SetDevSpeed
 .text.USB_GetDevSpeed
                0x08008966       0x4a ./Drivers/STM32F4xx_HAL_Driver/Src/stm32f4xx_ll_usb.o
                0x08008966                USB_GetDevSpeed
 .text.USB_ActivateEndpoint
                0x080089b0      0x10e ./Drivers/STM32F4xx_HAL_Driver/Src/stm32f4xx_ll_usb.o
                0x080089b0                USB_ActivateEndpoint
 *fill*         0x08008abe        0x2 
 .text.USB_DeactivateEndpoint
                0x08008ac0      0x1b8 ./Drivers/STM32F4xx_HAL_Driver/Src/stm32f4xx_ll_usb.o
                0x08008ac0                USB_DeactivateEndpoint
 .text.USB_EPStartXfer
                0x08008c78      0x53c ./Drivers/STM32F4xx_HAL_Driver/Src/stm32f4xx_ll_usb.o
                0x08008c78                USB_EPStartXfer
 .text.USB_EPStopXfer
                0x080091b4      0x154 ./Drivers/STM32F4xx_HAL_Driver/Src/stm32f4xx_ll_usb.o
                0x080091b4                USB_EPStopXfer
 .text.USB_WritePacket
                0x08009308       0x7c ./Drivers/STM32F4xx_HAL_Driver/Src/stm32f4xx_ll_usb.o
                0x08009308                USB_WritePacket
 .text.USB_ReadPacket
                0x08009384       0xb0 ./Drivers/STM32F4xx_HAL_Driver/Src/stm32f4xx_ll_usb.o
                0x08009384                USB_ReadPacket
 .text.USB_EPSetStall
                0x08009434       0xdc ./Drivers/STM32F4xx_HAL_Driver/Src/stm32f4xx_ll_usb.o
                0x08009434                USB_EPSetStall
 .text.USB_EPClearStall
                0x08009510       0xcc ./Drivers/STM32F4xx_HAL_Driver/Src/stm32f4xx_ll_usb.o
                0x08009510                USB_EPClearStall
 .text.USB_SetDevAddress
                0x080095dc       0x4c ./Drivers/STM32F4xx_HAL_Driver/Src/stm32f4xx_ll_usb.o
                0x080095dc                USB_SetDevAddress
 .text.USB_DevConnect
                0x08009628       0x42 ./Drivers/STM32F4xx_HAL_Driver/Src/stm32f4xx_ll_usb.o
                0x08009628                USB_DevConnect
 .text.USB_DevDisconnect
                0x0800966a       0x42 ./Drivers/STM32F4xx_HAL_Driver/Src/stm32f4xx_ll_usb.o
                0x0800966a                USB_DevDisconnect
 .text.USB_ReadInterrupts
                0x080096ac       0x26 ./Drivers/STM32F4xx_HAL_Driver/Src/stm32f4xx_ll_usb.o
                0x080096ac                USB_ReadInterrupts
 .text.USB_ReadDevAllOutEpInterrupt
                0x080096d2       0x34 ./Drivers/STM32F4xx_HAL_Driver/Src/stm32f4xx_ll_usb.o
                0x080096d2                USB_ReadDevAllOutEpInterrupt
 .text.USB_ReadDevAllInEpInterrupt
                0x08009706       0x34 ./Drivers/STM32F4xx_HAL_Driver/Src/stm32f4xx_ll_usb.o
                0x08009706                USB_ReadDevAllInEpInterrupt
 .text.USB_ReadDevOutEPInterrupt
                0x0800973a       0x3c ./Drivers/STM32F4xx_HAL_Driver/Src/stm32f4xx_ll_usb.o
                0x0800973a                USB_ReadDevOutEPInterrupt
 .text.USB_ReadDevInEPInterrupt
                0x08009776       0x5c ./Drivers/STM32F4xx_HAL_Driver/Src/stm32f4xx_ll_usb.o
                0x08009776                USB_ReadDevInEPInterrupt
 .text.USB_GetMode
                0x080097d2       0x1c ./Drivers/STM32F4xx_HAL_Driver/Src/stm32f4xx_ll_usb.o
                0x080097d2                USB_GetMode
 .text.USB_ActivateSetup
                0x080097ee       0x46 ./Drivers/STM32F4xx_HAL_Driver/Src/stm32f4xx_ll_usb.o
                0x080097ee                USB_ActivateSetup
 .text.USB_EP0_OutStart
                0x08009834       0xbc ./Drivers/STM32F4xx_HAL_Driver/Src/stm32f4xx_ll_usb.o
                0x08009834                USB_EP0_OutStart
 .text.USB_CoreReset
                0x080098f0       0x70 ./Drivers/STM32F4xx_HAL_Driver/Src/stm32f4xx_ll_usb.o
 .text.USBD_CDC_Init
                0x08009960      0x1f0 ./Middlewares/ST/STM32_USB_Device_Library/Class/CDC/Src/usbd_cdc.o
 .text.USBD_CDC_DeInit
                0x08009b50      0x104 ./Middlewares/ST/STM32_USB_Device_Library/Class/CDC/Src/usbd_cdc.o
 .text.USBD_CDC_Setup
                0x08009c54      0x1b8 ./Middlewares/ST/STM32_USB_Device_Library/Class/CDC/Src/usbd_cdc.o
 .text.USBD_CDC_DataIn
                0x08009e0c       0xfe ./Middlewares/ST/STM32_USB_Device_Library/Class/CDC/Src/usbd_cdc.o
 .text.USBD_CDC_DataOut
                0x08009f0a       0x70 ./Middlewares/ST/STM32_USB_Device_Library/Class/CDC/Src/usbd_cdc.o
 .text.USBD_CDC_EP0_RxReady
                0x08009f7a       0x74 ./Middlewares/ST/STM32_USB_Device_Library/Class/CDC/Src/usbd_cdc.o
 *fill*         0x08009fee        0x2 
 .text.USBD_CDC_GetFSCfgDesc
                0x08009ff0       0x70 ./Middlewares/ST/STM32_USB_Device_Library/Class/CDC/Src/usbd_cdc.o
 .text.USBD_CDC_GetHSCfgDesc
                0x0800a060       0x70 ./Middlewares/ST/STM32_USB_Device_Library/Class/CDC/Src/usbd_cdc.o
 .text.USBD_CDC_GetOtherSpeedCfgDesc
                0x0800a0d0       0x70 ./Middlewares/ST/STM32_USB_Device_Library/Class/CDC/Src/usbd_cdc.o
 .text.USBD_CDC_GetDeviceQualifierDescriptor
                0x0800a140       0x20 ./Middlewares/ST/STM32_USB_Device_Library/Class/CDC/Src/usbd_cdc.o
                0x0800a140                USBD_CDC_GetDeviceQualifierDescriptor
 .text.USBD_CDC_RegisterInterface
                0x0800a160       0x34 ./Middlewares/ST/STM32_USB_Device_Library/Class/CDC/Src/usbd_cdc.o
                0x0800a160                USBD_CDC_RegisterInterface
 .text.USBD_CDC_SetTxBuffer
                0x0800a194       0x44 ./Middlewares/ST/STM32_USB_Device_Library/Class/CDC/Src/usbd_cdc.o
                0x0800a194                USBD_CDC_SetTxBuffer
 .text.USBD_CDC_SetRxBuffer
                0x0800a1d8       0x3a ./Middlewares/ST/STM32_USB_Device_Library/Class/CDC/Src/usbd_cdc.o
                0x0800a1d8                USBD_CDC_SetRxBuffer
 *fill*         0x0800a212        0x2 
 .text.USBD_CDC_ReceivePacket
                0x0800a214       0x6c ./Middlewares/ST/STM32_USB_Device_Library/Class/CDC/Src/usbd_cdc.o
                0x0800a214                USBD_CDC_ReceivePacket
 .text.USBD_Init
                0x0800a280       0x60 ./Middlewares/ST/STM32_USB_Device_Library/Core/Src/usbd_core.o
                0x0800a280                USBD_Init
 .text.USBD_RegisterClass
                0x0800a2e0       0x6c ./Middlewares/ST/STM32_USB_Device_Library/Core/Src/usbd_core.o
                0x0800a2e0                USBD_RegisterClass
 .text.USBD_Start
                0x0800a34c       0x18 ./Middlewares/ST/STM32_USB_Device_Library/Core/Src/usbd_core.o
                0x0800a34c                USBD_Start
 .text.USBD_RunTestMode
                0x0800a364       0x16 ./Middlewares/ST/STM32_USB_Device_Library/Core/Src/usbd_core.o
                0x0800a364                USBD_RunTestMode
 .text.USBD_SetClassConfig
                0x0800a37a       0x38 ./Middlewares/ST/STM32_USB_Device_Library/Core/Src/usbd_core.o
                0x0800a37a                USBD_SetClassConfig
 .text.USBD_ClrClassConfig
                0x0800a3b2       0x34 ./Middlewares/ST/STM32_USB_Device_Library/Core/Src/usbd_core.o
                0x0800a3b2                USBD_ClrClassConfig
 .text.USBD_LL_SetupStage
                0x0800a3e6       0xaa ./Middlewares/ST/STM32_USB_Device_Library/Core/Src/usbd_core.o
                0x0800a3e6                USBD_LL_SetupStage
 .text.USBD_LL_DataOutStage
                0x0800a490      0x178 ./Middlewares/ST/STM32_USB_Device_Library/Core/Src/usbd_core.o
                0x0800a490                USBD_LL_DataOutStage
 .text.USBD_LL_DataInStage
                0x0800a608      0x176 ./Middlewares/ST/STM32_USB_Device_Library/Core/Src/usbd_core.o
                0x0800a608                USBD_LL_DataInStage
 .text.USBD_LL_Reset
                0x0800a77e       0xa6 ./Middlewares/ST/STM32_USB_Device_Library/Core/Src/usbd_core.o
                0x0800a77e                USBD_LL_Reset
 .text.USBD_LL_SetSpeed
                0x0800a824       0x20 ./Middlewares/ST/STM32_USB_Device_Library/Core/Src/usbd_core.o
                0x0800a824                USBD_LL_SetSpeed
 .text.USBD_LL_Suspend
                0x0800a844       0x38 ./Middlewares/ST/STM32_USB_Device_Library/Core/Src/usbd_core.o
                0x0800a844                USBD_LL_Suspend
 .text.USBD_LL_Resume
                0x0800a87c       0x30 ./Middlewares/ST/STM32_USB_Device_Library/Core/Src/usbd_core.o
                0x0800a87c                USBD_LL_Resume
 .text.USBD_LL_SOF
                0x0800a8ac       0x40 ./Middlewares/ST/STM32_USB_Device_Library/Core/Src/usbd_core.o
                0x0800a8ac                USBD_LL_SOF
 .text.USBD_LL_IsoINIncomplete
                0x0800a8ec       0x64 ./Middlewares/ST/STM32_USB_Device_Library/Core/Src/usbd_core.o
                0x0800a8ec                USBD_LL_IsoINIncomplete
 .text.USBD_LL_IsoOUTIncomplete
                0x0800a950       0x64 ./Middlewares/ST/STM32_USB_Device_Library/Core/Src/usbd_core.o
                0x0800a950                USBD_LL_IsoOUTIncomplete
 .text.USBD_LL_DevConnected
                0x0800a9b4       0x16 ./Middlewares/ST/STM32_USB_Device_Library/Core/Src/usbd_core.o
                0x0800a9b4                USBD_LL_DevConnected
 .text.USBD_LL_DevDisconnected
                0x0800a9ca       0x46 ./Middlewares/ST/STM32_USB_Device_Library/Core/Src/usbd_core.o
                0x0800a9ca                USBD_LL_DevDisconnected
 .text.USBD_CoreFindIF
                0x0800aa10       0x1a ./Middlewares/ST/STM32_USB_Device_Library/Core/Src/usbd_core.o
                0x0800aa10                USBD_CoreFindIF
 .text.USBD_CoreFindEP
                0x0800aa2a       0x1a ./Middlewares/ST/STM32_USB_Device_Library/Core/Src/usbd_core.o
                0x0800aa2a                USBD_CoreFindEP
 .text.USBD_GetEpDesc
                0x0800aa44       0x70 ./Middlewares/ST/STM32_USB_Device_Library/Core/Src/usbd_core.o
                0x0800aa44                USBD_GetEpDesc
 .text.USBD_GetNextDesc
                0x0800aab4       0x38 ./Middlewares/ST/STM32_USB_Device_Library/Core/Src/usbd_core.o
                0x0800aab4                USBD_GetNextDesc
 .text.SWAPBYTE
                0x0800aaec       0x3e ./Middlewares/ST/STM32_USB_Device_Library/Core/Src/usbd_ctlreq.o
 *fill*         0x0800ab2a        0x2 
 .text.USBD_StdDevReq
                0x0800ab2c       0xe4 ./Middlewares/ST/STM32_USB_Device_Library/Core/Src/usbd_ctlreq.o
                0x0800ab2c                USBD_StdDevReq
 .text.USBD_StdItfReq
                0x0800ac10       0xd8 ./Middlewares/ST/STM32_USB_Device_Library/Core/Src/usbd_ctlreq.o
                0x0800ac10                USBD_StdItfReq
 .text.USBD_StdEPReq
                0x0800ace8      0x33e ./Middlewares/ST/STM32_USB_Device_Library/Core/Src/usbd_ctlreq.o
                0x0800ace8                USBD_StdEPReq
 *fill*         0x0800b026        0x2 
 .text.USBD_GetDescriptor
                0x0800b028      0x2d4 ./Middlewares/ST/STM32_USB_Device_Library/Core/Src/usbd_ctlreq.o
 .text.USBD_SetAddress
                0x0800b2fc       0x88 ./Middlewares/ST/STM32_USB_Device_Library/Core/Src/usbd_ctlreq.o
 .text.USBD_SetConfig
                0x0800b384      0x154 ./Middlewares/ST/STM32_USB_Device_Library/Core/Src/usbd_ctlreq.o
 .text.USBD_GetConfig
                0x0800b4d8       0x6c ./Middlewares/ST/STM32_USB_Device_Library/Core/Src/usbd_ctlreq.o
 .text.USBD_GetStatus
                0x0800b544       0x68 ./Middlewares/ST/STM32_USB_Device_Library/Core/Src/usbd_ctlreq.o
 .text.USBD_SetFeature
                0x0800b5ac       0x52 ./Middlewares/ST/STM32_USB_Device_Library/Core/Src/usbd_ctlreq.o
 .text.USBD_ClrFeature
                0x0800b5fe       0x44 ./Middlewares/ST/STM32_USB_Device_Library/Core/Src/usbd_ctlreq.o
 .text.USBD_ParseSetupRequest
                0x0800b642       0x74 ./Middlewares/ST/STM32_USB_Device_Library/Core/Src/usbd_ctlreq.o
                0x0800b642                USBD_ParseSetupRequest
 .text.USBD_CtlError
                0x0800b6b6       0x22 ./Middlewares/ST/STM32_USB_Device_Library/Core/Src/usbd_ctlreq.o
                0x0800b6b6                USBD_CtlError
 .text.USBD_GetString
                0x0800b6d8       0xa4 ./Middlewares/ST/STM32_USB_Device_Library/Core/Src/usbd_ctlreq.o
                0x0800b6d8                USBD_GetString
 .text.USBD_GetLen
                0x0800b77c       0x34 ./Middlewares/ST/STM32_USB_Device_Library/Core/Src/usbd_ctlreq.o
 .text.USBD_CtlSendData
                0x0800b7b0       0x3c ./Middlewares/ST/STM32_USB_Device_Library/Core/Src/usbd_ioreq.o
                0x0800b7b0                USBD_CtlSendData
 .text.USBD_CtlContinueSendData
                0x0800b7ec       0x22 ./Middlewares/ST/STM32_USB_Device_Library/Core/Src/usbd_ioreq.o
                0x0800b7ec                USBD_CtlContinueSendData
 .text.USBD_CtlPrepareRx
                0x0800b80e       0x42 ./Middlewares/ST/STM32_USB_Device_Library/Core/Src/usbd_ioreq.o
                0x0800b80e                USBD_CtlPrepareRx
 .text.USBD_CtlContinueRx
                0x0800b850       0x22 ./Middlewares/ST/STM32_USB_Device_Library/Core/Src/usbd_ioreq.o
                0x0800b850                USBD_CtlContinueRx
 .text.USBD_CtlSendStatus
                0x0800b872       0x26 ./Middlewares/ST/STM32_USB_Device_Library/Core/Src/usbd_ioreq.o
                0x0800b872                USBD_CtlSendStatus
 .text.USBD_CtlReceiveStatus
                0x0800b898       0x26 ./Middlewares/ST/STM32_USB_Device_Library/Core/Src/usbd_ioreq.o
                0x0800b898                USBD_CtlReceiveStatus
 *fill*         0x0800b8be        0x2 
 .text.MX_USB_DEVICE_Init
                0x0800b8c0       0x60 ./USB_DEVICE/App/usb_device.o
                0x0800b8c0                MX_USB_DEVICE_Init
 .text.CDC_Init_FS
                0x0800b920       0x28 ./USB_DEVICE/App/usbd_cdc_if.o
 .text.CDC_DeInit_FS
                0x0800b948       0x10 ./USB_DEVICE/App/usbd_cdc_if.o
 .text.CDC_Control_FS
                0x0800b958       0xbc ./USB_DEVICE/App/usbd_cdc_if.o
 .text.CDC_Receive_FS
                0x0800ba14       0x28 ./USB_DEVICE/App/usbd_cdc_if.o
 .text.CDC_TransmitCplt_FS
                0x0800ba3c       0x22 ./USB_DEVICE/App/usbd_cdc_if.o
 *fill*         0x0800ba5e        0x2 
 .text.USBD_FS_DeviceDescriptor
                0x0800ba60       0x24 ./USB_DEVICE/App/usbd_desc.o
                0x0800ba60                USBD_FS_DeviceDescriptor
 .text.USBD_FS_LangIDStrDescriptor
                0x0800ba84       0x24 ./USB_DEVICE/App/usbd_desc.o
                0x0800ba84                USBD_FS_LangIDStrDescriptor
 .text.USBD_FS_ProductStrDescriptor
                0x0800baa8       0x3c ./USB_DEVICE/App/usbd_desc.o
                0x0800baa8                USBD_FS_ProductStrDescriptor
 .text.USBD_FS_ManufacturerStrDescriptor
                0x0800bae4       0x28 ./USB_DEVICE/App/usbd_desc.o
                0x0800bae4                USBD_FS_ManufacturerStrDescriptor
 .text.USBD_FS_SerialStrDescriptor
                0x0800bb0c       0x24 ./USB_DEVICE/App/usbd_desc.o
                0x0800bb0c                USBD_FS_SerialStrDescriptor
 .text.USBD_FS_ConfigStrDescriptor
                0x0800bb30       0x3c ./USB_DEVICE/App/usbd_desc.o
                0x0800bb30                USBD_FS_ConfigStrDescriptor
 .text.USBD_FS_InterfaceStrDescriptor
                0x0800bb6c       0x3c ./USB_DEVICE/App/usbd_desc.o
                0x0800bb6c                USBD_FS_InterfaceStrDescriptor
 .text.Get_SerialNum
                0x0800bba8       0x58 ./USB_DEVICE/App/usbd_desc.o
 .text.IntToUnicode
                0x0800bc00       0x7e ./USB_DEVICE/App/usbd_desc.o
 *fill*         0x0800bc7e        0x2 
 .text.HAL_PCD_MspInit
                0x0800bc80       0xa8 ./USB_DEVICE/Target/usbd_conf.o
                0x0800bc80                HAL_PCD_MspInit
 .text.HAL_PCD_SetupStageCallback
                0x0800bd28       0x24 ./USB_DEVICE/Target/usbd_conf.o
                0x0800bd28                HAL_PCD_SetupStageCallback
 .text.HAL_PCD_DataOutStageCallback
                0x0800bd4c       0x36 ./USB_DEVICE/Target/usbd_conf.o
                0x0800bd4c                HAL_PCD_DataOutStageCallback
 .text.HAL_PCD_DataInStageCallback
                0x0800bd82       0x34 ./USB_DEVICE/Target/usbd_conf.o
                0x0800bd82                HAL_PCD_DataInStageCallback
 .text.HAL_PCD_SOFCallback
                0x0800bdb6       0x1c ./USB_DEVICE/Target/usbd_conf.o
                0x0800bdb6                HAL_PCD_SOFCallback
 .text.HAL_PCD_ResetCallback
                0x0800bdd2       0x3c ./USB_DEVICE/Target/usbd_conf.o
                0x0800bdd2                HAL_PCD_ResetCallback
 *fill*         0x0800be0e        0x2 
 .text.HAL_PCD_SuspendCallback
                0x0800be10       0x4c ./USB_DEVICE/Target/usbd_conf.o
                0x0800be10                HAL_PCD_SuspendCallback
 .text.HAL_PCD_ResumeCallback
                0x0800be5c       0x1c ./USB_DEVICE/Target/usbd_conf.o
                0x0800be5c                HAL_PCD_ResumeCallback
 .text.HAL_PCD_ISOOUTIncompleteCallback
                0x0800be78       0x24 ./USB_DEVICE/Target/usbd_conf.o
                0x0800be78                HAL_PCD_ISOOUTIncompleteCallback
 .text.HAL_PCD_ISOINIncompleteCallback
                0x0800be9c       0x24 ./USB_DEVICE/Target/usbd_conf.o
                0x0800be9c                HAL_PCD_ISOINIncompleteCallback
 .text.HAL_PCD_ConnectCallback
                0x0800bec0       0x1c ./USB_DEVICE/Target/usbd_conf.o
                0x0800bec0                HAL_PCD_ConnectCallback
 .text.HAL_PCD_DisconnectCallback
                0x0800bedc       0x1c ./USB_DEVICE/Target/usbd_conf.o
                0x0800bedc                HAL_PCD_DisconnectCallback
 .text.USBD_LL_Init
                0x0800bef8       0x98 ./USB_DEVICE/Target/usbd_conf.o
                0x0800bef8                USBD_LL_Init
 .text.USBD_LL_Start
                0x0800bf90       0x36 ./USB_DEVICE/Target/usbd_conf.o
                0x0800bf90                USBD_LL_Start
 .text.USBD_LL_OpenEP
                0x0800bfc6       0x4c ./USB_DEVICE/Target/usbd_conf.o
                0x0800bfc6                USBD_LL_OpenEP
 .text.USBD_LL_CloseEP
                0x0800c012       0x3e ./USB_DEVICE/Target/usbd_conf.o
                0x0800c012                USBD_LL_CloseEP
 .text.USBD_LL_StallEP
                0x0800c050       0x3e ./USB_DEVICE/Target/usbd_conf.o
                0x0800c050                USBD_LL_StallEP
 .text.USBD_LL_ClearStallEP
                0x0800c08e       0x3e ./USB_DEVICE/Target/usbd_conf.o
                0x0800c08e                USBD_LL_ClearStallEP
 .text.USBD_LL_IsStallEP
                0x0800c0cc       0x58 ./USB_DEVICE/Target/usbd_conf.o
                0x0800c0cc                USBD_LL_IsStallEP
 .text.USBD_LL_SetUSBAddress
                0x0800c124       0x3e ./USB_DEVICE/Target/usbd_conf.o
                0x0800c124                USBD_LL_SetUSBAddress
 .text.USBD_LL_Transmit
                0x0800c162       0x42 ./USB_DEVICE/Target/usbd_conf.o
                0x0800c162                USBD_LL_Transmit
 .text.USBD_LL_PrepareReceive
                0x0800c1a4       0x42 ./USB_DEVICE/Target/usbd_conf.o
                0x0800c1a4                USBD_LL_PrepareReceive
 .text.USBD_LL_GetRxDataSize
                0x0800c1e6       0x26 ./USB_DEVICE/Target/usbd_conf.o
                0x0800c1e6                USBD_LL_GetRxDataSize
 .text.USBD_static_malloc
                0x0800c20c       0x1c ./USB_DEVICE/Target/usbd_conf.o
                0x0800c20c                USBD_static_malloc
 .text.USBD_static_free
                0x0800c228       0x14 ./USB_DEVICE/Target/usbd_conf.o
                0x0800c228                USBD_static_free
 .text.USBD_Get_USB_Status
                0x0800c23c       0x58 ./USB_DEVICE/Target/usbd_conf.o
                0x0800c23c                USBD_Get_USB_Status
 .text.memset   0x0800c294       0x10 C:/ST/STM32CubeIDE_2.1.1/STM32CubeIDE/plugins/com.st.stm32cube.ide.mcu.externaltools.gnu-tools-for-stm32.14.3.rel1.win32_1.0.100.202602081740/tools/bin/../lib/gcc/arm-none-eabi/14.3.1/../../../../arm-none-eabi/lib/thumb/v7e-m+fp/hard\libc_nano.a(libc_a-memset.o)
                0x0800c294                memset
 .text.__libc_init_array
                0x0800c2a4       0x48 C:/ST/STM32CubeIDE_2.1.1/STM32CubeIDE/plugins/com.st.stm32cube.ide.mcu.externaltools.gnu-tools-for-stm32.14.3.rel1.win32_1.0.100.202602081740/tools/bin/../lib/gcc/arm-none-eabi/14.3.1/../../../../arm-none-eabi/lib/thumb/v7e-m+fp/hard\libc_nano.a(libc_a-init.o)
                0x0800c2a4                __libc_init_array
 *(.glue_7)
 .glue_7        0x0800c2ec        0x0 linker stubs
 *(.glue_7t)
 .glue_7t       0x0800c2ec        0x0 linker stubs
 *(.eh_frame)
 .eh_frame      0x0800c2ec        0x0 C:/ST/STM32CubeIDE_2.1.1/STM32CubeIDE/plugins/com.st.stm32cube.ide.mcu.externaltools.gnu-tools-for-stm32.14.3.rel1.win32_1.0.100.202602081740/tools/bin/../lib/gcc/arm-none-eabi/14.3.1/thumb/v7e-m+fp/hard/crtbegin.o
 *(.init)
 .init          0x0800c2ec        0x4 C:/ST/STM32CubeIDE_2.1.1/STM32CubeIDE/plugins/com.st.stm32cube.ide.mcu.externaltools.gnu-tools-for-stm32.14.3.rel1.win32_1.0.100.202602081740/tools/bin/../lib/gcc/arm-none-eabi/14.3.1/thumb/v7e-m+fp/hard/crti.o
                0x0800c2ec                _init
 .init          0x0800c2f0        0x8 C:/ST/STM32CubeIDE_2.1.1/STM32CubeIDE/plugins/com.st.stm32cube.ide.mcu.externaltools.gnu-tools-for-stm32.14.3.rel1.win32_1.0.100.202602081740/tools/bin/../lib/gcc/arm-none-eabi/14.3.1/thumb/v7e-m+fp/hard/crtn.o
 *(.fini)
 .fini          0x0800c2f8        0x4 C:/ST/STM32CubeIDE_2.1.1/STM32CubeIDE/plugins/com.st.stm32cube.ide.mcu.externaltools.gnu-tools-for-stm32.14.3.rel1.win32_1.0.100.202602081740/tools/bin/../lib/gcc/arm-none-eabi/14.3.1/thumb/v7e-m+fp/hard/crti.o
                0x0800c2f8                _fini
 .fini          0x0800c2fc        0x8 C:/ST/STM32CubeIDE_2.1.1/STM32CubeIDE/plugins/com.st.stm32cube.ide.mcu.externaltools.gnu-tools-for-stm32.14.3.rel1.win32_1.0.100.202602081740/tools/bin/../lib/gcc/arm-none-eabi/14.3.1/thumb/v7e-m+fp/hard/crtn.o
                0x0800c304                        . = ALIGN (0x4)
                0x0800c304                        _etext = .

.vfp11_veneer   0x0800c304        0x0
 .vfp11_veneer  0x0800c304        0x0 linker stubs

.v4_bx          0x0800c304        0x0
 .v4_bx         0x0800c304        0x0 linker stubs

.iplt           0x0800c304        0x0
 .iplt          0x0800c304        0x0 C:/ST/STM32CubeIDE_2.1.1/STM32CubeIDE/plugins/com.st.stm32cube.ide.mcu.externaltools.gnu-tools-for-stm32.14.3.rel1.win32_1.0.100.202602081740/tools/bin/../lib/gcc/arm-none-eabi/14.3.1/thumb/v7e-m+fp/hard/crtbegin.o

.rodata         0x0800c304       0x68
                0x0800c304                        . = ALIGN (0x4)
 *(.rodata)
 .rodata        0x0800c304       0x46 ./USB_DEVICE/App/usbd_desc.o
 *(.rodata*)
 *fill*         0x0800c34a        0x2 
 .rodata.AHBPrescTable
                0x0800c34c       0x10 ./Core/Src/system_stm32f4xx.o
                0x0800c34c                AHBPrescTable
 .rodata.APBPrescTable
                0x0800c35c        0x8 ./Core/Src/system_stm32f4xx.o
                0x0800c35c                APBPrescTable
 .rodata.flagBitshiftOffset.0
                0x0800c364        0x8 ./Drivers/STM32F4xx_HAL_Driver/Src/stm32f4xx_hal_dma.o
                0x0800c36c                        . = ALIGN (0x4)

.ARM.extab      0x0800c36c        0x0
                0x0800c36c                        . = ALIGN (0x4)
 *(.ARM.extab* .gnu.linkonce.armextab.*)
                0x0800c36c                        . = ALIGN (0x4)

.ARM            0x0800c36c        0x8
                0x0800c36c                        . = ALIGN (0x4)
                0x0800c36c                        __exidx_start = .
 *(.ARM.exidx*)
 .ARM.exidx     0x0800c36c        0x8 C:/ST/STM32CubeIDE_2.1.1/STM32CubeIDE/plugins/com.st.stm32cube.ide.mcu.externaltools.gnu-tools-for-stm32.14.3.rel1.win32_1.0.100.202602081740/tools/bin/../lib/gcc/arm-none-eabi/14.3.1/thumb/v7e-m+fp/hard\libgcc.a(_udivmoddi4.o)
                0x0800c374                        __exidx_end = .
                0x0800c374                        . = ALIGN (0x4)

.preinit_array  0x0800c374        0x0
                0x0800c374                        . = ALIGN (0x4)
                0x0800c374                        PROVIDE (__preinit_array_start = .)
 *(.preinit_array*)
                0x0800c374                        PROVIDE (__preinit_array_end = .)
                0x0800c374                        . = ALIGN (0x4)

.init_array     0x0800c374        0x4
                0x0800c374                        . = ALIGN (0x4)
                0x0800c374                        PROVIDE (__init_array_start = .)
 *(SORT_BY_NAME(.init_array.*))
 *(.init_array*)
 .init_array    0x0800c374        0x4 C:/ST/STM32CubeIDE_2.1.1/STM32CubeIDE/plugins/com.st.stm32cube.ide.mcu.externaltools.gnu-tools-for-stm32.14.3.rel1.win32_1.0.100.202602081740/tools/bin/../lib/gcc/arm-none-eabi/14.3.1/thumb/v7e-m+fp/hard/crtbegin.o
                0x0800c378                        PROVIDE (__init_array_end = .)
                0x0800c378                        . = ALIGN (0x4)

.fini_array     0x0800c378        0x4
                0x0800c378                        . = ALIGN (0x4)
                [!provide]                        PROVIDE (__fini_array_start = .)
 *(SORT_BY_NAME(.fini_array.*))
 *(.fini_array*)
 .fini_array    0x0800c378        0x4 C:/ST/STM32CubeIDE_2.1.1/STM32CubeIDE/plugins/com.st.stm32cube.ide.mcu.externaltools.gnu-tools-for-stm32.14.3.rel1.win32_1.0.100.202602081740/tools/bin/../lib/gcc/arm-none-eabi/14.3.1/thumb/v7e-m+fp/hard/crtbegin.o
                [!provide]                        PROVIDE (__fini_array_end = .)
                0x0800c37c                        . = ALIGN (0x4)
                0x0800c37c                        _sidata = LOADADDR (.data)

.rel.dyn        0x0800c37c        0x0
 .rel.iplt      0x0800c37c        0x0 C:/ST/STM32CubeIDE_2.1.1/STM32CubeIDE/plugins/com.st.stm32cube.ide.mcu.externaltools.gnu-tools-for-stm32.14.3.rel1.win32_1.0.100.202602081740/tools/bin/../lib/gcc/arm-none-eabi/14.3.1/thumb/v7e-m+fp/hard/crtbegin.o

.data           0x20000000      0x124 load address 0x0800c37c
                0x20000000                        . = ALIGN (0x4)
                0x20000000                        _sdata = .
 *(.data)
 *(.data*)
 .data.stepper_max_steps
                0x20000000        0x4 ./Core/Src/Stepper_Motion.o
 .data.fan_pwm_inverted
                0x20000004        0x4 ./Core/Src/pressure_system.o
                0x20000004                fan_pwm_inverted
 .data.pressure_zero_settle_ms
                0x20000008        0x4 ./Core/Src/pressure_system.o
                0x20000008                pressure_zero_settle_ms
 .data.pressure_control_kp
                0x2000000c        0x4 ./Core/Src/pressure_system.o
                0x2000000c                pressure_control_kp
 .data.pressure_control_ki
                0x20000010        0x4 ./Core/Src/pressure_system.o
                0x20000010                pressure_control_ki
 .data.pressure_control_max_percent
                0x20000014        0x4 ./Core/Src/pressure_system.o
                0x20000014                pressure_control_max_percent
 .data.pressure_filter_alpha
                0x20000018        0x4 ./Core/Src/pressure_system.o
                0x20000018                pressure_filter_alpha
 .data.pressure_control_direction
                0x2000001c        0x4 ./Core/Src/pressure_system.o
                0x2000001c                pressure_control_direction
 .data.fan_applied_duty
                0x20000020        0x4 ./Core/Src/pressure_system.o
 .data.fan_applied_inverted
                0x20000024        0x4 ./Core/Src/pressure_system.o
 .data.SystemCoreClock
                0x20000028        0x4 ./Core/Src/system_stm32f4xx.o
                0x20000028                SystemCoreClock
 .data.uwTickPrio
                0x2000002c        0x4 ./Drivers/STM32F4xx_HAL_Driver/Src/stm32f4xx_hal.o
                0x2000002c                uwTickPrio
 .data.uwTickFreq
                0x20000030        0x1 ./Drivers/STM32F4xx_HAL_Driver/Src/stm32f4xx_hal.o
                0x20000030                uwTickFreq
 *fill*         0x20000031        0x3 
 .data.USBD_CDC_DeviceQualifierDesc
                0x20000034        0xa ./Middlewares/ST/STM32_USB_Device_Library/Class/CDC/Src/usbd_cdc.o
 *fill*         0x2000003e        0x2 
 .data.USBD_CDC
                0x20000040       0x38 ./Middlewares/ST/STM32_USB_Device_Library/Class/CDC/Src/usbd_cdc.o
                0x20000040                USBD_CDC
 .data.USBD_CDC_CfgDesc
                0x20000078       0x43 ./Middlewares/ST/STM32_USB_Device_Library/Class/CDC/Src/usbd_cdc.o
 .data.CDCInEpAdd
                0x200000bb        0x1 ./Middlewares/ST/STM32_USB_Device_Library/Class/CDC/Src/usbd_cdc.o
 .data.CDCOutEpAdd
                0x200000bc        0x1 ./Middlewares/ST/STM32_USB_Device_Library/Class/CDC/Src/usbd_cdc.o
 .data.CDCCmdEpAdd
                0x200000bd        0x1 ./Middlewares/ST/STM32_USB_Device_Library/Class/CDC/Src/usbd_cdc.o
 *fill*         0x200000be        0x2 
 .data.USBD_Interface_fops_FS
                0x200000c0       0x14 ./USB_DEVICE/App/usbd_cdc_if.o
                0x200000c0                USBD_Interface_fops_FS
 .data.FS_Desc  0x200000d4       0x1c ./USB_DEVICE/App/usbd_desc.o
                0x200000d4                FS_Desc
 .data.USBD_FS_DeviceDesc
                0x200000f0       0x12 ./USB_DEVICE/App/usbd_desc.o
                0x200000f0                USBD_FS_DeviceDesc
 *fill*         0x20000102        0x2 
 .data.USBD_LangIDDesc
                0x20000104        0x4 ./USB_DEVICE/App/usbd_desc.o
                0x20000104                USBD_LangIDDesc
 .data.USBD_StringSerial
                0x20000108       0x1a ./USB_DEVICE/App/usbd_desc.o
                0x20000108                USBD_StringSerial
 *(.RamFunc)
 *(.RamFunc*)
                0x20000124                        . = ALIGN (0x4)
 *fill*         0x20000122        0x2 
                0x20000124                        _edata = .

.igot.plt       0x20000124        0x0 load address 0x0800c4a0
 .igot.plt      0x20000124        0x0 C:/ST/STM32CubeIDE_2.1.1/STM32CubeIDE/plugins/com.st.stm32cube.ide.mcu.externaltools.gnu-tools-for-stm32.14.3.rel1.win32_1.0.100.202602081740/tools/bin/../lib/gcc/arm-none-eabi/14.3.1/thumb/v7e-m+fp/hard/crtbegin.o
                0x20000124                        . = ALIGN (0x4)

.bss            0x20000124     0x1f00 load address 0x0800c4a0
                0x20000124                        _sbss = .
                0x20000124                        __bss_start__ = _sbss
 *(.bss)
 .bss           0x20000124       0x1c C:/ST/STM32CubeIDE_2.1.1/STM32CubeIDE/plugins/com.st.stm32cube.ide.mcu.externaltools.gnu-tools-for-stm32.14.3.rel1.win32_1.0.100.202602081740/tools/bin/../lib/gcc/arm-none-eabi/14.3.1/thumb/v7e-m+fp/hard/crtbegin.o
 *(.bss*)
 .bss.selected_mode
                0x20000140        0x1 ./Core/Src/Mode_Select.o
                0x20000140                selected_mode
 .bss.mode_selected
                0x20000141        0x1 ./Core/Src/Mode_Select.o
                0x20000141                mode_selected
 .bss.system_state
                0x20000142        0x1 ./Core/Src/State_Machine.o
 *fill*         0x20000143        0x1 
 .bss.system_flags
                0x20000144       0x12 ./Core/Src/State_Machine.o
 .bss.debug_system_state
                0x20000156        0x1 ./Core/Src/State_Machine.o
                0x20000156                debug_system_state
 .bss.debug_active_mode
                0x20000157        0x1 ./Core/Src/State_Machine.o
                0x20000157                debug_active_mode
 .bss.debug_stepper_homed
                0x20000158        0x1 ./Core/Src/State_Machine.o
                0x20000158                debug_stepper_homed
 .bss.debug_fault_active
                0x20000159        0x1 ./Core/Src/State_Machine.o
                0x20000159                debug_fault_active
 .bss.debug_error_code
                0x2000015a        0x1 ./Core/Src/State_Machine.o
                0x2000015a                debug_error_code
 .bss.stepper_homed
                0x2000015b        0x1 ./Core/Src/Stepper_Motion.o
 .bss.stepper_min_steps
                0x2000015c        0x4 ./Core/Src/Stepper_Motion.o
 .bss.stepper_debug_position
                0x20000160        0x4 ./Core/Src/Stepper_Motion.o
                0x20000160                stepper_debug_position
 .bss.stepper_debug_percent
                0x20000164        0x4 ./Core/Src/Stepper_Motion.o
                0x20000164                stepper_debug_percent
 .bss.stepper_debug_ramp_stat
                0x20000168        0x4 ./Core/Src/Stepper_Motion.o
                0x20000168                stepper_debug_ramp_stat
 .bss.stepper_debug_homed
                0x2000016c        0x1 ./Core/Src/Stepper_Motion.o
                0x2000016c                stepper_debug_homed
 *fill*         0x2000016d        0x3 
 .bss.hadc1     0x20000170       0x48 ./Core/Src/main.o
                0x20000170                hadc1
 .bss.hi2s2     0x200001b8       0x48 ./Core/Src/main.o
                0x200001b8                hi2s2
 .bss.hdma_spi2_rx
                0x20000200       0x60 ./Core/Src/main.o
                0x20000200                hdma_spi2_rx
 .bss.hspi3     0x20000260       0x58 ./Core/Src/main.o
                0x20000260                hspi3
 .bss.htim2     0x200002b8       0x48 ./Core/Src/main.o
                0x200002b8                htim2
 .bss.htim3     0x20000300       0x48 ./Core/Src/main.o
                0x20000300                htim3
 .bss.huart1    0x20000348       0x48 ./Core/Src/main.o
                0x20000348                huart1
 .bss.fan_duty_percent
                0x20000390        0x4 ./Core/Src/pressure_system.o
                0x20000390                fan_duty_percent
 .bss.pressure_adc_raw
                0x20000394        0x4 ./Core/Src/pressure_system.o
                0x20000394                pressure_adc_raw
 .bss.pressure_adc_busy
                0x20000398        0x4 ./Core/Src/pressure_system.o
                0x20000398                pressure_adc_busy
 .bss.pressure_adc_error_count
                0x2000039c        0x4 ./Core/Src/pressure_system.o
                0x2000039c                pressure_adc_error_count
 .bss.pressure_voltage
                0x200003a0        0x4 ./Core/Src/pressure_system.o
                0x200003a0                pressure_voltage
 .bss.pressure_kpa
                0x200003a4        0x4 ./Core/Src/pressure_system.o
                0x200003a4                pressure_kpa
 .bss.pressure_uncalibrated_kpa
                0x200003a8        0x4 ./Core/Src/pressure_system.o
                0x200003a8                pressure_uncalibrated_kpa
 .bss.pressure_millivolts
                0x200003ac        0x4 ./Core/Src/pressure_system.o
                0x200003ac                pressure_millivolts
 .bss.pressure_milli_kpa
                0x200003b0        0x4 ./Core/Src/pressure_system.o
                0x200003b0                pressure_milli_kpa
 .bss.pressure_filtered_kpa
                0x200003b4        0x4 ./Core/Src/pressure_system.o
                0x200003b4                pressure_filtered_kpa
 .bss.pressure_filtered_milli_kpa
                0x200003b8        0x4 ./Core/Src/pressure_system.o
                0x200003b8                pressure_filtered_milli_kpa
 .bss.pressure_zero_kpa
                0x200003bc        0x4 ./Core/Src/pressure_system.o
                0x200003bc                pressure_zero_kpa
 .bss.pressure_zero_milli_kpa
                0x200003c0        0x4 ./Core/Src/pressure_system.o
                0x200003c0                pressure_zero_milli_kpa
 .bss.pressure_zero_adc_raw
                0x200003c4        0x4 ./Core/Src/pressure_system.o
                0x200003c4                pressure_zero_adc_raw
 .bss.pressure_zero_done
                0x200003c8        0x4 ./Core/Src/pressure_system.o
                0x200003c8                pressure_zero_done
 .bss.pressure_noise_min_kpa
                0x200003cc        0x4 ./Core/Src/pressure_system.o
                0x200003cc                pressure_noise_min_kpa
 .bss.pressure_noise_max_kpa
                0x200003d0        0x4 ./Core/Src/pressure_system.o
                0x200003d0                pressure_noise_max_kpa
 .bss.pressure_noise_peak_to_peak_kpa
                0x200003d4        0x4 ./Core/Src/pressure_system.o
                0x200003d4                pressure_noise_peak_to_peak_kpa
 .bss.pressure_noise_peak_to_peak_milli_kpa
                0x200003d8        0x4 ./Core/Src/pressure_system.o
                0x200003d8                pressure_noise_peak_to_peak_milli_kpa
 .bss.pressure_control_enabled
                0x200003dc        0x4 ./Core/Src/pressure_system.o
                0x200003dc                pressure_control_enabled
 .bss.pressure_target_kpa
                0x200003e0        0x4 ./Core/Src/pressure_system.o
                0x200003e0                pressure_target_kpa
 .bss.pressure_control_bias_percent
                0x200003e4        0x4 ./Core/Src/pressure_system.o
                0x200003e4                pressure_control_bias_percent
 .bss.pressure_control_integral
                0x200003e8        0x4 ./Core/Src/pressure_system.o
                0x200003e8                pressure_control_integral
 .bss.pressure_control_output_percent
                0x200003ec        0x4 ./Core/Src/pressure_system.o
                0x200003ec                pressure_control_output_percent
 .bss.pressure_control_min_percent
                0x200003f0        0x4 ./Core/Src/pressure_system.o
                0x200003f0                pressure_control_min_percent
 .bss.pressure_error_kpa
                0x200003f4        0x4 ./Core/Src/pressure_system.o
                0x200003f4                pressure_error_kpa
 .bss.pressure_error_milli_kpa
                0x200003f8        0x4 ./Core/Src/pressure_system.o
                0x200003f8                pressure_error_milli_kpa
 .bss.pressure_adc
                0x200003fc        0x4 ./Core/Src/pressure_system.o
 .bss.fan_pwm_timer
                0x20000400        0x4 ./Core/Src/pressure_system.o
 .bss.fan_pwm_channel
                0x20000404        0x4 ./Core/Src/pressure_system.o
 .bss.pressure_state
                0x20000408        0x1 ./Core/Src/pressure_system.o
 .bss.debug_pressure_state
                0x20000409        0x1 ./Core/Src/pressure_system.o
                0x20000409                debug_pressure_state
 *fill*         0x2000040a        0x2 
 .bss.pressure_next_sample_ms
                0x2000040c        0x4 ./Core/Src/pressure_system.o
 .bss.pressure_adc_start_ms
                0x20000410        0x4 ./Core/Src/pressure_system.o
 .bss.pressure_adc_result_ready
                0x20000414        0x4 ./Core/Src/pressure_system.o
 .bss.pressure_adc_result
                0x20000418        0x4 ./Core/Src/pressure_system.o
 .bss.calibration_sample_count
                0x2000041c        0x4 ./Core/Src/pressure_system.o
 .bss.calibration_raw_sum
                0x20000420        0x4 ./Core/Src/pressure_system.o
 .bss.calibration_pressure_sum
                0x20000424        0x4 ./Core/Src/pressure_system.o
 .bss.calibration_min_kpa
                0x20000428        0x4 ./Core/Src/pressure_system.o
 .bss.calibration_max_kpa
                0x2000042c        0x4 ./Core/Src/pressure_system.o
 .bss.pressure_filter_initialized
                0x20000430        0x4 ./Core/Src/pressure_system.o
 .bss.pressure_last_control_ms
                0x20000434        0x4 ./Core/Src/pressure_system.o
 .bss.pressure_sample_updated
                0x20000438        0x4 ./Core/Src/pressure_system.o
 .bss.uwTick    0x2000043c        0x4 ./Drivers/STM32F4xx_HAL_Driver/Src/stm32f4xx_hal.o
                0x2000043c                uwTick
 .bss.cfgidx.0  0x20000440        0x1 ./Middlewares/ST/STM32_USB_Device_Library/Core/Src/usbd_ctlreq.o
 *fill*         0x20000441        0x3 
 .bss.hUsbDeviceFS
                0x20000444      0x2dc ./USB_DEVICE/App/usb_device.o
                0x20000444                hUsbDeviceFS
 .bss.UserRxBufferFS
                0x20000720      0x800 ./USB_DEVICE/App/usbd_cdc_if.o
                0x20000720                UserRxBufferFS
 .bss.UserTxBufferFS
                0x20000f20      0x800 ./USB_DEVICE/App/usbd_cdc_if.o
                0x20000f20                UserTxBufferFS
 .bss.USBD_StrDesc
                0x20001720      0x200 ./USB_DEVICE/App/usbd_desc.o
                0x20001720                USBD_StrDesc
 .bss.hpcd_USB_OTG_FS
                0x20001920      0x4e4 ./USB_DEVICE/Target/usbd_conf.o
                0x20001920                hpcd_USB_OTG_FS
 .bss.mem.0     0x20001e04      0x220 ./USB_DEVICE/Target/usbd_conf.o
 *(COMMON)
                0x20002024                        . = ALIGN (0x4)
                0x20002024                        _ebss = .
                0x20002024                        __bss_end__ = _ebss

._user_heap_stack
                0x20002024      0x604 load address 0x0800c4a0
                0x20002028                        . = ALIGN (0x8)
 *fill*         0x20002024        0x4 
                [!provide]                        PROVIDE (end = .)
                0x20002028                        PROVIDE (_end = .)
                0x20002228                        . = (. + _Min_Heap_Size)
 *fill*         0x20002028      0x200 
                0x20002628                        . = (. + _Min_Stack_Size)
 *fill*         0x20002228      0x400 
                0x20002628                        . = ALIGN (0x8)

/DISCARD/
 libc.a(*)
 libm.a(*)
 libgcc.a(*)

.ARM.attributes
                0x00000000       0x30
 *(.ARM.attributes)
 .ARM.attributes
                0x00000000       0x22 C:/ST/STM32CubeIDE_2.1.1/STM32CubeIDE/plugins/com.st.stm32cube.ide.mcu.externaltools.gnu-tools-for-stm32.14.3.rel1.win32_1.0.100.202602081740/tools/bin/../lib/gcc/arm-none-eabi/14.3.1/thumb/v7e-m+fp/hard/crti.o
 .ARM.attributes
                0x00000022       0x34 C:/ST/STM32CubeIDE_2.1.1/STM32CubeIDE/plugins/com.st.stm32cube.ide.mcu.externaltools.gnu-tools-for-stm32.14.3.rel1.win32_1.0.100.202602081740/tools/bin/../lib/gcc/arm-none-eabi/14.3.1/thumb/v7e-m+fp/hard/crtbegin.o
 .ARM.attributes
                0x00000056       0x34 ./Core/Src/App.o
 .ARM.attributes
                0x0000008a       0x34 ./Core/Src/Mode_Select.o
 .ARM.attributes
                0x000000be       0x34 ./Core/Src/State_Machine.o
 .ARM.attributes
                0x000000f2       0x34 ./Core/Src/Stepper_Motion.o
 .ARM.attributes
                0x00000126       0x34 ./Core/Src/TMC_Drivers.o
 .ARM.attributes
                0x0000015a       0x34 ./Core/Src/main.o
 .ARM.attributes
                0x0000018e       0x34 ./Core/Src/pressure_system.o
 .ARM.attributes
                0x000001c2       0x34 ./Core/Src/stm32f4xx_hal_msp.o
 .ARM.attributes
                0x000001f6       0x34 ./Core/Src/stm32f4xx_it.o
 .ARM.attributes
                0x0000022a       0x34 ./Core/Src/system_stm32f4xx.o
 .ARM.attributes
                0x0000025e       0x21 ./Core/Startup/startup_stm32f411ceux.o
 .ARM.attributes
                0x0000027f       0x34 ./Drivers/STM32F4xx_HAL_Driver/Src/stm32f4xx_hal.o
 .ARM.attributes
                0x000002b3       0x34 ./Drivers/STM32F4xx_HAL_Driver/Src/stm32f4xx_hal_adc.o
 .ARM.attributes
                0x000002e7       0x34 ./Drivers/STM32F4xx_HAL_Driver/Src/stm32f4xx_hal_adc_ex.o
 .ARM.attributes
                0x0000031b       0x34 ./Drivers/STM32F4xx_HAL_Driver/Src/stm32f4xx_hal_cortex.o
 .ARM.attributes
                0x0000034f       0x34 ./Drivers/STM32F4xx_HAL_Driver/Src/stm32f4xx_hal_dma.o
 .ARM.attributes
                0x00000383       0x34 ./Drivers/STM32F4xx_HAL_Driver/Src/stm32f4xx_hal_gpio.o
 .ARM.attributes
                0x000003b7       0x34 ./Drivers/STM32F4xx_HAL_Driver/Src/stm32f4xx_hal_i2s.o
 .ARM.attributes
                0x000003eb       0x34 ./Drivers/STM32F4xx_HAL_Driver/Src/stm32f4xx_hal_i2s_ex.o
 .ARM.attributes
                0x0000041f       0x34 ./Drivers/STM32F4xx_HAL_Driver/Src/stm32f4xx_hal_pcd.o
 .ARM.attributes
                0x00000453       0x34 ./Drivers/STM32F4xx_HAL_Driver/Src/stm32f4xx_hal_pcd_ex.o
 .ARM.attributes
                0x00000487       0x34 ./Drivers/STM32F4xx_HAL_Driver/Src/stm32f4xx_hal_rcc.o
 .ARM.attributes
                0x000004bb       0x34 ./Drivers/STM32F4xx_HAL_Driver/Src/stm32f4xx_hal_rcc_ex.o
 .ARM.attributes
                0x000004ef       0x34 ./Drivers/STM32F4xx_HAL_Driver/Src/stm32f4xx_hal_spi.o
 .ARM.attributes
                0x00000523       0x34 ./Drivers/STM32F4xx_HAL_Driver/Src/stm32f4xx_hal_tim.o
 .ARM.attributes
                0x00000557       0x34 ./Drivers/STM32F4xx_HAL_Driver/Src/stm32f4xx_hal_tim_ex.o
 .ARM.attributes
                0x0000058b       0x34 ./Drivers/STM32F4xx_HAL_Driver/Src/stm32f4xx_hal_uart.o
 .ARM.attributes
                0x000005bf       0x34 ./Drivers/STM32F4xx_HAL_Driver/Src/stm32f4xx_ll_usb.o
 .ARM.attributes
                0x000005f3       0x34 ./Middlewares/ST/STM32_USB_Device_Library/Class/CDC/Src/usbd_cdc.o
 .ARM.attributes
                0x00000627       0x34 ./Middlewares/ST/STM32_USB_Device_Library/Core/Src/usbd_core.o
 .ARM.attributes
                0x0000065b       0x34 ./Middlewares/ST/STM32_USB_Device_Library/Core/Src/usbd_ctlreq.o
 .ARM.attributes
                0x0000068f       0x34 ./Middlewares/ST/STM32_USB_Device_Library/Core/Src/usbd_ioreq.o
 .ARM.attributes
                0x000006c3       0x34 ./USB_DEVICE/App/usb_device.o
 .ARM.attributes
                0x000006f7       0x34 ./USB_DEVICE/App/usbd_cdc_if.o
 .ARM.attributes
                0x0000072b       0x34 ./USB_DEVICE/App/usbd_desc.o
 .ARM.attributes
                0x0000075f       0x34 ./USB_DEVICE/Target/usbd_conf.o
 .ARM.attributes
                0x00000793       0x34 C:/ST/STM32CubeIDE_2.1.1/STM32CubeIDE/plugins/com.st.stm32cube.ide.mcu.externaltools.gnu-tools-for-stm32.14.3.rel1.win32_1.0.100.202602081740/tools/bin/../lib/gcc/arm-none-eabi/14.3.1/../../../../arm-none-eabi/lib/thumb/v7e-m+fp/hard\libc_nano.a(libc_a-memset.o)
 .ARM.attributes
                0x000007c7       0x34 C:/ST/STM32CubeIDE_2.1.1/STM32CubeIDE/plugins/com.st.stm32cube.ide.mcu.externaltools.gnu-tools-for-stm32.14.3.rel1.win32_1.0.100.202602081740/tools/bin/../lib/gcc/arm-none-eabi/14.3.1/../../../../arm-none-eabi/lib/thumb/v7e-m+fp/hard\libc_nano.a(libc_a-init.o)
 .ARM.attributes
                0x000007fb       0x22 C:/ST/STM32CubeIDE_2.1.1/STM32CubeIDE/plugins/com.st.stm32cube.ide.mcu.externaltools.gnu-tools-for-stm32.14.3.rel1.win32_1.0.100.202602081740/tools/bin/../lib/gcc/arm-none-eabi/14.3.1/thumb/v7e-m+fp/hard\libgcc.a(_aeabi_uldivmod.o)
 .ARM.attributes
                0x0000081d       0x34 C:/ST/STM32CubeIDE_2.1.1/STM32CubeIDE/plugins/com.st.stm32cube.ide.mcu.externaltools.gnu-tools-for-stm32.14.3.rel1.win32_1.0.100.202602081740/tools/bin/../lib/gcc/arm-none-eabi/14.3.1/thumb/v7e-m+fp/hard\libgcc.a(_udivmoddi4.o)
 .ARM.attributes
                0x00000851       0x22 C:/ST/STM32CubeIDE_2.1.1/STM32CubeIDE/plugins/com.st.stm32cube.ide.mcu.externaltools.gnu-tools-for-stm32.14.3.rel1.win32_1.0.100.202602081740/tools/bin/../lib/gcc/arm-none-eabi/14.3.1/thumb/v7e-m+fp/hard\libgcc.a(_dvmd_tls.o)
 .ARM.attributes
                0x00000873       0x22 C:/ST/STM32CubeIDE_2.1.1/STM32CubeIDE/plugins/com.st.stm32cube.ide.mcu.externaltools.gnu-tools-for-stm32.14.3.rel1.win32_1.0.100.202602081740/tools/bin/../lib/gcc/arm-none-eabi/14.3.1/thumb/v7e-m+fp/hard/crtn.o
OUTPUT(Course_Proj_Final.elf elf32-littlearm)
LOAD linker stubs
LOAD C:/ST/STM32CubeIDE_2.1.1/STM32CubeIDE/plugins/com.st.stm32cube.ide.mcu.externaltools.gnu-tools-for-stm32.14.3.rel1.win32_1.0.100.202602081740/tools/bin/../lib/gcc/arm-none-eabi/14.3.1/../../../../arm-none-eabi/lib/thumb/v7e-m+fp/hard\libc.a
LOAD C:/ST/STM32CubeIDE_2.1.1/STM32CubeIDE/plugins/com.st.stm32cube.ide.mcu.externaltools.gnu-tools-for-stm32.14.3.rel1.win32_1.0.100.202602081740/tools/bin/../lib/gcc/arm-none-eabi/14.3.1/../../../../arm-none-eabi/lib/thumb/v7e-m+fp/hard\libm.a
LOAD C:/ST/STM32CubeIDE_2.1.1/STM32CubeIDE/plugins/com.st.stm32cube.ide.mcu.externaltools.gnu-tools-for-stm32.14.3.rel1.win32_1.0.100.202602081740/tools/bin/../lib/gcc/arm-none-eabi/14.3.1/thumb/v7e-m+fp/hard\libgcc.a

.debug_info     0x00000000    0x1f64d
 .debug_info    0x00000000      0x925 ./Core/Src/App.o
 .debug_info    0x00000925      0x16e ./Core/Src/Mode_Select.o
 .debug_info    0x00000a93      0x53c ./Core/Src/State_Machine.o
 .debug_info    0x00000fcf      0x3ed ./Core/Src/Stepper_Motion.o
 .debug_info    0x000013bc      0x99a ./Core/Src/TMC_Drivers.o
 .debug_info    0x00001d56     0x1be4 ./Core/Src/main.o
 .debug_info    0x0000393a     0x11d1 ./Core/Src/pressure_system.o
 .debug_info    0x00004b0b     0x18ff ./Core/Src/stm32f4xx_hal_msp.o
 .debug_info    0x0000640a      0xb2a ./Core/Src/stm32f4xx_it.o
 .debug_info    0x00006f34      0x53e ./Core/Src/system_stm32f4xx.o
 .debug_info    0x00007472       0x30 ./Core/Startup/startup_stm32f411ceux.o
 .debug_info    0x000074a2      0x8c4 ./Drivers/STM32F4xx_HAL_Driver/Src/stm32f4xx_hal.o
 .debug_info    0x00007d66      0xce0 ./Drivers/STM32F4xx_HAL_Driver/Src/stm32f4xx_hal_adc.o
 .debug_info    0x00008a46      0xb65 ./Drivers/STM32F4xx_HAL_Driver/Src/stm32f4xx_hal_adc_ex.o
 .debug_info    0x000095ab      0xcfc ./Drivers/STM32F4xx_HAL_Driver/Src/stm32f4xx_hal_cortex.o
 .debug_info    0x0000a2a7      0x8e6 ./Drivers/STM32F4xx_HAL_Driver/Src/stm32f4xx_hal_dma.o
 .debug_info    0x0000ab8d      0x6f9 ./Drivers/STM32F4xx_HAL_Driver/Src/stm32f4xx_hal_gpio.o
 .debug_info    0x0000b286      0xe07 ./Drivers/STM32F4xx_HAL_Driver/Src/stm32f4xx_hal_i2s.o
 .debug_info    0x0000c08d      0xab3 ./Drivers/STM32F4xx_HAL_Driver/Src/stm32f4xx_hal_i2s_ex.o
 .debug_info    0x0000cb40     0x1577 ./Drivers/STM32F4xx_HAL_Driver/Src/stm32f4xx_hal_pcd.o
 .debug_info    0x0000e0b7      0x6ea ./Drivers/STM32F4xx_HAL_Driver/Src/stm32f4xx_hal_pcd_ex.o
 .debug_info    0x0000e7a1      0x904 ./Drivers/STM32F4xx_HAL_Driver/Src/stm32f4xx_hal_rcc.o
 .debug_info    0x0000f0a5      0x5a1 ./Drivers/STM32F4xx_HAL_Driver/Src/stm32f4xx_hal_rcc_ex.o
 .debug_info    0x0000f646     0x1530 ./Drivers/STM32F4xx_HAL_Driver/Src/stm32f4xx_hal_spi.o
 .debug_info    0x00010b76     0x2996 ./Drivers/STM32F4xx_HAL_Driver/Src/stm32f4xx_hal_tim.o
 .debug_info    0x0001350c     0x14d4 ./Drivers/STM32F4xx_HAL_Driver/Src/stm32f4xx_hal_tim_ex.o
 .debug_info    0x000149e0     0x2f56 ./Drivers/STM32F4xx_HAL_Driver/Src/stm32f4xx_hal_uart.o
 .debug_info    0x00017936     0x1993 ./Drivers/STM32F4xx_HAL_Driver/Src/stm32f4xx_ll_usb.o
 .debug_info    0x000192c9     0x12a5 ./Middlewares/ST/STM32_USB_Device_Library/Class/CDC/Src/usbd_cdc.o
 .debug_info    0x0001a56e      0xe12 ./Middlewares/ST/STM32_USB_Device_Library/Core/Src/usbd_core.o
 .debug_info    0x0001b380      0xaeb ./Middlewares/ST/STM32_USB_Device_Library/Core/Src/usbd_ctlreq.o
 .debug_info    0x0001be6b      0x762 ./Middlewares/ST/STM32_USB_Device_Library/Core/Src/usbd_ioreq.o
 .debug_info    0x0001c5cd      0x70e ./USB_DEVICE/App/usb_device.o
 .debug_info    0x0001ccdb      0x907 ./USB_DEVICE/App/usbd_cdc_if.o
 .debug_info    0x0001d5e2      0x458 ./USB_DEVICE/App/usbd_desc.o
 .debug_info    0x0001da3a     0x1c13 ./USB_DEVICE/Target/usbd_conf.o

.debug_abbrev   0x00000000     0x5022
 .debug_abbrev  0x00000000      0x1cd ./Core/Src/App.o
 .debug_abbrev  0x000001cd       0xe5 ./Core/Src/Mode_Select.o
 .debug_abbrev  0x000002b2      0x231 ./Core/Src/State_Machine.o
 .debug_abbrev  0x000004e3      0x209 ./Core/Src/Stepper_Motion.o
 .debug_abbrev  0x000006ec      0x211 ./Core/Src/TMC_Drivers.o
 .debug_abbrev  0x000008fd      0x2d2 ./Core/Src/main.o
 .debug_abbrev  0x00000bcf      0x36c ./Core/Src/pressure_system.o
 .debug_abbrev  0x00000f3b      0x25d ./Core/Src/stm32f4xx_hal_msp.o
 .debug_abbrev  0x00001198      0x1bf ./Core/Src/stm32f4xx_it.o
 .debug_abbrev  0x00001357      0x11a ./Core/Src/system_stm32f4xx.o
 .debug_abbrev  0x00001471       0x24 ./Core/Startup/startup_stm32f411ceux.o
 .debug_abbrev  0x00001495      0x24b ./Drivers/STM32F4xx_HAL_Driver/Src/stm32f4xx_hal.o
 .debug_abbrev  0x000016e0      0x20e ./Drivers/STM32F4xx_HAL_Driver/Src/stm32f4xx_hal_adc.o
 .debug_abbrev  0x000018ee      0x22c ./Drivers/STM32F4xx_HAL_Driver/Src/stm32f4xx_hal_adc_ex.o
 .debug_abbrev  0x00001b1a      0x31d ./Drivers/STM32F4xx_HAL_Driver/Src/stm32f4xx_hal_cortex.o
 .debug_abbrev  0x00001e37      0x221 ./Drivers/STM32F4xx_HAL_Driver/Src/stm32f4xx_hal_dma.o
 .debug_abbrev  0x00002058      0x1d3 ./Drivers/STM32F4xx_HAL_Driver/Src/stm32f4xx_hal_gpio.o
 .debug_abbrev  0x0000222b      0x26c ./Drivers/STM32F4xx_HAL_Driver/Src/stm32f4xx_hal_i2s.o
 .debug_abbrev  0x00002497      0x285 ./Drivers/STM32F4xx_HAL_Driver/Src/stm32f4xx_hal_i2s_ex.o
 .debug_abbrev  0x0000271c      0x2b6 ./Drivers/STM32F4xx_HAL_Driver/Src/stm32f4xx_hal_pcd.o
 .debug_abbrev  0x000029d2      0x1da ./Drivers/STM32F4xx_HAL_Driver/Src/stm32f4xx_hal_pcd_ex.o
 .debug_abbrev  0x00002bac      0x2b6 ./Drivers/STM32F4xx_HAL_Driver/Src/stm32f4xx_hal_rcc.o
 .debug_abbrev  0x00002e62      0x1b2 ./Drivers/STM32F4xx_HAL_Driver/Src/stm32f4xx_hal_rcc_ex.o
 .debug_abbrev  0x00003014      0x276 ./Drivers/STM32F4xx_HAL_Driver/Src/stm32f4xx_hal_spi.o
 .debug_abbrev  0x0000328a      0x28b ./Drivers/STM32F4xx_HAL_Driver/Src/stm32f4xx_hal_tim.o
 .debug_abbrev  0x00003515      0x296 ./Drivers/STM32F4xx_HAL_Driver/Src/stm32f4xx_hal_tim_ex.o
 .debug_abbrev  0x000037ab      0x31b ./Drivers/STM32F4xx_HAL_Driver/Src/stm32f4xx_hal_uart.o
 .debug_abbrev  0x00003ac6      0x2b3 ./Drivers/STM32F4xx_HAL_Driver/Src/stm32f4xx_ll_usb.o
 .debug_abbrev  0x00003d79      0x2d2 ./Middlewares/ST/STM32_USB_Device_Library/Class/CDC/Src/usbd_cdc.o
 .debug_abbrev  0x0000404b      0x27c ./Middlewares/ST/STM32_USB_Device_Library/Core/Src/usbd_core.o
 .debug_abbrev  0x000042c7      0x26f ./Middlewares/ST/STM32_USB_Device_Library/Core/Src/usbd_ctlreq.o
 .debug_abbrev  0x00004536      0x19a ./Middlewares/ST/STM32_USB_Device_Library/Core/Src/usbd_ioreq.o
 .debug_abbrev  0x000046d0      0x195 ./USB_DEVICE/App/usb_device.o