../Core/Src/main.c:83:5:main	8	static
../Core/Src/main.c:136:6:SystemClock_Config	88	static
../Core/Src/main.c:182:13:MX_ADC1_Init	24	static
../Core/Src/main.c:234:13:MX_I2S2_Init	8	static
../Core/Src/main.c:268:13:MX_SPI3_Init	8	static
../Core/Src/main.c:306:13:MX_TIM2_Init	64	static
../Core/Src/main.c:365:13:MX_TIM3_Init	80	static
../Core/Src/main.c:437:13:MX_USART1_UART_Init	8	static
../Core/Src/main.c:468:13:MX_DMA_Init	16	static
../Core/Src/main.c:486:13:MX_GPIO_Init	40	static
../Core/Src/main.c:537:6:Error_Handler	4	static,ignoring_inline_asm
