../Core/Src/pressure_system.c:114:6:PressureSystem_Init	24	static
../Core/Src/pressure_system.c:157:6:PressureSystem_SetTarget	16	static
../Core/Src/pressure_system.c:168:6:PressureSystem_Stop	8	static
../Core/Src/pressure_system.c:178:6:PressureSystem_Update	16	static
../Core/Src/pressure_system.c:232:13:Pressure_RequestSample	32	static
../Core/Src/pressure_system.c:274:13:PressureAdc_Update	16	static
../Core/Src/pressure_system.c:289:13:Pressure_ProcessCalibrationSample	24	static
../Core/Src/pressure_system.c:328:13:Pressure_FinishCalibration	8	static
../Core/Src/pressure_system.c:371:13:Pressure_ProcessSample	24	static
../Core/Src/pressure_system.c:421:13:PressureControl_Update	48	static
../Core/Src/pressure_system.c:525:13:Fan_SetDutyPercent	24	static
../Core/Src/pressure_system.c:560:6:HAL_ADC_ConvCpltCallback	16	static
../Core/Src/pressure_system.c:574:6:HAL_ADC_ErrorCallback	16	static
../Core/Src/pressure_system.c:584:6:PressureSystem_IsReady	4	static
../Core/Src/pressure_system.c:589:6:PressureSystem_IsEnabled	4	static
../Core/Src/pressure_system.c:594:6:PressureSystem_IsStable	16	static
../Core/Src/pressure_system.c:611:7:PressureSystem_GetPressureKpa	4	static
../Core/Src/pressure_system.c:616:7:PressureSystem_GetTargetKpa	4	static
../Core/Src/pressure_system.c:621:10:PressureSystem_GetFanDutyPercent	4	static
