../Core/Src/State_Machine.c:57:6:State_Machine_Init	8	static
../Core/Src/State_Machine.c:70:6:State_Machine_Task	24	static
../Core/Src/State_Machine.c:289:15:State_Machine_GetState	4	static
../Core/Src/State_Machine.c:294:16:State_Machine_GetFlags	4	static
../Core/Src/State_Machine.c:299:13:State_Machine_ClearFlags	4	static
../Core/Src/State_Machine.c:335:13:Hardware_Init_Request	8	static
../Core/Src/State_Machine.c:345:13:Stepper_Home_Request	16	static
../Core/Src/State_Machine.c:357:13:Stepper_Stop_Request	8	static
../Core/Src/State_Machine.c:363:13:Servo_SetMuted_Request	16	static
../Core/Src/State_Machine.c:377:13:Fan_Enable_Request	24	static
../Core/Src/State_Machine.c:408:13:Live_Harmonizer_Enable_Request	16	static
../Core/Src/State_Machine.c:419:13:Song_Player_Enable_Request	16	static
../Core/Src/State_Machine.c:435:13:Song_Player_Start_Request	4	static
../Core/Src/State_Machine.c:447:13:Song_Player_IsDone_Request	4	static
