../Core/Src/State_Machine.c:63:6:State_Machine_Init	8	static
../Core/Src/State_Machine.c:76:6:State_Machine_Task	24	static
../Core/Src/State_Machine.c:352:15:State_Machine_GetState	4	static
../Core/Src/State_Machine.c:357:16:State_Machine_GetFlags	4	static
../Core/Src/State_Machine.c:362:13:State_Machine_ClearFlags	4	static
../Core/Src/State_Machine.c:398:13:Hardware_Init_Request	8	static
../Core/Src/State_Machine.c:408:13:Stepper_Home_Request	16	static
../Core/Src/State_Machine.c:420:13:Stepper_Stop_Request	8	static
../Core/Src/State_Machine.c:426:13:Servo_SetMuted_Request	16	static
../Core/Src/State_Machine.c:440:13:Fan_Enable_Request	24	static
../Core/Src/State_Machine.c:471:13:Live_Harmonizer_Enable_Request	16	static
../Core/Src/State_Machine.c:482:13:Song_Player_Enable_Request	16	static
../Core/Src/State_Machine.c:498:13:Song_Player_Start_Request	4	static
../Core/Src/State_Machine.c:510:13:Song_Player_IsDone_Request	4	static
../Core/Src/State_Machine.c:530:13:Stepper_DebugPercent_Task	16	static
