../Core/Src/State_Machine.c:68:6:State_Machine_Init	8	static
../Core/Src/State_Machine.c:81:6:State_Machine_Task	24	static
../Core/Src/State_Machine.c:365:15:State_Machine_GetState	4	static
../Core/Src/State_Machine.c:370:16:State_Machine_GetFlags	4	static
../Core/Src/State_Machine.c:375:13:State_Machine_ClearFlags	4	static
../Core/Src/State_Machine.c:411:13:Hardware_Init_Request	8	static
../Core/Src/State_Machine.c:421:13:Stepper_Home_Request	16	static
../Core/Src/State_Machine.c:433:13:Stepper_Stop_Request	8	static
../Core/Src/State_Machine.c:439:13:Servo_SetMuted_Request	16	static
../Core/Src/State_Machine.c:453:13:Fan_Enable_Request	24	static
../Core/Src/State_Machine.c:484:13:Live_Harmonizer_Enable_Request	16	static
../Core/Src/State_Machine.c:495:13:Song_Player_Enable_Request	16	static
../Core/Src/State_Machine.c:511:13:Song_Player_Start_Request	4	static
../Core/Src/State_Machine.c:523:13:Song_Player_IsDone_Request	4	static
../Core/Src/State_Machine.c:543:13:Stepper_DebugPercent_Task	16	static
