../Core/Src/Stepper_Motion.c:58:13:Stepper_HomeSwitchTriggered	16	static
../Core/Src/Stepper_Motion.c:72:16:Stepper_ClampSteps	16	static
../Core/Src/Stepper_Motion.c:87:13:Stepper_ApplyNormalCurrent	8	static
../Core/Src/Stepper_Motion.c:96:13:Stepper_ApplyPercentCurrent	8	static
../Core/Src/Stepper_Motion.c:104:6:Stepper_Init	8	static
../Core/Src/Stepper_Motion.c:121:6:Stepper_ApplySafeProfile	8	static
../Core/Src/Stepper_Motion.c:135:6:Stepper_ApplyNormalProfile	8	static
../Core/Src/Stepper_Motion.c:148:9:Stepper_GetPositionSteps	16	static
../Core/Src/Stepper_Motion.c:159:7:Stepper_GetPositionPercent	16	static
../Core/Src/Stepper_Motion.c:182:6:Stepper_IsHomed	4	static
../Core/Src/Stepper_Motion.c:188:6:Stepper_ForceHomedForTesting	16	static
../Core/Src/Stepper_Motion.c:195:6:Stepper_Stop	16	static
../Core/Src/Stepper_Motion.c:205:17:Stepper_Home	16	static
../Core/Src/Stepper_Motion.c:282:17:Stepper_MoveToAbsSteps	16	static
../Core/Src/Stepper_Motion.c:301:17:Stepper_MoveToRelSteps	24	static
../Core/Src/Stepper_Motion.c:309:17:Stepper_MoveToPercent	24	static
