../Core/Src/Stepper_Motion.c:46:13:Stepper_HomeSwitchTriggered	16	static
../Core/Src/Stepper_Motion.c:60:16:Stepper_ClampSteps	16	static
../Core/Src/Stepper_Motion.c:76:6:Stepper_Init	8	static
../Core/Src/Stepper_Motion.c:93:6:Stepper_ApplySafeProfile	8	static
../Core/Src/Stepper_Motion.c:107:6:Stepper_ApplyNormalProfile	8	static
../Core/Src/Stepper_Motion.c:120:9:Stepper_GetPositionSteps	16	static
../Core/Src/Stepper_Motion.c:131:7:Stepper_GetPositionPercent	16	static
../Core/Src/Stepper_Motion.c:154:6:Stepper_IsHomed	4	static
../Core/Src/Stepper_Motion.c:160:6:Stepper_ForceHomedForTesting	16	static
../Core/Src/Stepper_Motion.c:167:6:Stepper_Stop	16	static
../Core/Src/Stepper_Motion.c:176:17:Stepper_Home	16	static
../Core/Src/Stepper_Motion.c:253:17:Stepper_MoveToAbsSteps	16	static
../Core/Src/Stepper_Motion.c:271:17:Stepper_MoveToRelSteps	24	static
../Core/Src/Stepper_Motion.c:279:17:Stepper_MoveToPercent	24	static
